Archive member included to satisfy reference by file (symbol)

c:/program files (x86)/gnu arm embedded toolchain/10 2021.10/bin/../lib/gcc/arm-none-eabi/10.3.1/../../../../arm-none-eabi/lib/thumb/v7e-m+dp/hard\libc_nano.a(lib_a-exit.o)
                              c:/program files (x86)/gnu arm embedded toolchain/10 2021.10/bin/../lib/gcc/arm-none-eabi/10.3.1/../../../../arm-none-eabi/lib/thumb/v7e-m+dp/hard/crt0.o (exit)
c:/program files (x86)/gnu arm embedded toolchain/10 2021.10/bin/../lib/gcc/arm-none-eabi/10.3.1/../../../../arm-none-eabi/lib/thumb/v7e-m+dp/hard\libc_nano.a(lib_a-impure.o)
                              c:/program files (x86)/gnu arm embedded toolchain/10 2021.10/bin/../lib/gcc/arm-none-eabi/10.3.1/../../../../arm-none-eabi/lib/thumb/v7e-m+dp/hard\libc_nano.a(lib_a-exit.o) (_global_impure_ptr)
c:/program files (x86)/gnu arm embedded toolchain/10 2021.10/bin/../lib/gcc/arm-none-eabi/10.3.1/../../../../arm-none-eabi/lib/thumb/v7e-m+dp/hard\libc_nano.a(lib_a-init.o)
                              c:/program files (x86)/gnu arm embedded toolchain/10 2021.10/bin/../lib/gcc/arm-none-eabi/10.3.1/../../../../arm-none-eabi/lib/thumb/v7e-m+dp/hard/crt0.o (__libc_init_array)
c:/program files (x86)/gnu arm embedded toolchain/10 2021.10/bin/../lib/gcc/arm-none-eabi/10.3.1/../../../../arm-none-eabi/lib/thumb/v7e-m+dp/hard\libc_nano.a(lib_a-memcpy-stub.o)
                              build/queue.o (memcpy)
c:/program files (x86)/gnu arm embedded toolchain/10 2021.10/bin/../lib/gcc/arm-none-eabi/10.3.1/../../../../arm-none-eabi/lib/thumb/v7e-m+dp/hard\libc_nano.a(lib_a-memset.o)
                              c:/program files (x86)/gnu arm embedded toolchain/10 2021.10/bin/../lib/gcc/arm-none-eabi/10.3.1/../../../../arm-none-eabi/lib/thumb/v7e-m+dp/hard/crt0.o (memset)
c:/program files (x86)/gnu arm embedded toolchain/10 2021.10/bin/../lib/gcc/arm-none-eabi/10.3.1/../../../../arm-none-eabi/lib/thumb/v7e-m+dp/hard\libnosys.a(_exit.o)
                              c:/program files (x86)/gnu arm embedded toolchain/10 2021.10/bin/../lib/gcc/arm-none-eabi/10.3.1/../../../../arm-none-eabi/lib/thumb/v7e-m+dp/hard\libc_nano.a(lib_a-exit.o) (_exit)
c:/program files (x86)/gnu arm embedded toolchain/10 2021.10/bin/../lib/gcc/arm-none-eabi/10.3.1/thumb/v7e-m+dp/hard\libgcc.a(_aeabi_uldivmod.o)
                              build/stm32h7xx_hal_uart.o (__aeabi_uldivmod)
c:/program files (x86)/gnu arm embedded toolchain/10 2021.10/bin/../lib/gcc/arm-none-eabi/10.3.1/thumb/v7e-m+dp/hard\libgcc.a(_udivmoddi4.o)
                              c:/program files (x86)/gnu arm embedded toolchain/10 2021.10/bin/../lib/gcc/arm-none-eabi/10.3.1/thumb/v7e-m+dp/hard\libgcc.a(_aeabi_uldivmod.o) (__udivmoddi4)
c:/program files (x86)/gnu arm embedded toolchain/10 2021.10/bin/../lib/gcc/arm-none-eabi/10.3.1/thumb/v7e-m+dp/hard\libgcc.a(_dvmd_tls.o)
                              c:/program files (x86)/gnu arm embedded toolchain/10 2021.10/bin/../lib/gcc/arm-none-eabi/10.3.1/thumb/v7e-m+dp/hard\libgcc.a(_aeabi_uldivmod.o) (__aeabi_ldiv0)

Discarded input sections

 .text          0x00000000        0x0 c:/program files (x86)/gnu arm embedded toolchain/10 2021.10/bin/../lib/gcc/arm-none-eabi/10.3.1/thumb/v7e-m+dp/hard/crti.o
 .data          0x00000000        0x0 c:/program files (x86)/gnu arm embedded toolchain/10 2021.10/bin/../lib/gcc/arm-none-eabi/10.3.1/thumb/v7e-m+dp/hard/crti.o
 .bss           0x00000000        0x0 c:/program files (x86)/gnu arm embedded toolchain/10 2021.10/bin/../lib/gcc/arm-none-eabi/10.3.1/thumb/v7e-m+dp/hard/crti.o
 .data          0x00000000        0x4 c:/program files (x86)/gnu arm embedded toolchain/10 2021.10/bin/../lib/gcc/arm-none-eabi/10.3.1/thumb/v7e-m+dp/hard/crtbegin.o
 .rodata        0x00000000       0x24 c:/program files (x86)/gnu arm embedded toolchain/10 2021.10/bin/../lib/gcc/arm-none-eabi/10.3.1/thumb/v7e-m+dp/hard/crtbegin.o
 .text          0x00000000       0x7c c:/program files (x86)/gnu arm embedded toolchain/10 2021.10/bin/../lib/gcc/arm-none-eabi/10.3.1/../../../../arm-none-eabi/lib/thumb/v7e-m+dp/hard/crt0.o
 .data          0x00000000        0x0 c:/program files (x86)/gnu arm embedded toolchain/10 2021.10/bin/../lib/gcc/arm-none-eabi/10.3.1/../../../../arm-none-eabi/lib/thumb/v7e-m+dp/hard/crt0.o
 .bss           0x00000000        0x0 c:/program files (x86)/gnu arm embedded toolchain/10 2021.10/bin/../lib/gcc/arm-none-eabi/10.3.1/../../../../arm-none-eabi/lib/thumb/v7e-m+dp/hard/crt0.o
 .ARM.extab     0x00000000        0x0 c:/program files (x86)/gnu arm embedded toolchain/10 2021.10/bin/../lib/gcc/arm-none-eabi/10.3.1/../../../../arm-none-eabi/lib/thumb/v7e-m+dp/hard/crt0.o
 .ARM.exidx     0x00000000       0x10 c:/program files (x86)/gnu arm embedded toolchain/10 2021.10/bin/../lib/gcc/arm-none-eabi/10.3.1/../../../../arm-none-eabi/lib/thumb/v7e-m+dp/hard/crt0.o
 .ARM.attributes
[...]
Memory Configuration

Name             Origin             Length             Attributes
FLASH            0x08000000         0x00100000         xr
RAM              0x20000000         0x00020000         xrw
ITCMRAM          0x00000000         0x00010000         xrw
*default*        0x00000000         0xffffffff

Linker script and memory map

LOAD c:/program files (x86)/gnu arm embedded toolchain/10 2021.10/bin/../lib/gcc/arm-none-eabi/10.3.1/thumb/v7e-m+dp/hard/crti.o
LOAD c:/program files (x86)/gnu arm embedded toolchain/10 2021.10/bin/../lib/gcc/arm-none-eabi/10.3.1/thumb/v7e-m+dp/hard/crtbegin.o
LOAD c:/program files (x86)/gnu arm embedded toolchain/10 2021.10/bin/../lib/gcc/arm-none-eabi/10.3.1/../../../../arm-none-eabi/lib/thumb/v7e-m+dp/hard/crt0.o
LOAD build/main.o
LOAD build/stm32h7xx_it.o
LOAD build/stm32h7xx_hal_msp.o
LOAD build/stm32h7xx_hal_cortex.o
LOAD build/stm32h7xx_hal_eth.o
LOAD build/stm32h7xx_hal_eth_ex.o
LOAD build/stm32h7xx_hal_rcc.o
LOAD build/stm32h7xx_hal_rcc_ex.o
LOAD build/stm32h7xx_hal_flash.o
LOAD build/stm32h7xx_hal_flash_ex.o
LOAD build/stm32h7xx_hal_gpio.o
LOAD build/stm32h7xx_hal_hsem.o
LOAD build/stm32h7xx_hal_dma.o
LOAD build/stm32h7xx_hal_dma_ex.o
LOAD build/stm32h7xx_hal_mdma.o
LOAD build/stm32h7xx_hal_pwr.o
LOAD build/stm32h7xx_hal_pwr_ex.o
LOAD build/stm32h7xx_hal.o
LOAD build/stm32h7xx_hal_i2c.o
LOAD build/stm32h7xx_hal_i2c_ex.o
LOAD build/stm32h7xx_hal_exti.o
LOAD build/stm32h7xx_hal_tim.o
LOAD build/stm32h7xx_hal_tim_ex.o
LOAD build/stm32h7xx_hal_uart.o
LOAD build/stm32h7xx_hal_uart_ex.o
LOAD build/stm32h7xx_hal_pcd.o
LOAD build/stm32h7xx_hal_pcd_ex.o
LOAD build/stm32h7xx_ll_usb.o
LOAD build/system_stm32h7xx_dualcore_boot_cm4_cm7.o
LOAD build/freertos.o
LOAD build/stm32h7xx_hal_timebase_tim.o
LOAD build/stm32h7xx_hal_rtc.o
LOAD build/stm32h7xx_hal_rtc_ex.o
LOAD build/croutine.o
LOAD build/event_groups.o
LOAD build/list.o
LOAD build/queue.o
LOAD build/stream_buffer.o
LOAD build/tasks.o
LOAD build/timers.o
LOAD build/cmsis_os2.o
LOAD build/heap_4.o
LOAD build/port.o
LOAD build/startup_stm32h755xx_CM7.o
LOAD c:/program files (x86)/gnu arm embedded toolchain/10 2021.10/bin/../lib/gcc/arm-none-eabi/10.3.1/../../../../arm-none-eabi/lib/thumb/v7e-m+dp/hard\libc_nano.a
LOAD c:/program files (x86)/gnu arm embedded toolchain/10 2021.10/bin/../lib/gcc/arm-none-eabi/10.3.1/../../../../arm-none-eabi/lib/thumb/v7e-m+dp/hard\libm.a
LOAD c:/program files (x86)/gnu arm embedded toolchain/10 2021.10/bin/../lib/gcc/arm-none-eabi/10.3.1/../../../../arm-none-eabi/lib/thumb/v7e-m+dp/hard\libnosys.a
START GROUP
LOAD c:/program files (x86)/gnu arm embedded toolchain/10 2021.10/bin/../lib/gcc/arm-none-eabi/10.3.1/thumb/v7e-m+dp/hard\libgcc.a
LOAD c:/program files (x86)/gnu arm embedded toolchain/10 2021.10/bin/../lib/gcc/arm-none-eabi/10.3.1/../../../../arm-none-eabi/lib/thumb/v7e-m+dp/hard\libc_nano.a
END GROUP
START GROUP
LOAD c:/program files (x86)/gnu arm embedded toolchain/10 2021.10/bin/../lib/gcc/arm-none-eabi/10.3.1/thumb/v7e-m+dp/hard\libgcc.a
LOAD c:/program files (x86)/gnu arm embedded toolchain/10 2021.10/bin/../lib/gcc/arm-none-eabi/10.3.1/../../../../arm-none-eabi/lib/thumb/v7e-m+dp/hard\libc_nano.a
END GROUP
LOAD c:/program files (x86)/gnu arm embedded toolchain/10 2021.10/bin/../lib/gcc/arm-none-eabi/10.3.1/thumb/v7e-m+dp/hard/crtend.o
LOAD c:/program files (x86)/gnu arm embedded toolchain/10 2021.10/bin/../lib/gcc/arm-none-eabi/10.3.1/thumb/v7e-m+dp/hard/crtn.o
                0x20020000                _estack = 0x20020000
                0x00000200                _Min_Heap_Size = 0x200
                0x00000400                _Min_Stack_Size = 0x400

.isr_vector     0x08000000      0x298
                0x08000000                . = ALIGN (0x4)
 *(.isr_vector)
 .isr_vector    0x08000000      0x298 build/startup_stm32h755xx_CM7.o
                0x08000000                g_pfnVectors
                0x08000298                . = ALIGN (0x4)

.text           0x080002a0     0x764c
                0x080002a0                . = ALIGN (0x4)
 *(.text)
 .text          0x080002a0       0x40 c:/program files (x86)/gnu arm embedded toolchain/10 2021.10/bin/../lib/gcc/arm-none-eabi/10.3.1/thumb/v7e-m+dp/hard/crtbegin.o
 .text          0x080002e0       0x30 c:/program files (x86)/gnu arm embedded toolchain/10 2021.10/bin/../lib/gcc/arm-none-eabi/10.3.1/thumb/v7e-m+dp/hard\libgcc.a(_aeabi_uldivmod.o)
                0x080002e0                __aeabi_uldivmod
 .text          0x08000310      0x2d0 c:/program files (x86)/gnu arm embedded toolchain/10 2021.10/bin/../lib/gcc/arm-none-eabi/10.3.1/thumb/v7e-m+dp/hard\libgcc.a(_udivmoddi4.o)
                0x08000310                __udivmoddi4
 .text          0x080005e0        0x4 c:/program files (x86)/gnu arm embedded toolchain/10 2021.10/bin/../lib/gcc/arm-none-eabi/10.3.1/thumb/v7e-m+dp/hard\libgcc.a(_dvmd_tls.o)
                0x080005e0                __aeabi_idiv0
                0x080005e0                __aeabi_ldiv0
 *(.text*)
 .text.MX_GPIO_Init
                0x080005e4       0x9c build/main.o
 .text.MX_DMA_Init
                0x08000680       0x48 build/main.o
 .text.CM7StatusLEDTask
                0x080006c8       0x2c build/main.o
                0x080006c8                CM7StatusLEDTask
 .text.HAL_TIM_PeriodElapsedCallback
                0x080006f4       0x18 build/main.o
                0x080006f4                HAL_TIM_PeriodElapsedCallback
 .text.Error_Handler
                0x0800070c        0x4 build/main.o
                0x0800070c                Error_Handler
 .text.MX_USART3_UART_Init
                0x08000710       0x64 build/main.o
 .text.MX_RTC_Init
                0x08000774       0x8c build/main.o
 .text.SystemClock_Config
                0x08000800       0xa4 build/main.o
                0x08000800                SystemClock_Config
 .text.main     0x080008a4       0xc4 build/main.o
                0x080008a4                main
 .text.NMI_Handler
                0x08000968        0x2 build/stm32h7xx_it.o
                0x08000968                NMI_Handler
 .text.HardFault_Handler
                0x0800096a        0x2 build/stm32h7xx_it.o
                0x0800096a                HardFault_Handler
 .text.MemManage_Handler
                0x0800096c        0x2 build/stm32h7xx_it.o
                0x0800096c                MemManage_Handler
 .text.BusFault_Handler
                0x0800096e        0x2 build/stm32h7xx_it.o
                0x0800096e                BusFault_Handler
 .text.UsageFault_Handler
                0x08000970        0x2 build/stm32h7xx_it.o
                0x08000970                UsageFault_Handler
 .text.DebugMon_Handler
                0x08000972        0x2 build/stm32h7xx_it.o
                0x08000972                DebugMon_Handler
 .text.DMA1_Stream0_IRQHandler
                0x08000974       0x10 build/stm32h7xx_it.o
                0x08000974                DMA1_Stream0_IRQHandler
 .text.DMA1_Stream1_IRQHandler
                0x08000984       0x10 build/stm32h7xx_it.o
                0x08000984                DMA1_Stream1_IRQHandler
 .text.TIM1_UP_IRQHandler
                0x08000994       0x10 build/stm32h7xx_it.o
                0x08000994                TIM1_UP_IRQHandler
 .text.USART3_IRQHandler
                0x080009a4       0x10 build/stm32h7xx_it.o
                0x080009a4                USART3_IRQHandler
 .text.HAL_MspInit
                0x080009b4       0x34 build/stm32h7xx_hal_msp.o
                0x080009b4                HAL_MspInit
 .text.HAL_RTC_MspInit
                0x080009e8       0x50 build/stm32h7xx_hal_msp.o
                0x080009e8                HAL_RTC_MspInit
 .text.HAL_UART_MspInit
                0x08000a38      0x124 build/stm32h7xx_hal_msp.o
                0x08000a38                HAL_UART_MspInit
 .text.HAL_NVIC_SetPriorityGrouping
                0x08000b5c       0x24 build/stm32h7xx_hal_cortex.o
                0x08000b5c                HAL_NVIC_SetPriorityGrouping
 .text.HAL_NVIC_SetPriority
                0x08000b80       0x6c build/stm32h7xx_hal_cortex.o
                0x08000b80                HAL_NVIC_SetPriority
 .text.HAL_NVIC_EnableIRQ
                0x08000bec       0x1c build/stm32h7xx_hal_cortex.o
                0x08000bec                HAL_NVIC_EnableIRQ
 .text.HAL_RCC_OscConfig
                0x08000c08      0x6b4 build/stm32h7xx_hal_rcc.o
                0x08000c08                HAL_RCC_OscConfig
 .text.HAL_RCC_GetSysClockFreq
                0x080012bc      0x1f4 build/stm32h7xx_hal_rcc.o
                0x080012bc                HAL_RCC_GetSysClockFreq
 .text.HAL_RCC_ClockConfig
                0x080014b0      0x294 build/stm32h7xx_hal_rcc.o
                0x080014b0                HAL_RCC_ClockConfig
 .text.HAL_RCC_GetHCLKFreq
                0x08001744       0x44 build/stm32h7xx_hal_rcc.o
                0x08001744                HAL_RCC_GetHCLKFreq
 .text.HAL_RCC_GetPCLK1Freq
                0x08001788       0x24 build/stm32h7xx_hal_rcc.o
                0x08001788                HAL_RCC_GetPCLK1Freq
 .text.HAL_RCC_GetPCLK2Freq
                0x080017ac       0x24 build/stm32h7xx_hal_rcc.o
                0x080017ac                HAL_RCC_GetPCLK2Freq
 .text.HAL_RCC_GetClockConfig
                0x080017d0       0x54 build/stm32h7xx_hal_rcc.o
                0x080017d0                HAL_RCC_GetClockConfig
 .text.RCCEx_PLL2_Config
                0x08001824      0x10c build/stm32h7xx_hal_rcc_ex.o
 .text.RCCEx_PLL3_Config
                0x08001930      0x10c build/stm32h7xx_hal_rcc_ex.o
 .text.HAL_RCCEx_PeriphCLKConfig
                0x08001a3c      0xa8c build/stm32h7xx_hal_rcc_ex.o
                0x08001a3c                HAL_RCCEx_PeriphCLKConfig
 .text.HAL_RCCEx_GetD3PCLK1Freq
                0x080024c8       0x24 build/stm32h7xx_hal_rcc_ex.o
                0x080024c8                HAL_RCCEx_GetD3PCLK1Freq
 .text.HAL_RCCEx_GetPLL2ClockFreq
                0x080024ec      0x1f8 build/stm32h7xx_hal_rcc_ex.o
                0x080024ec                HAL_RCCEx_GetPLL2ClockFreq
 .text.HAL_RCCEx_GetPLL3ClockFreq
                0x080026e4      0x1f8 build/stm32h7xx_hal_rcc_ex.o
                0x080026e4                HAL_RCCEx_GetPLL3ClockFreq
 .text.HAL_GPIO_Init
                0x080028dc      0x220 build/stm32h7xx_hal_gpio.o
                0x080028dc                HAL_GPIO_Init
 .text.HAL_GPIO_WritePin
                0x08002afc        0xc build/stm32h7xx_hal_gpio.o
                0x08002afc                HAL_GPIO_WritePin
 .text.HAL_GPIO_TogglePin
                0x08002b08       0x12 build/stm32h7xx_hal_gpio.o
                0x08002b08                HAL_GPIO_TogglePin
 *fill*         0x08002b1a        0x2 
 .text.HAL_HSEM_FastTake
                0x08002b1c       0x20 build/stm32h7xx_hal_hsem.o
                0x08002b1c                HAL_HSEM_FastTake
 .text.HAL_HSEM_Release
                0x08002b3c       0x10 build/stm32h7xx_hal_hsem.o
                0x08002b3c                HAL_HSEM_Release
 .text.DMA_SetConfig
                0x08002b4c      0x1b4 build/stm32h7xx_hal_dma.o
 .text.DMA_CalcBaseAndBitshift
                0x08002d00       0xb4 build/stm32h7xx_hal_dma.o
 .text.DMA_CheckFifoParam
                0x08002db4       0x92 build/stm32h7xx_hal_dma.o
 *fill*         0x08002e46        0x2 
 .text.DMA_CalcDMAMUXChannelBaseAndMask
                0x08002e48       0xb0 build/stm32h7xx_hal_dma.o
 .text.DMA_CalcDMAMUXRequestGenBaseAndMask
                0x08002ef8       0x7c build/stm32h7xx_hal_dma.o
 .text.HAL_DMA_Init
                0x08002f74      0x3a4 build/stm32h7xx_hal_dma.o
                0x08002f74                HAL_DMA_Init
 .text.HAL_DMA_Start_IT
                0x08003318      0x298 build/stm32h7xx_hal_dma.o
                0x08003318                HAL_DMA_Start_IT
 .text.HAL_DMA_Abort
                0x080035b0      0x340 build/stm32h7xx_hal_dma.o
                0x080035b0                HAL_DMA_Abort
 .text.HAL_DMA_Abort_IT
                0x080038f0      0x270 build/stm32h7xx_hal_dma.o
                0x080038f0                HAL_DMA_Abort_IT
 .text.HAL_DMA_IRQHandler
                0x08003b60      0x738 build/stm32h7xx_hal_dma.o
                0x08003b60                HAL_DMA_IRQHandler
 .text.HAL_PWREx_ConfigSupply
                0x08004298       0x94 build/stm32h7xx_hal_pwr_ex.o
                0x08004298                HAL_PWREx_ConfigSupply
 .text.HAL_Init
                0x0800432c       0x5c build/stm32h7xx_hal.o
                0x0800432c                HAL_Init
 .text.HAL_IncTick
                0x08004388       0x18 build/stm32h7xx_hal.o
                0x08004388                HAL_IncTick
 .text.HAL_GetTick
                0x080043a0        0xc build/stm32h7xx_hal.o
                0x080043a0                HAL_GetTick
 .text.HAL_GetREVID
                0x080043ac        0xc build/stm32h7xx_hal.o
                0x080043ac                HAL_GetREVID
 .text.HAL_TIM_Base_MspInit
                0x080043b8        0x2 build/stm32h7xx_hal_tim.o
                0x080043b8                HAL_TIM_Base_MspInit
 *fill*         0x080043ba        0x2 
 .text.HAL_TIM_Base_Start_IT
                0x080043bc       0x90 build/stm32h7xx_hal_tim.o
                0x080043bc                HAL_TIM_Base_Start_IT
 .text.HAL_TIM_OC_DelayElapsedCallback
                0x0800444c        0x2 build/stm32h7xx_hal_tim.o
                0x0800444c                HAL_TIM_OC_DelayElapsedCallback
 .text.HAL_TIM_IC_CaptureCallback
                0x0800444e        0x2 build/stm32h7xx_hal_tim.o
                0x0800444e                HAL_TIM_IC_CaptureCallback
 .text.HAL_TIM_PWM_PulseFinishedCallback
                0x08004450        0x2 build/stm32h7xx_hal_tim.o
                0x08004450                HAL_TIM_PWM_PulseFinishedCallback
 .text.HAL_TIM_TriggerCallback
                0x08004452        0x2 build/stm32h7xx_hal_tim.o
                0x08004452                HAL_TIM_TriggerCallback
 .text.HAL_TIM_IRQHandler
                0x08004454      0x19a build/stm32h7xx_hal_tim.o
                0x08004454                HAL_TIM_IRQHandler
 *fill*         0x080045ee        0x2 
 .text.TIM_Base_SetConfig
                0x080045f0      0x104 build/stm32h7xx_hal_tim.o
                0x080045f0                TIM_Base_SetConfig
 .text.HAL_TIM_Base_Init
                0x080046f4       0x60 build/stm32h7xx_hal_tim.o
                0x080046f4                HAL_TIM_Base_Init
 .text.HAL_TIMEx_CommutCallback
                0x08004754        0x2 build/stm32h7xx_hal_tim_ex.o
                0x08004754                HAL_TIMEx_CommutCallback
 .text.HAL_TIMEx_BreakCallback
                0x08004756        0x2 build/stm32h7xx_hal_tim_ex.o
                0x08004756                HAL_TIMEx_BreakCallback
 .text.HAL_TIMEx_Break2Callback
                0x08004758        0x2 build/stm32h7xx_hal_tim_ex.o
                0x08004758                HAL_TIMEx_Break2Callback
 .text.UART_EndTxTransfer
                0x0800475a       0x32 build/stm32h7xx_hal_uart.o
 .text.UART_EndRxTransfer
                0x0800478c       0x58 build/stm32h7xx_hal_uart.o
 .text.HAL_UART_Transmit_DMA
                0x080047e4       0x9c build/stm32h7xx_hal_uart.o
                0x080047e4                HAL_UART_Transmit_DMA
 .text.HAL_UART_TxCpltCallback
                0x08004880        0x2 build/stm32h7xx_hal_uart.o
                0x08004880                HAL_UART_TxCpltCallback
 .text.UART_DMATransmitCplt
                0x08004882       0x46 build/stm32h7xx_hal_uart.o
 .text.UART_EndTransmit_IT
                0x080048c8       0x24 build/stm32h7xx_hal_uart.o
 .text.HAL_UART_TxHalfCpltCallback
                0x080048ec        0x2 build/stm32h7xx_hal_uart.o
                0x080048ec                HAL_UART_TxHalfCpltCallback
 .text.UART_DMATxHalfCplt
                0x080048ee        0xa build/stm32h7xx_hal_uart.o
 .text.HAL_UART_ErrorCallback
                0x080048f8        0x2 build/stm32h7xx_hal_uart.o
                0x080048f8                HAL_UART_ErrorCallback
 .text.UART_DMAError
                0x080048fa       0x58 build/stm32h7xx_hal_uart.o
 .text.UART_DMAAbortOnError
                0x08004952       0x14 build/stm32h7xx_hal_uart.o
 .text.HAL_UARTEx_RxEventCallback
                0x08004966        0x2 build/stm32h7xx_hal_uart.o
                0x08004966                HAL_UARTEx_RxEventCallback
 .text.HAL_UART_IRQHandler
                0x08004968      0x3b8 build/stm32h7xx_hal_uart.o
                0x08004968                HAL_UART_IRQHandler
 .text.UART_SetConfig
                0x08004d20      0x5f4 build/stm32h7xx_hal_uart.o
                0x08004d20                UART_SetConfig
 .text.UART_AdvFeatureConfig
                0x08005314       0xca build/stm32h7xx_hal_uart.o
                0x08005314                UART_AdvFeatureConfig
 .text.UART_WaitOnFlagUntilTimeout
                0x080053de       0x9a build/stm32h7xx_hal_uart.o
                0x080053de                UART_WaitOnFlagUntilTimeout
 .text.UART_CheckIdleState
                0x08005478       0xca build/stm32h7xx_hal_uart.o
                0x08005478                UART_CheckIdleState
 .text.HAL_UART_Init
                0x08005542       0x66 build/stm32h7xx_hal_uart.o
                0x08005542                HAL_UART_Init
 .text.UARTEx_SetNbDataToProcess
                0x080055a8       0x4c build/stm32h7xx_hal_uart_ex.o
 .text.HAL_UARTEx_WakeupCallback
                0x080055f4        0x2 build/stm32h7xx_hal_uart_ex.o
                0x080055f4                HAL_UARTEx_WakeupCallback
 .text.HAL_UARTEx_RxFifoFullCallback
                0x080055f6        0x2 build/stm32h7xx_hal_uart_ex.o
                0x080055f6                HAL_UARTEx_RxFifoFullCallback
 .text.HAL_UARTEx_TxFifoEmptyCallback
                0x080055f8        0x2 build/stm32h7xx_hal_uart_ex.o
                0x080055f8                HAL_UARTEx_TxFifoEmptyCallback
 .text.HAL_UARTEx_EnableFifoMode
                0x080055fa       0x48 build/stm32h7xx_hal_uart_ex.o
                0x080055fa                HAL_UARTEx_EnableFifoMode
 .text.HAL_UARTEx_SetTxFifoThreshold
                0x08005642       0x4a build/stm32h7xx_hal_uart_ex.o
                0x08005642                HAL_UARTEx_SetTxFifoThreshold
 .text.HAL_UARTEx_SetRxFifoThreshold
                0x0800568c       0x4a build/stm32h7xx_hal_uart_ex.o
                0x0800568c                HAL_UARTEx_SetRxFifoThreshold
 *fill*         0x080056d6        0x2 
 .text.SystemInit
                0x080056d8       0xe4 build/system_stm32h7xx_dualcore_boot_cm4_cm7.o
                0x080056d8                SystemInit
 .text.HAL_InitTick
                0x080057bc       0x90 build/stm32h7xx_hal_timebase_tim.o
                0x080057bc                HAL_InitTick
 .text.HAL_RTC_WaitForSynchro
                0x0800584c       0x34 build/stm32h7xx_hal_rtc.o
                0x0800584c                HAL_RTC_WaitForSynchro
 .text.RTC_EnterInitMode
                0x08005880       0x44 build/stm32h7xx_hal_rtc.o
                0x08005880                RTC_EnterInitMode
 .text.RTC_ExitInitMode
                0x080058c4       0x50 build/stm32h7xx_hal_rtc.o
                0x080058c4                RTC_ExitInitMode
 .text.HAL_RTC_Init
                0x08005914       0xa4 build/stm32h7xx_hal_rtc.o
                0x08005914                HAL_RTC_Init
 .text.RTC_ByteToBcd2
                0x080059b8       0x16 build/stm32h7xx_hal_rtc.o
                0x080059b8                RTC_ByteToBcd2
 *fill*         0x080059ce        0x2 
 .text.HAL_RTC_SetTime
                0x080059d0       0xc8 build/stm32h7xx_hal_rtc.o
                0x080059d0                HAL_RTC_SetTime
 .text.HAL_RTC_SetDate
                0x08005a98       0xa8 build/stm32h7xx_hal_rtc.o
                0x08005a98                HAL_RTC_SetDate
 .text.vListInitialise
                0x08005b40       0x16 build/list.o
                0x08005b40                vListInitialise
 .text.vListInitialiseItem
                0x08005b56        0x6 build/list.o
                0x08005b56                vListInitialiseItem
 .text.vListInsertEnd
                0x08005b5c       0x16 build/list.o
                0x08005b5c                vListInsertEnd
 .text.vListInsert
                0x08005b72       0x32 build/list.o
                0x08005b72                vListInsert
 .text.uxListRemove
                0x08005ba4       0x26 build/list.o
                0x08005ba4                uxListRemove
 .text.prvIsQueueFull
                0x08005bca       0x1e build/queue.o
 .text.prvIsQueueEmpty
                0x08005be8       0x1a build/queue.o
 .text.prvCopyDataToQueue
                0x08005c02       0x76 build/queue.o
 .text.prvCopyDataFromQueue
                0x08005c78       0x24 build/queue.o
 .text.prvUnlockQueue
                0x08005c9c       0x6e build/queue.o
 .text.xQueueGenericReset
                0x08005d0a       0x84 build/queue.o
                0x08005d0a                xQueueGenericReset
 .text.prvInitialiseNewQueue
                0x08005d8e       0x22 build/queue.o
 .text.xQueueGenericCreateStatic
                0x08005db0       0xa6 build/queue.o
                0x08005db0                xQueueGenericCreateStatic
 .text.xQueueGenericSend
                0x08005e56      0x188 build/queue.o
                0x08005e56                xQueueGenericSend
 .text.xQueueGenericSendFromISR
                0x08005fde       0xce build/queue.o
                0x08005fde                xQueueGenericSendFromISR
 .text.xQueueReceive
                0x080060ac      0x15e build/queue.o
                0x080060ac                xQueueReceive
 *fill*         0x0800620a        0x2 
 .text.vQueueAddToRegistry
                0x0800620c       0x28 build/queue.o
                0x0800620c                vQueueAddToRegistry
 .text.vQueueWaitForMessageRestricted
                0x08006234       0x52 build/queue.o
                0x08006234                vQueueWaitForMessageRestricted
 *fill*         0x08006286        0x2 
 .text.prvResetNextTaskUnblockTime
                0x08006288       0x2c build/tasks.o
 .text.prvInitialiseNewTask
                0x080062b4       0xa6 build/tasks.o
 *fill*         0x0800635a        0x2 
 .text.prvInitialiseTaskLists
                0x0800635c       0x68 build/tasks.o
 .text.prvAddNewTaskToReadyList
                0x080063c4       0xac build/tasks.o
 .text.prvDeleteTCB
                0x08006470       0x38 build/tasks.o
 .text.prvCheckTasksWaitingTermination
                0x080064a8       0x4c build/tasks.o
 .text.prvIdleTask
                0x080064f4       0x28 build/tasks.o
 .text.prvAddCurrentTaskToDelayedList
                0x0800651c       0x84 build/tasks.o
 .text.xTaskCreateStatic
                0x080065a0       0x76 build/tasks.o
                0x080065a0                xTaskCreateStatic
 .text.xTaskCreate
                0x08006616       0x68 build/tasks.o
                0x08006616                xTaskCreate
 *fill*         0x0800667e        0x2 
 .text.vTaskStartScheduler
                0x08006680       0x9c build/tasks.o
                0x08006680                vTaskStartScheduler
 .text.vTaskSuspendAll
                0x0800671c       0x10 build/tasks.o
                0x0800671c                vTaskSuspendAll
 .text.xTaskGetTickCount
                0x0800672c        0xc build/tasks.o
                0x0800672c                xTaskGetTickCount
 .text.xTaskIncrementTick
                0x08006738      0x118 build/tasks.o
                0x08006738                xTaskIncrementTick
 .text.xTaskResumeAll
                0x08006850       0xf8 build/tasks.o
                0x08006850                xTaskResumeAll
 .text.vTaskDelay
                0x08006948       0x4c build/tasks.o
                0x08006948                vTaskDelay
 .text.vTaskSwitchContext
                0x08006994       0x94 build/tasks.o
                0x08006994                vTaskSwitchContext
 .text.vTaskPlaceOnEventList
                0x08006a28       0x30 build/tasks.o
                0x08006a28                vTaskPlaceOnEventList
 .text.vTaskPlaceOnEventListRestricted
                0x08006a58       0x38 build/tasks.o
                0x08006a58                vTaskPlaceOnEventListRestricted
 .text.xTaskRemoveFromEventList
                0x08006a90       0x8c build/tasks.o
                0x08006a90                xTaskRemoveFromEventList
 .text.vTaskInternalSetTimeOutState
                0x08006b1c       0x18 build/tasks.o
                0x08006b1c                vTaskInternalSetTimeOutState
 .text.xTaskCheckForTimeOut
                0x08006b34       0x84 build/tasks.o
                0x08006b34                xTaskCheckForTimeOut
 .text.vTaskMissedYield
                0x08006bb8        0xc build/tasks.o
                0x08006bb8                vTaskMissedYield
 .text.xTaskGetSchedulerState
                0x08006bc4       0x20 build/tasks.o
                0x08006bc4                xTaskGetSchedulerState
 .text.xTaskPriorityDisinherit
                0x08006be4       0x90 build/tasks.o
                0x08006be4                xTaskPriorityDisinherit
 .text.prvGetNextExpireTime
                0x08006c74       0x20 build/timers.o
 .text.prvInsertTimerInActiveList
                0x08006c94       0x50 build/timers.o
 .text.prvCheckForValidListAndQueue
                0x08006ce4       0x70 build/timers.o
 .text.xTimerCreateTimerTask
                0x08006d54       0x64 build/timers.o
                0x08006d54                xTimerCreateTimerTask
 .text.xTimerGenericCommand
                0x08006db8       0x6c build/timers.o
                0x08006db8                xTimerGenericCommand
 .text.prvSwitchTimerLists
                0x08006e24       0x7c build/timers.o
 .text.prvSampleTimeNow
                0x08006ea0       0x2c build/timers.o
 .text.prvProcessExpiredTimer
                0x08006ecc       0x6c build/timers.o
 .text.prvProcessTimerOrBlockTask
                0x08006f38       0x78 build/timers.o
 .text.prvProcessReceivedCommands
                0x08006fb0      0x10c build/timers.o
 .text.prvTimerTask
                0x080070bc       0x16 build/timers.o
 .text.SysTick_Handler
                0x080070d2       0x18 build/cmsis_os2.o
                0x080070d2                SysTick_Handler
 *fill*         0x080070ea        0x2 
 .text.osKernelInitialize
                0x080070ec       0x24 build/cmsis_os2.o
                0x080070ec                osKernelInitialize
 .text.osKernelStart
                0x08007110       0x38 build/cmsis_os2.o
                0x08007110                osKernelStart
 .text.osThreadNew
                0x08007148       0xbc build/cmsis_os2.o
                0x08007148                osThreadNew
 .text.osDelay  0x08007204       0x1c build/cmsis_os2.o
                0x08007204                osDelay
 .text.vApplicationGetIdleTaskMemory
                0x08007220       0x18 build/cmsis_os2.o
                0x08007220                vApplicationGetIdleTaskMemory
 .text.vApplicationGetTimerTaskMemory
                0x08007238       0x18 build/cmsis_os2.o
                0x08007238                vApplicationGetTimerTaskMemory
 .text.prvHeapInit
                0x08007250       0x64 build/heap_4.o
 .text.prvInsertBlockIntoFreeList
                0x080072b4       0x64 build/heap_4.o
 .text.pvPortMalloc
                0x08007318       0xfc build/heap_4.o
                0x08007318                pvPortMalloc
 .text.vPortFree
                0x08007414       0x7c build/heap_4.o
                0x08007414                vPortFree
 .text.prvTaskExitError
                0x08007490       0x40 build/port.o
 .text.prvPortStartFirstTask
                0x080074d0       0x28 build/port.o
 .text.vPortEnableVFP
                0x080074f8       0x14 build/port.o
 .text.pxPortInitialiseStack
                0x0800750c       0x2c build/port.o
                0x0800750c                pxPortInitialiseStack
 *fill*         0x08007538        0x8 
 .text.SVC_Handler
                0x08007540       0x24 build/port.o
                0x08007540                SVC_Handler
 .text.vPortEnterCritical
                0x08007564       0x44 build/port.o
                0x08007564                vPortEnterCritical
 .text.vPortExitCritical
                0x080075a8       0x2c build/port.o
                0x080075a8                vPortExitCritical
 *fill*         0x080075d4        0xc 
 .text.PendSV_Handler
                0x080075e0       0x64 build/port.o
                0x080075e0                PendSV_Handler
 .text.xPortSysTickHandler
                0x08007644       0x2c build/port.o
                0x08007644                xPortSysTickHandler
 .text.vPortSetupTimerInterrupt
                0x08007670       0x28 build/port.o
                0x08007670                vPortSetupTimerInterrupt
 .text.xPortStartScheduler
                0x08007698      0x118 build/port.o
                0x08007698                xPortStartScheduler
 .text.vPortValidateInterruptPriority
                0x080077b0       0x5c build/port.o
                0x080077b0                vPortValidateInterruptPriority
 .text.Reset_Handler
                0x0800780c       0x50 build/startup_stm32h755xx_CM7.o
                0x0800780c                Reset_Handler
 .text.Default_Handler
                0x0800785c        0x2 build/startup_stm32h755xx_CM7.o
                0x0800785c                RTC_Alarm_IRQHandler
                0x0800785c                HASH_RNG_IRQHandler
                0x0800785c                EXTI2_IRQHandler
                0x0800785c                TIM8_CC_IRQHandler
                0x0800785c                HRTIM1_Master_IRQHandler
                0x0800785c                UART8_IRQHandler
                0x0800785c                SPI4_IRQHandler
                0x0800785c                TIM1_CC_IRQHandler
                0x0800785c                BDMA_Channel6_IRQHandler
                0x0800785c                DMA2_Stream5_IRQHandler
                0x0800785c                HRTIM1_FLT_IRQHandler
                0x0800785c                JPEG_IRQHandler
                0x0800785c                DMA1_Stream5_IRQHandler
                0x0800785c                BDMA_Channel1_IRQHandler
                0x0800785c                HRTIM1_TIMD_IRQHandler
                0x0800785c                TAMP_STAMP_IRQHandler
                0x0800785c                EXTI3_IRQHandler
                0x0800785c                LPTIM4_IRQHandler
                0x0800785c                TIM8_TRG_COM_TIM14_IRQHandler
                0x0800785c                LPTIM2_IRQHandler
                0x0800785c                DFSDM1_FLT1_IRQHandler
                0x0800785c                DMAMUX2_OVR_IRQHandler
                0x0800785c                TIM8_UP_TIM13_IRQHandler
                0x0800785c                I2C3_ER_IRQHandler
                0x0800785c                DFSDM1_FLT2_IRQHandler
                0x0800785c                MDMA_IRQHandler
                0x0800785c                LPTIM3_IRQHandler
                0x0800785c                HSEM1_IRQHandler
                0x0800785c                EXTI0_IRQHandler
                0x0800785c                I2C2_EV_IRQHandler
                0x0800785c                DMA1_Stream2_IRQHandler
                0x0800785c                FPU_IRQHandler
                0x0800785c                OTG_HS_WKUP_IRQHandler
                0x0800785c                FDCAN1_IT1_IRQHandler
                0x0800785c                LTDC_ER_IRQHandler
                0x0800785c                DMA2_Stream2_IRQHandler
                0x0800785c                HRTIM1_TIME_IRQHandler
                0x0800785c                SPI1_IRQHandler
                0x0800785c                TIM6_DAC_IRQHandler
                0x0800785c                DCMI_IRQHandler
                0x0800785c                HRTIM1_TIMC_IRQHandler
                0x0800785c                DMA2_Stream3_IRQHandler
                0x0800785c                SAI2_IRQHandler
                0x0800785c                DFSDM1_FLT3_IRQHandler
                0x0800785c                USART6_IRQHandler
                0x0800785c                TIM17_IRQHandler
                0x0800785c                BDMA_Channel7_IRQHandler
                0x0800785c                CRYP_IRQHandler
                0x0800785c                LPTIM5_IRQHandler
                0x0800785c                UART5_IRQHandler
                0x0800785c                ADC3_IRQHandler
                0x0800785c                DMA2_Stream0_IRQHandler
                0x0800785c                TIM4_IRQHandler
                0x0800785c                BDMA_Channel2_IRQHandler
                0x0800785c                QUADSPI_IRQHandler
                0x0800785c                I2C1_EV_IRQHandler
                0x0800785c                DMA1_Stream6_IRQHandler
                0x0800785c                DMAMUX1_OVR_IRQHandler
                0x0800785c                TIM16_IRQHandler
                0x0800785c                UART4_IRQHandler
                0x0800785c                BDMA_Channel5_IRQHandler
                0x0800785c                TIM3_IRQHandler
                0x0800785c                RCC_IRQHandler
                0x0800785c                TIM8_BRK_TIM12_IRQHandler
                0x0800785c                TIM1_TRG_COM_IRQHandler
                0x0800785c                Default_Handler
                0x0800785c                ECC_IRQHandler
                0x0800785c                CEC_IRQHandler
                0x0800785c                EXTI15_10_IRQHandler
                0x0800785c                BDMA_Channel0_IRQHandler
                0x0800785c                ADC_IRQHandler
                0x0800785c                DMA1_Stream7_IRQHandler
                0x0800785c                HRTIM1_TIMA_IRQHandler
                0x0800785c                SPI5_IRQHandler
                0x0800785c                TIM7_IRQHandler
                0x0800785c                SDMMC1_IRQHandler
                0x0800785c                TIM5_IRQHandler
                0x0800785c                DMA2_Stream7_IRQHandler
                0x0800785c                TIM15_IRQHandler
                0x0800785c                PVD_AVD_IRQHandler
                0x0800785c                I2C3_EV_IRQHandler
                0x0800785c                EXTI9_5_IRQHandler
                0x0800785c                RTC_WKUP_IRQHandler
                0x0800785c                LTDC_IRQHandler
                0x0800785c                SAI3_IRQHandler
                0x0800785c                ETH_WKUP_IRQHandler
                0x0800785c                SPDIF_RX_IRQHandler
                0x0800785c                SPI2_IRQHandler
                0x0800785c                OTG_HS_EP1_IN_IRQHandler
                0x0800785c                CRS_IRQHandler
                0x0800785c                CM7_SEV_IRQHandler
                0x0800785c                EXTI4_IRQHandler
                0x0800785c                CM4_SEV_IRQHandler
                0x0800785c                HRTIM1_TIMB_IRQHandler
                0x0800785c                FDCAN2_IT1_IRQHandler
                0x0800785c                ETH_IRQHandler
                0x0800785c                WWDG_RST_IRQHandler
                0x0800785c                BDMA_Channel4_IRQHandler
                0x0800785c                OTG_HS_EP1_OUT_IRQHandler
                0x0800785c                WWDG_IRQHandler
                0x0800785c                SPI6_IRQHandler
                0x0800785c                MDIOS_IRQHandler
                0x0800785c                I2C4_EV_IRQHandler
                0x0800785c                FDCAN2_IT0_IRQHandler
                0x0800785c                LPUART1_IRQHandler
                0x0800785c                FDCAN1_IT0_IRQHandler
                0x0800785c                TIM2_IRQHandler
                0x0800785c                OTG_FS_WKUP_IRQHandler
                0x0800785c                OTG_HS_IRQHandler
                0x0800785c                HSEM2_IRQHandler
                0x0800785c                DMA2D_IRQHandler
                0x0800785c                TIM1_BRK_IRQHandler
                0x0800785c                EXTI1_IRQHandler
                0x0800785c                SDMMC2_IRQHandler
                0x0800785c                OTG_FS_EP1_OUT_IRQHandler
                0x0800785c                BDMA_Channel3_IRQHandler
                0x0800785c                HOLD_CORE_IRQHandler
                0x0800785c                UART7_IRQHandler
                0x0800785c                MDIOS_WKUP_IRQHandler
                0x0800785c                USART2_IRQHandler
                0x0800785c                DFSDM1_FLT0_IRQHandler
                0x0800785c                SAI4_IRQHandler
                0x0800785c                I2C2_ER_IRQHandler
                0x0800785c                DMA2_Stream1_IRQHandler
                0x0800785c                FLASH_IRQHandler
                0x0800785c                DMA2_Stream4_IRQHandler
                0x0800785c                USART1_IRQHandler
                0x0800785c                OTG_FS_IRQHandler
                0x0800785c                SPI3_IRQHandler
                0x0800785c                WAKEUP_PIN_IRQHandler
                0x0800785c                DMA1_Stream4_IRQHandler
                0x0800785c                OTG_FS_EP1_IN_IRQHandler
                0x0800785c                I2C1_ER_IRQHandler
                0x0800785c                FMC_IRQHandler
                0x0800785c                FDCAN_CAL_IRQHandler
                0x0800785c                SWPMI1_IRQHandler
                0x0800785c                COMP1_IRQHandler
                0x0800785c                LPTIM1_IRQHandler
                0x0800785c                I2C4_ER_IRQHandler
                0x0800785c                DMA2_Stream6_IRQHandler
                0x0800785c                SAI1_IRQHandler
                0x0800785c                DMA1_Stream3_IRQHandler
 *fill*         0x0800785e        0x2 
 .text.__libc_init_array
                0x08007860       0x48 c:/program files (x86)/gnu arm embedded toolchain/10 2021.10/bin/../lib/gcc/arm-none-eabi/10.3.1/../../../../arm-none-eabi/lib/thumb/v7e-m+dp/hard\libc_nano.a(lib_a-init.o)
                0x08007860                __libc_init_array
 .text.memcpy   0x080078a8       0x1c c:/program files (x86)/gnu arm embedded toolchain/10 2021.10/bin/../lib/gcc/arm-none-eabi/10.3.1/../../../../arm-none-eabi/lib/thumb/v7e-m+dp/hard\libc_nano.a(lib_a-memcpy-stub.o)
                0x080078a8                memcpy
 .text.memset   0x080078c4       0x10 c:/program files (x86)/gnu arm embedded toolchain/10 2021.10/bin/../lib/gcc/arm-none-eabi/10.3.1/../../../../arm-none-eabi/lib/thumb/v7e-m+dp/hard\libc_nano.a(lib_a-memset.o)
                0x080078c4                memset
 *(.glue_7)
 .glue_7        0x080078d4        0x0 linker stubs
 *(.glue_7t)
 .glue_7t       0x080078d4        0x0 linker stubs
 *(.eh_frame)
 .eh_frame      0x080078d4        0x0 c:/program files (x86)/gnu arm embedded toolchain/10 2021.10/bin/../lib/gcc/arm-none-eabi/10.3.1/thumb/v7e-m+dp/hard/crtbegin.o
 *(.init)
 .init          0x080078d4        0x4 c:/program files (x86)/gnu arm embedded toolchain/10 2021.10/bin/../lib/gcc/arm-none-eabi/10.3.1/thumb/v7e-m+dp/hard/crti.o
                0x080078d4                _init
 .init          0x080078d8        0x8 c:/program files (x86)/gnu arm embedded toolchain/10 2021.10/bin/../lib/gcc/arm-none-eabi/10.3.1/thumb/v7e-m+dp/hard/crtn.o
 *(.fini)
 .fini          0x080078e0        0x4 c:/program files (x86)/gnu arm embedded toolchain/10 2021.10/bin/../lib/gcc/arm-none-eabi/10.3.1/thumb/v7e-m+dp/hard/crti.o
                0x080078e0                _fini
 .fini          0x080078e4        0x8 c:/program files (x86)/gnu arm embedded toolchain/10 2021.10/bin/../lib/gcc/arm-none-eabi/10.3.1/thumb/v7e-m+dp/hard/crtn.o
                0x080078ec                . = ALIGN (0x4)
                0x080078ec                _etext = .

.vfp11_veneer   0x080078ec        0x0
 .vfp11_veneer  0x080078ec        0x0 linker stubs

.v4_bx          0x080078ec        0x0
 .v4_bx         0x080078ec        0x0 linker stubs

.iplt           0x080078ec        0x0
 .iplt          0x080078ec        0x0 c:/program files (x86)/gnu arm embedded toolchain/10 2021.10/bin/../lib/gcc/arm-none-eabi/10.3.1/thumb/v7e-m+dp/hard/crtbegin.o

.rodata         0x080078ec       0xb8
                0x080078ec                . = ALIGN (0x4)
 *(.rodata)
 *(.rodata*)
 .rodata.CM7StatusLEDTask.str1.4
                0x080078ec        0x7 build/main.o
 *fill*         0x080078f3        0x1 
 .rodata.main.str1.4
                0x080078f4       0x24 build/main.o
 .rodata.str1.4
                0x08007918        0xd build/main.o
 *fill*         0x08007925        0x3 
 .rodata.CM7StatusLED_attributes
                0x08007928       0x24 build/main.o
                0x08007928                CM7StatusLED_attributes
 .rodata.flagBitshiftOffset.0
                0x0800794c        0x8 build/stm32h7xx_hal_dma.o
 .rodata.UARTPrescTable
                0x08007954       0x18 build/stm32h7xx_hal_uart.o
                0x08007954                UARTPrescTable
 .rodata.denominator.0
                0x0800796c        0x8 build/stm32h7xx_hal_uart_ex.o
 .rodata.numerator.1
                0x08007974        0x8 build/stm32h7xx_hal_uart_ex.o
 .rodata.D1CorePrescTable
                0x0800797c       0x10 build/system_stm32h7xx_dualcore_boot_cm4_cm7.o
                0x0800797c                D1CorePrescTable
 .rodata.vTaskStartScheduler.str1.4
                0x0800798c        0x5 build/tasks.o
 *fill*         0x08007991        0x3 
 .rodata.prvCheckForValidListAndQueue.str1.4
                0x08007994        0x5 build/timers.o
 *fill*         0x08007999        0x3 
 .rodata.xTimerCreateTimerTask.str1.4
                0x0800799c        0x8 build/timers.o
                0x080079a4                . = ALIGN (0x4)

.ARM.extab
 *(.ARM.extab* .gnu.linkonce.armextab.*)

.ARM            0x080079a4        0x8
                0x080079a4                __exidx_start = .
 *(.ARM.exidx*)
 .ARM.exidx     0x080079a4        0x8 c:/program files (x86)/gnu arm embedded toolchain/10 2021.10/bin/../lib/gcc/arm-none-eabi/10.3.1/thumb/v7e-m+dp/hard\libgcc.a(_udivmoddi4.o)
                0x080079ac                __exidx_end = .

.rel.dyn        0x080079ac        0x0
 .rel.iplt      0x080079ac        0x0 c:/program files (x86)/gnu arm embedded toolchain/10 2021.10/bin/../lib/gcc/arm-none-eabi/10.3.1/thumb/v7e-m+dp/hard/crtbegin.o

.preinit_array  0x080079ac        0x0
                0x080079ac                PROVIDE (__preinit_array_start = .)
 *(.preinit_array*)
                0x080079ac                PROVIDE (__preinit_array_end = .)

.init_array     0x080079ac        0x4
                0x080079ac                PROVIDE (__init_array_start = .)
 *(SORT_BY_NAME(.init_array.*))
 *(.init_array*)
 .init_array    0x080079ac        0x4 c:/program files (x86)/gnu arm embedded toolchain/10 2021.10/bin/../lib/gcc/arm-none-eabi/10.3.1/thumb/v7e-m+dp/hard/crtbegin.o
                0x080079b0                PROVIDE (__init_array_end = .)

.fini_array     0x080079b0        0x4
                [!provide]                PROVIDE (__fini_array_start = .)
 *(SORT_BY_NAME(.fini_array.*))
 *(.fini_array*)
 .fini_array    0x080079b0        0x4 c:/program files (x86)/gnu arm embedded toolchain/10 2021.10/bin/../lib/gcc/arm-none-eabi/10.3.1/thumb/v7e-m+dp/hard/crtbegin.o
                [!provide]                PROVIDE (__fini_array_end = .)
                0x080079b4                _sidata = LOADADDR (.data)

.data           0x20000000       0x14 load address 0x080079b4
                0x20000000                . = ALIGN (0x4)
                0x20000000                _sdata = .
 *(.data)
 *(.data*)
 .data.uwTickFreq
                0x20000000        0x1 build/stm32h7xx_hal.o
                0x20000000                uwTickFreq
 *fill*         0x20000001        0x3 
 .data.uwTickPrio
                0x20000004        0x4 build/stm32h7xx_hal.o
                0x20000004                uwTickPrio
 .data.SystemCoreClock
                0x20000008        0x4 build/system_stm32h7xx_dualcore_boot_cm4_cm7.o
                0x20000008                SystemCoreClock
 .data.SystemD2Clock
                0x2000000c        0x4 build/system_stm32h7xx_dualcore_boot_cm4_cm7.o
                0x2000000c                SystemD2Clock
 .data.uxCriticalNesting
                0x20000010        0x4 build/port.o
                0x20000014                . = ALIGN (0x4)
                0x20000014                _edata = .

.igot.plt       0x20000014        0x0 load address 0x080079c8
 .igot.plt      0x20000014        0x0 c:/program files (x86)/gnu arm embedded toolchain/10 2021.10/bin/../lib/gcc/arm-none-eabi/10.3.1/thumb/v7e-m+dp/hard/crtbegin.o
                0x20000014                . = ALIGN (0x4)

.bss            0x20000014     0x4b68 load address 0x080079c8
                0x20000014                _sbss = .
                0x20000014                __bss_start__ = _sbss
 *(.bss)
 .bss           0x20000014       0x1c c:/program files (x86)/gnu arm embedded toolchain/10 2021.10/bin/../lib/gcc/arm-none-eabi/10.3.1/thumb/v7e-m+dp/hard/crtbegin.o
 *(.bss*)
 .bss.CM7StatusLEDHandle
                0x20000030        0x4 build/main.o
                0x20000030                CM7StatusLEDHandle
 .bss.hdma_usart3_rx
                0x20000034       0x78 build/main.o
                0x20000034                hdma_usart3_rx
 .bss.hdma_usart3_tx
                0x200000ac       0x78 build/main.o
                0x200000ac                hdma_usart3_tx
 .bss.hrtc      0x20000124       0x24 build/main.o
                0x20000124                hrtc
 .bss.huart3    0x20000148       0x94 build/main.o
                0x20000148                huart3
 .bss.uwTick    0x200001dc        0x4 build/stm32h7xx_hal.o
                0x200001dc                uwTick
 .bss.htim1     0x200001e0       0x4c build/stm32h7xx_hal_timebase_tim.o
                0x200001e0                htim1
 .bss.xQueueRegistry
                0x2000022c       0x40 build/queue.o
                0x2000022c                xQueueRegistry
 .bss.pxCurrentTCB
                0x2000026c        0x4 build/tasks.o
                0x2000026c                pxCurrentTCB
 .bss.pxDelayedTaskList
                0x20000270        0x4 build/tasks.o
 .bss.pxOverflowDelayedTaskList
                0x20000274        0x4 build/tasks.o
 .bss.pxReadyTasksLists
                0x20000278      0x460 build/tasks.o
 .bss.uxCurrentNumberOfTasks
                0x200006d8        0x4 build/tasks.o
 .bss.uxDeletedTasksWaitingCleanUp
                0x200006dc        0x4 build/tasks.o
 .bss.uxSchedulerSuspended
                0x200006e0        0x4 build/tasks.o
 .bss.uxTaskNumber
                0x200006e4        0x4 build/tasks.o
 .bss.uxTopReadyPriority
                0x200006e8        0x4 build/tasks.o
 .bss.xDelayedTaskList1
                0x200006ec       0x14 build/tasks.o
 .bss.xDelayedTaskList2
                0x20000700       0x14 build/tasks.o
 .bss.xIdleTaskHandle
                0x20000714        0x4 build/tasks.o
 .bss.xNextTaskUnblockTime
                0x20000718        0x4 build/tasks.o
 .bss.xNumOfOverflows
                0x2000071c        0x4 build/tasks.o
 .bss.xPendedTicks
                0x20000720        0x4 build/tasks.o
 .bss.xPendingReadyList
                0x20000724       0x14 build/tasks.o
 .bss.xSchedulerRunning
                0x20000738        0x4 build/tasks.o
 .bss.xSuspendedTaskList
                0x2000073c       0x14 build/tasks.o
 .bss.xTasksWaitingTermination
                0x20000750       0x14 build/tasks.o
 .bss.xTickCount
                0x20000764        0x4 build/tasks.o
 .bss.xYieldPending
                0x20000768        0x4 build/tasks.o
 .bss.pxCurrentTimerList
                0x2000076c        0x4 build/timers.o
 .bss.pxOverflowTimerList
                0x20000770        0x4 build/timers.o
 .bss.ucStaticTimerQueueStorage.1
                0x20000774       0xa0 build/timers.o
 .bss.xActiveTimerList1
                0x20000814       0x14 build/timers.o
 .bss.xActiveTimerList2
                0x20000828       0x14 build/timers.o
 .bss.xLastTime.2
                0x2000083c        0x4 build/timers.o
 .bss.xStaticTimerQueue.0
                0x20000840       0x50 build/timers.o
 .bss.xTimerQueue
                0x20000890        0x4 build/timers.o
 .bss.xTimerTaskHandle
                0x20000894        0x4 build/timers.o
 .bss.Idle_Stack.2
                0x20000898      0x200 build/cmsis_os2.o
 .bss.Idle_TCB.3
                0x20000a98       0x5c build/cmsis_os2.o
 .bss.KernelState
                0x20000af4        0x4 build/cmsis_os2.o
 .bss.Timer_Stack.0
                0x20000af8      0x400 build/cmsis_os2.o
 .bss.Timer_TCB.1
                0x20000ef8       0x5c build/cmsis_os2.o
 .bss.pxEnd     0x20000f54        0x4 build/heap_4.o
 .bss.ucHeap    0x20000f58     0x3c00 build/heap_4.o
 .bss.xBlockAllocatedBit
                0x20004b58        0x4 build/heap_4.o
 .bss.xFreeBytesRemaining
                0x20004b5c        0x4 build/heap_4.o
 .bss.xMinimumEverFreeBytesRemaining
                0x20004b60        0x4 build/heap_4.o
 .bss.xNumberOfSuccessfulAllocations
                0x20004b64        0x4 build/heap_4.o
 .bss.xNumberOfSuccessfulFrees
                0x20004b68        0x4 build/heap_4.o
 .bss.xStart    0x20004b6c        0x8 build/heap_4.o
 .bss.ucMaxSysCallPriority
                0x20004b74        0x1 build/port.o
 *fill*         0x20004b75        0x3 
 .bss.ulMaxPRIGROUPValue
                0x20004b78        0x4 build/port.o
 *(COMMON)
                0x20004b7c                . = ALIGN (0x4)
                0x20004b7c                _ebss = .
                0x20004b7c                __bss_end__ = _ebss

._user_heap_stack
                0x20004b7c      0x604 load address 0x080079c8
                0x20004b80                . = ALIGN (0x8)
 *fill*         0x20004b7c        0x4 
                [!provide]                PROVIDE (end = .)
                [!provide]                PROVIDE (_end = .)
                0x20004d80                . = (. + _Min_Heap_Size)
 *fill*         0x20004b80      0x200 
                0x20005180                . = (. + _Min_Stack_Size)
 *fill*         0x20004d80      0x400 
                0x20005180                . = ALIGN (0x8)

/DISCARD/
 libc.a(*)
 libm.a(*)
 libgcc.a(*)

.ARM.attributes
                0x00000000       0x2e
 *(.ARM.attributes)
 .ARM.attributes
                0x00000000       0x1e c:/program files (x86)/gnu arm embedded toolchain/10 2021.10/bin/../lib/gcc/arm-none-eabi/10.3.1/thumb/v7e-m+dp/hard/crti.o
 .ARM.attributes
                0x0000001e       0x32 c:/program files (x86)/gnu arm embedded toolchain/10 2021.10/bin/../lib/gcc/arm-none-eabi/10.3.1/thumb/v7e-m+dp/hard/crtbegin.o
 .ARM.attributes
                0x00000050       0x32 build/main.o
 .ARM.attributes
                0x00000082       0x32 build/stm32h7xx_it.o
 .ARM.attributes
                0x000000b4       0x32 build/stm32h7xx_hal_msp.o
 .ARM.attributes
                0x000000e6       0x32 build/stm32h7xx_hal_cortex.o
 .ARM.attributes
                0x00000118       0x32 build/stm32h7xx_hal_rcc.o
 .ARM.attributes
                0x0000014a       0x32 build/stm32h7xx_hal_rcc_ex.o
 .ARM.attributes
                0x0000017c       0x32 build/stm32h7xx_hal_gpio.o
 .ARM.attributes
                0x000001ae       0x32 build/stm32h7xx_hal_hsem.o
 .ARM.attributes
                0x000001e0       0x32 build/stm32h7xx_hal_dma.o
 .ARM.attributes
                0x00000212       0x32 build/stm32h7xx_hal_pwr_ex.o
 .ARM.attributes
                0x00000244       0x32 build/stm32h7xx_hal.o
 .ARM.attributes
                0x00000276       0x32 build/stm32h7xx_hal_tim.o
 .ARM.attributes
                0x000002a8       0x32 build/stm32h7xx_hal_tim_ex.o
 .ARM.attributes
                0x000002da       0x32 build/stm32h7xx_hal_uart.o
 .ARM.attributes
                0x0000030c       0x32 build/stm32h7xx_hal_uart_ex.o
 .ARM.attributes
                0x0000033e       0x32 build/system_stm32h7xx_dualcore_boot_cm4_cm7.o
 .ARM.attributes
                0x00000370       0x32 build/stm32h7xx_hal_timebase_tim.o
 .ARM.attributes
                0x000003a2       0x32 build/stm32h7xx_hal_rtc.o
 .ARM.attributes
                0x000003d4       0x32 build/list.o
 .ARM.attributes
                0x00000406       0x32 build/queue.o
 .ARM.attributes
                0x00000438       0x32 build/tasks.o
 .ARM.attributes
                0x0000046a       0x32 build/timers.o
 .ARM.attributes
                0x0000049c       0x32 build/cmsis_os2.o
 .ARM.attributes
                0x000004ce       0x32 build/heap_4.o
 .ARM.attributes
                0x00000500       0x32 build/port.o
 .ARM.attributes
                0x00000532       0x21 build/startup_stm32h755xx_CM7.o
 .ARM.attributes
                0x00000553       0x32 c:/program files (x86)/gnu arm embedded toolchain/10 2021.10/bin/../lib/gcc/arm-none-eabi/10.3.1/../../../../arm-none-eabi/lib/thumb/v7e-m+dp/hard\libc_nano.a(lib_a-init.o)
 .ARM.attributes
                0x00000585       0x32 c:/program files (x86)/gnu arm embedded toolchain/10 2021.10/bin/../lib/gcc/arm-none-eabi/10.3.1/../../../../arm-none-eabi/lib/thumb/v7e-m+dp/hard\libc_nano.a(lib_a-memcpy-stub.o)
 .ARM.attributes
                0x000005b7       0x32 c:/program files (x86)/gnu arm embedded toolchain/10 2021.10/bin/../lib/gcc/arm-none-eabi/10.3.1/../../../../arm-none-eabi/lib/thumb/v7e-m+dp/hard\libc_nano.a(lib_a-memset.o)
 .ARM.attributes
                0x000005e9       0x1e c:/program files (x86)/gnu arm embedded toolchain/10 2021.10/bin/../lib/gcc/arm-none-eabi/10.3.1/thumb/v7e-m+dp/hard\libgcc.a(_aeabi_uldivmod.o)
 .ARM.attributes
                0x00000607       0x32 c:/program files (x86)/gnu arm embedded toolchain/10 2021.10/bin/../lib/gcc/arm-none-eabi/10.3.1/thumb/v7e-m+dp/hard\libgcc.a(_udivmoddi4.o)
 .ARM.attributes
                0x00000639       0x1e c:/program files (x86)/gnu arm embedded toolchain/10 2021.10/bin/../lib/gcc/arm-none-eabi/10.3.1/thumb/v7e-m+dp/hard\libgcc.a(_dvmd_tls.o)
 .ARM.attributes
                0x00000657       0x1e c:/program files (x86)/gnu arm embedded toolchain/10 2021.10/bin/../lib/gcc/arm-none-eabi/10.3.1/thumb/v7e-m+dp/hard/crtn.o
OUTPUT(build/AVI_FAS_FMC_CM7.elf elf32-littlearm)
LOAD linker stubs
LOAD c:/program files (x86)/gnu arm embedded toolchain/10 2021.10/bin/../lib/gcc/arm-none-eabi/10.3.1/../../../../arm-none-eabi/lib/thumb/v7e-m+dp/hard\libc.a
LOAD c:/program files (x86)/gnu arm embedded toolchain/10 2021.10/bin/../lib/gcc/arm-none-eabi/10.3.1/../../../../arm-none-eabi/lib/thumb/v7e-m+dp/hard\libm.a
LOAD c:/program files (x86)/gnu arm embedded toolchain/10 2021.10/bin/../lib/gcc/arm-none-eabi/10.3.1/thumb/v7e-m+dp/hard\libgcc.a

.debug_info     0x00000000    0x2e651
 .debug_info    0x00000000     0x2a2d build/main.o
 .debug_info    0x00002a2d      0xdd9 build/stm32h7xx_it.o
 .debug_info    0x00003806     0x1d4b build/stm32h7xx_hal_msp.o
 .debug_info    0x00005551     0x152b build/stm32h7xx_hal_cortex.o
 .debug_info    0x00006a7c     0x13e0 build/stm32h7xx_hal_rcc.o
 .debug_info    0x00007e5c     0x1dfc build/stm32h7xx_hal_rcc_ex.o
 .debug_info    0x00009c58      0xfbd build/stm32h7xx_hal_gpio.o
 .debug_info    0x0000ac15      0x46d build/stm32h7xx_hal_hsem.o
 .debug_info    0x0000b082     0x10d8 build/stm32h7xx_hal_dma.o
 .debug_info    0x0000c15a     0x16fc build/stm32h7xx_hal_pwr_ex.o
 .debug_info    0x0000d856     0x1bac build/stm32h7xx_hal.o
 .debug_info    0x0000f402     0x432c build/stm32h7xx_hal_tim.o
 .debug_info    0x0001372e     0x2042 build/stm32h7xx_hal_tim_ex.o
 .debug_info    0x00015770     0x6a19 build/stm32h7xx_hal_uart.o
 .debug_info    0x0001c189     0x137b build/stm32h7xx_hal_uart_ex.o
 .debug_info    0x0001d504      0xf92 build/system_stm32h7xx_dualcore_boot_cm4_cm7.o
 .debug_info    0x0001e496     0x12b6 build/stm32h7xx_hal_timebase_tim.o
 .debug_info    0x0001f74c     0x1599 build/stm32h7xx_hal_rtc.o
 .debug_info    0x00020ce5      0x30f build/list.o
 .debug_info    0x00020ff4     0x2965 build/queue.o
 .debug_info    0x00023959     0x333f build/tasks.o
 .debug_info    0x00026c98     0x1bd3 build/timers.o
 .debug_info    0x0002886b     0x51e2 build/cmsis_os2.o
 .debug_info    0x0002da4d      0x61a build/heap_4.o
 .debug_info    0x0002e067      0x5c8 build/port.o
 .debug_info    0x0002e62f       0x22 build/startup_stm32h755xx_CM7.o

.debug_abbrev   0x00000000     0x42ba
 .debug_abbrev  0x00000000      0x2f4 build/main.o
 .debug_abbrev  0x000002f4      0x183 build/stm32h7xx_it.o
 .debug_abbrev  0x00000477      0x226 build/stm32h7xx_hal_msp.o
 .debug_abbrev  0x0000069d      0x395 build/stm32h7xx_hal_cortex.o
 .debug_abbrev  0x00000a32      0x27d build/stm32h7xx_hal_rcc.o
 .debug_abbrev  0x00000caf      0x286 build/stm32h7xx_hal_rcc_ex.o
 .debug_abbrev  0x00000f35      0x253 build/stm32h7xx_hal_gpio.o
 .debug_abbrev  0x00001188      0x1e3 build/stm32h7xx_hal_hsem.o
 .debug_abbrev  0x0000136b      0x2ef build/stm32h7xx_hal_dma.o
 .debug_abbrev  0x0000165a      0x2db build/stm32h7xx_hal_pwr_ex.o
 .debug_abbrev  0x00001935      0x261 build/stm32h7xx_hal.o
 .debug_abbrev  0x00001b96      0x289 build/stm32h7xx_hal_tim.o
 .debug_abbrev  0x00001e1f      0x29f build/stm32h7xx_hal_tim_ex.o
 .debug_abbrev  0x000020be      0x363 build/stm32h7xx_hal_uart.o
 .debug_abbrev  0x00002421      0x308 build/stm32h7xx_hal_uart_ex.o
 .debug_abbrev  0x00002729      0x12a build/system_stm32h7xx_dualcore_boot_cm4_cm7.o
 .debug_abbrev  0x00002853      0x211 build/stm32h7xx_hal_timebase_tim.o
 .debug_abbrev  0x00002a64      0x223 build/stm32h7xx_hal_rtc.o
 .debug_abbrev  0x00002c87      0x124 build/list.o
 .debug_abbrev  0x00002dab      0x3c4 build/queue.o
 .debug_abbrev  0x0000316f      0x387 build/tasks.o
 .debug_abbrev  0x000034f6      0x366 build/timers.o
 .debug_abbrev  0x0000385c      0x559 build/cmsis_os2.o
 .debug_abbrev  0x00003db5      0x269 build/heap_4.o
 .debug_abbrev  0x0000401e      0x28a build/port.o
 .debug_abbrev  0x000042a8       0x12 build/startup_stm32h755xx_CM7.o

.debug_loc      0x00000000    0x2310b
 .debug_loc     0x00000000      0x297 build/main.o
 .debug_loc     0x00000297       0x80 build/stm32h7xx_it.o
 .debug_loc     0x00000317      0x15a build/stm32h7xx_hal_msp.o
 .debug_loc     0x00000471      0x786 build/stm32h7xx_hal_cortex.o
 .debug_loc     0x00000bf7      0xac2 build/stm32h7xx_hal_rcc.o
 .debug_loc     0x000016b9     0x1f9b build/stm32h7xx_hal_rcc_ex.o
 .debug_loc     0x00003654      0x482 build/stm32h7xx_hal_gpio.o
 .debug_loc     0x00003ad6      0x137 build/stm32h7xx_hal_hsem.o
 .debug_loc     0x00003c0d     0x10aa build/stm32h7xx_hal_dma.o
 .debug_loc     0x00004cb7      0x862 build/stm32h7xx_hal_pwr_ex.o
 .debug_loc     0x00005519      0x698 build/stm32h7xx_hal.o
 .debug_loc     0x00005bb1     0x6278 build/stm32h7xx_hal_tim.o
 .debug_loc     0x0000be29     0x2a63 build/stm32h7xx_hal_tim_ex.o
 .debug_loc     0x0000e88c     0x6376 build/stm32h7xx_hal_uart.o
 .debug_loc     0x00014c02      0xd7d build/stm32h7xx_hal_uart_ex.o
 .debug_loc     0x0001597f      0x1d8 build/system_stm32h7xx_dualcore_boot_cm4_cm7.o
 .debug_loc     0x00015b57       0xcb build/stm32h7xx_hal_timebase_tim.o
 .debug_loc     0x00015c22      0xfb1 build/stm32h7xx_hal_rtc.o
 .debug_loc     0x00016bd3       0xe5 build/list.o
 .debug_loc     0x00016cb8     0x1fa3 build/queue.o
 .debug_loc     0x00018c5b     0x2c5f build/tasks.o
 .debug_loc     0x0001b8ba     0x156d build/timers.o
 .debug_loc     0x0001ce27     0x5c40 build/cmsis_os2.o
 .debug_loc     0x00022a67      0x4e4 build/heap_4.o
 .debug_loc     0x00022f4b      0x1c0 build/port.o

.debug_aranges  0x00000000     0x19b8
 .debug_aranges
                0x00000000       0x60 build/main.o
 .debug_aranges
                0x00000060       0x68 build/stm32h7xx_it.o
 .debug_aranges
                0x000000c8       0x40 build/stm32h7xx_hal_msp.o
 .debug_aranges
                0x00000108       0xb0 build/stm32h7xx_hal_cortex.o
 .debug_aranges
                0x000001b8       0x88 build/stm32h7xx_hal_rcc.o
 .debug_aranges
                0x00000240      0x100 build/stm32h7xx_hal_rcc_ex.o
 .debug_aranges
                0x00000340       0x58 build/stm32h7xx_hal_gpio.o
 .debug_aranges
                0x00000398       0x70 build/stm32h7xx_hal_hsem.o
 .debug_aranges
                0x00000408       0xa0 build/stm32h7xx_hal_dma.o
 .debug_aranges
                0x000004a8      0x170 build/stm32h7xx_hal_pwr_ex.o
 .debug_aranges
                0x00000618      0x200 build/stm32h7xx_hal.o
 .debug_aranges
                0x00000818      0x3e0 build/stm32h7xx_hal_tim.o
 .debug_aranges
                0x00000bf8      0x188 build/stm32h7xx_hal_tim_ex.o
 .debug_aranges
                0x00000d80      0x248 build/stm32h7xx_hal_uart.o
 .debug_aranges
                0x00000fc8       0xa8 build/stm32h7xx_hal_uart_ex.o
 .debug_aranges
                0x00001070       0x28 build/system_stm32h7xx_dualcore_boot_cm4_cm7.o
 .debug_aranges
                0x00001098       0x30 build/stm32h7xx_hal_timebase_tim.o
 .debug_aranges
                0x000010c8       0xc0 build/stm32h7xx_hal_rtc.o
 .debug_aranges
                0x00001188       0x40 build/list.o
 .debug_aranges
                0x000011c8      0x158 build/queue.o
 .debug_aranges
                0x00001320      0x208 build/tasks.o
 .debug_aranges
                0x00001528       0xf0 build/timers.o
 .debug_aranges
                0x00001618      0x2a0 build/cmsis_os2.o
 .debug_aranges
                0x000018b8       0x58 build/heap_4.o
 .debug_aranges
                0x00001910       0x80 build/port.o
 .debug_aranges
                0x00001990       0x28 build/startup_stm32h755xx_CM7.o

.debug_ranges   0x00000000     0x1b90
 .debug_ranges  0x00000000       0x50 build/main.o
 .debug_ranges  0x00000050       0x58 build/stm32h7xx_it.o
 .debug_ranges  0x000000a8       0x30 build/stm32h7xx_hal_msp.o
 .debug_ranges  0x000000d8      0x100 build/stm32h7xx_hal_cortex.o
 .debug_ranges  0x000001d8       0xe8 build/stm32h7xx_hal_rcc.o
 .debug_ranges  0x000002c0       0xf0 build/stm32h7xx_hal_rcc_ex.o
 .debug_ranges  0x000003b0       0x48 build/stm32h7xx_hal_gpio.o
 .debug_ranges  0x000003f8       0x60 build/stm32h7xx_hal_hsem.o
 .debug_ranges  0x00000458       0xa8 build/stm32h7xx_hal_dma.o
 .debug_ranges  0x00000500      0x1c0 build/stm32h7xx_hal_pwr_ex.o
 .debug_ranges  0x000006c0      0x1f0 build/stm32h7xx_hal.o
 .debug_ranges  0x000008b0      0x3d0 build/stm32h7xx_hal_tim.o
 .debug_ranges  0x00000c80      0x178 build/stm32h7xx_hal_tim_ex.o
 .debug_ranges  0x00000df8      0x238 build/stm32h7xx_hal_uart.o
 .debug_ranges  0x00001030       0x98 build/stm32h7xx_hal_uart_ex.o
 .debug_ranges  0x000010c8       0x18 build/system_stm32h7xx_dualcore_boot_cm4_cm7.o
 .debug_ranges  0x000010e0       0x20 build/stm32h7xx_hal_timebase_tim.o
 .debug_ranges  0x00001100       0xb0 build/stm32h7xx_hal_rtc.o
 .debug_ranges  0x000011b0       0x30 build/list.o
 .debug_ranges  0x000011e0      0x200 build/queue.o
 .debug_ranges  0x000013e0      0x338 build/tasks.o
 .debug_ranges  0x00001718       0xe0 build/timers.o
 .debug_ranges  0x000017f8      0x2a8 build/cmsis_os2.o
 .debug_ranges  0x00001aa0       0x48 build/heap_4.o
 .debug_ranges  0x00001ae8       0x88 build/port.o
 .debug_ranges  0x00001b70       0x20 build/startup_stm32h755xx_CM7.o

.debug_line     0x00000000    0x223c9
 .debug_line    0x00000000      0x76f build/main.o
 .debug_line    0x0000076f      0x30a build/stm32h7xx_it.o
 .debug_line    0x00000a79      0x47b build/stm32h7xx_hal_msp.o
 .debug_line    0x00000ef4      0x7c4 build/stm32h7xx_hal_cortex.o
 .debug_line    0x000016b8     0x12df build/stm32h7xx_hal_rcc.o
 .debug_line    0x00002997     0x1feb build/stm32h7xx_hal_rcc_ex.o
 .debug_line    0x00004982      0x6d9 build/stm32h7xx_hal_gpio.o
 .debug_line    0x0000505b      0x334 build/stm32h7xx_hal_hsem.o
 .debug_line    0x0000538f     0x245d build/stm32h7xx_hal_dma.o
 .debug_line    0x000077ec      0xc4a build/stm32h7xx_hal_pwr_ex.o
 .debug_line    0x00008436      0xa76 build/stm32h7xx_hal.o
 .debug_line    0x00008eac     0x508b build/stm32h7xx_hal_tim.o
 .debug_line    0x0000df37     0x1f4b build/stm32h7xx_hal_tim_ex.o
 .debug_line    0x0000fe82     0x66df build/stm32h7xx_hal_uart.o
 .debug_line    0x00016561      0xc98 build/stm32h7xx_hal_uart_ex.o
 .debug_line    0x000171f9      0x48e build/system_stm32h7xx_dualcore_boot_cm4_cm7.o
 .debug_line    0x00017687      0x2e1 build/stm32h7xx_hal_timebase_tim.o
 .debug_line    0x00017968     0x10a4 build/stm32h7xx_hal_rtc.o
 .debug_line    0x00018a0c      0x37f build/list.o
 .debug_line    0x00018d8b     0x2065 build/queue.o
 .debug_line    0x0001adf0     0x2dc9 build/tasks.o
 .debug_line    0x0001dbb9      0xf42 build/timers.o
 .debug_line    0x0001eafb     0x29be build/cmsis_os2.o
 .debug_line    0x000214b9      0x762 build/heap_4.o
 .debug_line    0x00021c1b      0x734 build/port.o
 .debug_line    0x0002234f       0x7a build/startup_stm32h755xx_CM7.o

.debug_str      0x00000000     0x9b1c
 .debug_str     0x00000000     0x2071 build/main.o
                               0x21e6 (size before relaxing)
 .debug_str     0x00002071      0x11c build/stm32h7xx_it.o
                                0xbb2 (size before relaxing)
 .debug_str     0x0000218d      0x432 build/stm32h7xx_hal_msp.o
                               0x195f (size before relaxing)
 .debug_str     0x000025bf      0x58a build/stm32h7xx_hal_cortex.o
                               0x10a2 (size before relaxing)
 .debug_str     0x00002b49      0x3b0 build/stm32h7xx_hal_rcc.o
                                0xa36 (size before relaxing)
 .debug_str     0x00002ef9      0x6b3 build/stm32h7xx_hal_rcc_ex.o
                                0xf95 (size before relaxing)
 .debug_str     0x000035ac       0xea build/stm32h7xx_hal_gpio.o
                                0x723 (size before relaxing)
 .debug_str     0x00003696      0x180 build/stm32h7xx_hal_hsem.o
                                0x390 (size before relaxing)
 .debug_str     0x00003816      0x41b build/stm32h7xx_hal_dma.o
                                0x9d6 (size before relaxing)
 .debug_str     0x00003c31      0x59b build/stm32h7xx_hal_pwr_ex.o
                                0xb12 (size before relaxing)
 .debug_str     0x000041cc      0x759 build/stm32h7xx_hal.o
                               0x16de (size before relaxing)
 .debug_str     0x00004925      0xf07 build/stm32h7xx_hal_tim.o
                               0x182c (size before relaxing)
 .debug_str     0x0000582c      0x6a3 build/stm32h7xx_hal_tim_ex.o
                               0x1149 (size before relaxing)
 .debug_str     0x00005ecf      0x88f build/stm32h7xx_hal_uart.o
                               0x14bc (size before relaxing)
 .debug_str     0x0000675e      0x246 build/stm32h7xx_hal_uart_ex.o
                                0xba5 (size before relaxing)
 .debug_str     0x000069a4       0x5b build/system_stm32h7xx_dualcore_boot_cm4_cm7.o
                                0x7c0 (size before relaxing)
 .debug_str     0x000069ff       0x56 build/stm32h7xx_hal_timebase_tim.o
                               0x144e (size before relaxing)
 .debug_str     0x00006a55      0x21c build/stm32h7xx_hal_rtc.o
                                0x8f8 (size before relaxing)
 .debug_str     0x00006c71      0x153 build/list.o
                                0x309 (size before relaxing)
 .debug_str     0x00006dc4      0xa30 build/queue.o
                                0xd1f (size before relaxing)
 .debug_str     0x000077f4      0xc9b build/tasks.o
                               0x12ee (size before relaxing)
 .debug_str     0x0000848f      0x5de build/timers.o
                                0xc4f (size before relaxing)
 .debug_str     0x00008a6d      0xc3f build/cmsis_os2.o
                               0x25b7 (size before relaxing)
 .debug_str     0x000096ac      0x2c5 build/heap_4.o
                                0x517 (size before relaxing)
 .debug_str     0x00009971      0x183 build/port.o
                                0x489 (size before relaxing)
 .debug_str     0x00009af4       0x28 build/startup_stm32h755xx_CM7.o
                                 0x6f (size before relaxing)

.comment        0x00000000       0x49
 .comment       0x00000000       0x49 build/main.o
                                 0x4a (size before relaxing)
 .comment       0x00000049       0x4a build/stm32h7xx_it.o
 .comment       0x00000049       0x4a build/stm32h7xx_hal_msp.o
 .comment       0x00000049       0x4a build/stm32h7xx_hal_cortex.o
 .comment       0x00000049       0x4a build/stm32h7xx_hal_rcc.o
 .comment       0x00000049       0x4a build/stm32h7xx_hal_rcc_ex.o
 .comment       0x00000049       0x4a build/stm32h7xx_hal_gpio.o
 .comment       0x00000049       0x4a build/stm32h7xx_hal_hsem.o
 .comment       0x00000049       0x4a build/stm32h7xx_hal_dma.o
 .comment       0x00000049       0x4a build/stm32h7xx_hal_pwr_ex.o
 .comment       0x00000049       0x4a build/stm32h7xx_hal.o
 .comment       0x00000049       0x4a build/stm32h7xx_hal_tim.o
 .comment       0x00000049       0x4a build/stm32h7xx_hal_tim_ex.o
 .comment       0x00000049       0x4a build/stm32h7xx_hal_uart.o
 .comment       0x00000049       0x4a build/stm32h7xx_hal_uart_ex.o
 .comment       0x00000049       0x4a build/system_stm32h7xx_dualcore_boot_cm4_cm7.o
 .comment       0x00000049       0x4a build/stm32h7xx_hal_timebase_tim.o
 .comment       0x00000049       0x4a build/stm32h7xx_hal_rtc.o
 .comment       0x00000049       0x4a build/list.o
 .comment       0x00000049       0x4a build/queue.o
 .comment       0x00000049       0x4a build/tasks.o
 .comment       0x00000049       0x4a build/timers.o
 .comment       0x00000049       0x4a build/cmsis_os2.o
 .comment       0x00000049       0x4a build/heap_4.o
 .comment       0x00000049       0x4a build/port.o

.debug_frame    0x00000000     0x47b4
 .debug_frame   0x00000000       0xfc build/main.o
 .debug_frame   0x000000fc       0xd0 build/stm32h7xx_it.o
 .debug_frame   0x000001cc       0x9c build/stm32h7xx_hal_msp.o
 .debug_frame   0x00000268      0x158 build/stm32h7xx_hal_cortex.o
 .debug_frame   0x000003c0      0x18c build/stm32h7xx_hal_rcc.o
 .debug_frame   0x0000054c      0x27c build/stm32h7xx_hal_rcc_ex.o
 .debug_frame   0x000007c8       0xd4 build/stm32h7xx_hal_gpio.o
 .debug_frame   0x0000089c       0xc8 build/stm32h7xx_hal_hsem.o
 .debug_frame   0x00000964      0x1fc build/stm32h7xx_hal_dma.o
 .debug_frame   0x00000b60      0x324 build/stm32h7xx_hal_pwr_ex.o
 .debug_frame   0x00000e84      0x438 build/stm32h7xx_hal.o
 .debug_frame   0x000012bc      0xb6c build/stm32h7xx_hal_tim.o
 .debug_frame   0x00001e28      0x480 build/stm32h7xx_hal_tim_ex.o
 .debug_frame   0x000022a8      0x680 build/stm32h7xx_hal_uart.o
 .debug_frame   0x00002928      0x1c8 build/stm32h7xx_hal_uart_ex.o
 .debug_frame   0x00002af0       0x3c build/system_stm32h7xx_dualcore_boot_cm4_cm7.o
 .debug_frame   0x00002b2c       0x50 build/stm32h7xx_hal_timebase_tim.o
 .debug_frame   0x00002b7c      0x228 build/stm32h7xx_hal_rtc.o
 .debug_frame   0x00002da4       0x70 build/list.o
 .debug_frame   0x00002e14      0x458 build/queue.o
 .debug_frame   0x0000326c      0x688 build/tasks.o
 .debug_frame   0x000038f4      0x30c build/timers.o
 .debug_frame   0x00003c00      0x900 build/cmsis_os2.o
 .debug_frame   0x00004500       0xd0 build/heap_4.o
 .debug_frame   0x000045d0      0x110 build/port.o
 .debug_frame   0x000046e0       0x2c c:/program files (x86)/gnu arm embedded toolchain/10 2021.10/bin/../lib/gcc/arm-none-eabi/10.3.1/../../../../arm-none-eabi/lib/thumb/v7e-m+dp/hard\libc_nano.a(lib_a-init.o)
 .debug_frame   0x0000470c       0x28 c:/program files (x86)/gnu arm embedded toolchain/10 2021.10/bin/../lib/gcc/arm-none-eabi/10.3.1/../../../../arm-none-eabi/lib/thumb/v7e-m+dp/hard\libc_nano.a(lib_a-memcpy-stub.o)
 .debug_frame   0x00004734       0x20 c:/program files (x86)/gnu arm embedded toolchain/10 2021.10/bin/../lib/gcc/arm-none-eabi/10.3.1/../../../../arm-none-eabi/lib/thumb/v7e-m+dp/hard\libc_nano.a(lib_a-memset.o)
 .debug_frame   0x00004754       0x2c c:/program files (x86)/gnu arm embedded toolchain/10 2021.10/bin/../lib/gcc/arm-none-eabi/10.3.1/thumb/v7e-m+dp/hard\libgcc.a(_aeabi_uldivmod.o)
 .debug_frame   0x00004780       0x34 c:/program files (x86)/gnu arm embedded toolchain/10 2021.10/bin/../lib/gcc/arm-none-eabi/10.3.1/thumb/v7e-m+dp/hard\libgcc.a(_udivmoddi4.o)

Cross Reference Table

Symbol                                            File
ADC3_IRQHandler                                   build/startup_stm32h755xx_CM7.o
ADC_IRQHandler                                    build/startup_stm32h755xx_CM7.o
BDMA_Channel0_IRQHandler                          build/startup_stm32h755xx_CM7.o
BDMA_Channel1_IRQHandler                          build/startup_stm32h755xx_CM7.o
BDMA_Channel2_IRQHandler                          build/startup_stm32h755xx_CM7.o
BDMA_Channel3_IRQHandler                          build/startup_stm32h755xx_CM7.o
BDMA_Channel4_IRQHandler                          build/startup_stm32h755xx_CM7.o
BDMA_Channel5_IRQHandler                          build/startup_stm32h755xx_CM7.o
BDMA_Channel6_IRQHandler                          build/startup_stm32h755xx_CM7.o
BDMA_Channel7_IRQHandler                          build/startup_stm32h755xx_CM7.o
BusFault_Handler                                  build/stm32h7xx_it.o
CEC_IRQHandler                                    build/startup_stm32h755xx_CM7.o
CM4_SEV_IRQHandler                                build/startup_stm32h755xx_CM7.o
CM7StatusLEDHandle                                build/main.o
CM7StatusLEDTask                                  build/main.o
CM7StatusLED_attributes                           build/main.o
CM7_SEV_IRQHandler                                build/startup_stm32h755xx_CM7.o
COMP1_IRQHandler                                  build/startup_stm32h755xx_CM7.o
CRS_IRQHandler                                    build/startup_stm32h755xx_CM7.o
CRYP_IRQHandler                                   build/startup_stm32h755xx_CM7.o
D1CorePrescTable                                  build/system_stm32h7xx_dualcore_boot_cm4_cm7.o
                                                  build/stm32h7xx_hal.o
                                                  build/stm32h7xx_hal_rcc_ex.o
                                                  build/stm32h7xx_hal_rcc.o
DCMI_IRQHandler                                   build/startup_stm32h755xx_CM7.o
DFSDM1_FLT0_IRQHandler                            build/startup_stm32h755xx_CM7.o
DFSDM1_FLT1_IRQHandler                            build/startup_stm32h755xx_CM7.o
DFSDM1_FLT2_IRQHandler                            build/startup_stm32h755xx_CM7.o
DFSDM1_FLT3_IRQHandler                            build/startup_stm32h755xx_CM7.o
DMA1_Stream0_IRQHandler                           build/stm32h7xx_it.o
DMA1_Stream1_IRQHandler                           build/stm32h7xx_it.o
DMA1_Stream2_IRQHandler                           build/startup_stm32h755xx_CM7.o
DMA1_Stream3_IRQHandler                           build/startup_stm32h755xx_CM7.o
DMA1_Stream4_IRQHandler                           build/startup_stm32h755xx_CM7.o
DMA1_Stream5_IRQHandler                           build/startup_stm32h755xx_CM7.o
DMA1_Stream6_IRQHandler                           build/startup_stm32h755xx_CM7.o
DMA1_Stream7_IRQHandler                           build/startup_stm32h755xx_CM7.o
DMA2D_IRQHandler                                  build/startup_stm32h755xx_CM7.o
DMA2_Stream0_IRQHandler                           build/startup_stm32h755xx_CM7.o
DMA2_Stream1_IRQHandler                           build/startup_stm32h755xx_CM7.o
DMA2_Stream2_IRQHandler                           build/startup_stm32h755xx_CM7.o
DMA2_Stream3_IRQHandler                           build/startup_stm32h755xx_CM7.o
DMA2_Stream4_IRQHandler                           build/startup_stm32h755xx_CM7.o
DMA2_Stream5_IRQHandler                           build/startup_stm32h755xx_CM7.o
DMA2_Stream6_IRQHandler                           build/startup_stm32h755xx_CM7.o
DMA2_Stream7_IRQHandler                           build/startup_stm32h755xx_CM7.o
DMAMUX1_OVR_IRQHandler                            build/startup_stm32h755xx_CM7.o
DMAMUX2_OVR_IRQHandler                            build/startup_stm32h755xx_CM7.o
DebugMon_Handler                                  build/stm32h7xx_it.o
Default_Handler                                   build/startup_stm32h755xx_CM7.o
ECC_IRQHandler                                    build/startup_stm32h755xx_CM7.o
ETH_IRQHandler                                    build/startup_stm32h755xx_CM7.o
ETH_WKUP_IRQHandler                               build/startup_stm32h755xx_CM7.o
EXTI0_IRQHandler                                  build/startup_stm32h755xx_CM7.o
EXTI15_10_IRQHandler                              build/startup_stm32h755xx_CM7.o
EXTI1_IRQHandler                                  build/startup_stm32h755xx_CM7.o
EXTI2_IRQHandler                                  build/startup_stm32h755xx_CM7.o
EXTI3_IRQHandler                                  build/startup_stm32h755xx_CM7.o
EXTI4_IRQHandler                                  build/startup_stm32h755xx_CM7.o
EXTI9_5_IRQHandler                                build/startup_stm32h755xx_CM7.o
Error_Handler                                     build/main.o
                                                  build/stm32h7xx_hal_msp.o
FDCAN1_IT0_IRQHandler                             build/startup_stm32h755xx_CM7.o
FDCAN1_IT1_IRQHandler                             build/startup_stm32h755xx_CM7.o
FDCAN2_IT0_IRQHandler                             build/startup_stm32h755xx_CM7.o
FDCAN2_IT1_IRQHandler                             build/startup_stm32h755xx_CM7.o
FDCAN_CAL_IRQHandler                              build/startup_stm32h755xx_CM7.o
FLASH_CRC_WaitForLastOperation                    build/stm32h7xx_hal_flash.o
                                                  build/stm32h7xx_hal_flash_ex.o
FLASH_Erase_Sector                                build/stm32h7xx_hal_flash_ex.o
                                                  build/stm32h7xx_hal_flash.o
FLASH_IRQHandler                                  build/startup_stm32h755xx_CM7.o
FLASH_OB_WaitForLastOperation                     build/stm32h7xx_hal_flash.o
                                                  build/stm32h7xx_hal_flash_ex.o
FLASH_WaitForLastOperation                        build/stm32h7xx_hal_flash.o
                                                  build/stm32h7xx_hal_flash_ex.o
FMC_IRQHandler                                    build/startup_stm32h755xx_CM7.o
FPU_IRQHandler                                    build/startup_stm32h755xx_CM7.o
HAL_DBGMCU_DisableDBGSleepMode                    build/stm32h7xx_hal.o
HAL_DBGMCU_DisableDBGStandbyMode                  build/stm32h7xx_hal.o
HAL_DBGMCU_DisableDBGStopMode                     build/stm32h7xx_hal.o
HAL_DBGMCU_EnableDBGSleepMode                     build/stm32h7xx_hal.o
HAL_DBGMCU_EnableDBGStandbyMode                   build/stm32h7xx_hal.o
HAL_DBGMCU_EnableDBGStopMode                      build/stm32h7xx_hal.o
HAL_DMAEx_ChangeMemory                            build/stm32h7xx_hal_dma_ex.o
HAL_DMAEx_ConfigMuxRequestGenerator               build/stm32h7xx_hal_dma_ex.o
HAL_DMAEx_ConfigMuxSync                           build/stm32h7xx_hal_dma_ex.o
HAL_DMAEx_DisableMuxRequestGenerator              build/stm32h7xx_hal_dma_ex.o
HAL_DMAEx_EnableMuxRequestGenerator               build/stm32h7xx_hal_dma_ex.o
HAL_DMAEx_MUX_IRQHandler                          build/stm32h7xx_hal_dma_ex.o
HAL_DMAEx_MultiBufferStart                        build/stm32h7xx_hal_dma_ex.o
HAL_DMAEx_MultiBufferStart_IT                     build/stm32h7xx_hal_dma_ex.o
HAL_DMA_Abort                                     build/stm32h7xx_hal_dma.o
                                                  build/stm32h7xx_hal_uart.o
HAL_DMA_Abort_IT                                  build/stm32h7xx_hal_dma.o
                                                  build/stm32h7xx_hal_uart.o
                                                  build/stm32h7xx_hal_tim_ex.o
                                                  build/stm32h7xx_hal_tim.o
                                                  build/stm32h7xx_hal_i2c.o
HAL_DMA_DeInit                                    build/stm32h7xx_hal_dma.o
                                                  build/stm32h7xx_hal_msp.o
HAL_DMA_GetError                                  build/stm32h7xx_hal_dma.o
                                                  build/stm32h7xx_hal_uart.o
                                                  build/stm32h7xx_hal_i2c.o
HAL_DMA_GetState                                  build/stm32h7xx_hal_dma.o
                                                  build/stm32h7xx_hal_i2c.o
HAL_DMA_IRQHandler                                build/stm32h7xx_hal_dma.o
                                                  build/stm32h7xx_it.o
HAL_DMA_Init                                      build/stm32h7xx_hal_dma.o
                                                  build/stm32h7xx_hal_msp.o
HAL_DMA_PollForTransfer                           build/stm32h7xx_hal_dma.o
HAL_DMA_RegisterCallback                          build/stm32h7xx_hal_dma.o
HAL_DMA_Start                                     build/stm32h7xx_hal_dma.o
HAL_DMA_Start_IT                                  build/stm32h7xx_hal_dma.o
                                                  build/stm32h7xx_hal_uart.o
                                                  build/stm32h7xx_hal_tim_ex.o
                                                  build/stm32h7xx_hal_tim.o
                                                  build/stm32h7xx_hal_i2c.o
HAL_DMA_UnRegisterCallback                        build/stm32h7xx_hal_dma.o
HAL_DeInit                                        build/stm32h7xx_hal.o
HAL_Delay                                         build/stm32h7xx_hal.o
HAL_DisableCompensationCell                       build/stm32h7xx_hal.o
HAL_DisableDomain2DBGSleepMode                    build/stm32h7xx_hal.o
HAL_DisableDomain2DBGStandbyMode                  build/stm32h7xx_hal.o
HAL_DisableDomain2DBGStopMode                     build/stm32h7xx_hal.o
HAL_EXTI_ClearConfigLine                          build/stm32h7xx_hal_exti.o
HAL_EXTI_ClearPending                             build/stm32h7xx_hal_exti.o
HAL_EXTI_D1_ClearFlag                             build/stm32h7xx_hal.o
HAL_EXTI_D1_EventInputConfig                      build/stm32h7xx_hal.o
HAL_EXTI_D2_ClearFlag                             build/stm32h7xx_hal.o
HAL_EXTI_D2_EventInputConfig                      build/stm32h7xx_hal.o
HAL_EXTI_D3_EventInputConfig                      build/stm32h7xx_hal.o
HAL_EXTI_EdgeConfig                               build/stm32h7xx_hal.o
HAL_EXTI_GenerateSWI                              build/stm32h7xx_hal_exti.o
HAL_EXTI_GenerateSWInterrupt                      build/stm32h7xx_hal.o
HAL_EXTI_GetConfigLine                            build/stm32h7xx_hal_exti.o
HAL_EXTI_GetHandle                                build/stm32h7xx_hal_exti.o
HAL_EXTI_GetPending                               build/stm32h7xx_hal_exti.o
HAL_EXTI_IRQHandler                               build/stm32h7xx_hal_exti.o
HAL_EXTI_RegisterCallback                         build/stm32h7xx_hal_exti.o
HAL_EXTI_SetConfigLine                            build/stm32h7xx_hal_exti.o
HAL_EnableCompensationCell                        build/stm32h7xx_hal.o
HAL_EnableDomain2DBGSleepMode                     build/stm32h7xx_hal.o
HAL_EnableDomain2DBGStandbyMode                   build/stm32h7xx_hal.o
HAL_EnableDomain2DBGStopMode                      build/stm32h7xx_hal.o
HAL_FLASHEx_ComputeCRC                            build/stm32h7xx_hal_flash_ex.o
HAL_FLASHEx_Erase                                 build/stm32h7xx_hal_flash_ex.o
HAL_FLASHEx_Erase_IT                              build/stm32h7xx_hal_flash_ex.o
HAL_FLASHEx_Lock_Bank1                            build/stm32h7xx_hal_flash_ex.o
HAL_FLASHEx_Lock_Bank2                            build/stm32h7xx_hal_flash_ex.o
HAL_FLASHEx_OBGetConfig                           build/stm32h7xx_hal_flash_ex.o
HAL_FLASHEx_OBProgram                             build/stm32h7xx_hal_flash_ex.o
HAL_FLASHEx_Unlock_Bank1                          build/stm32h7xx_hal_flash_ex.o
HAL_FLASHEx_Unlock_Bank2                          build/stm32h7xx_hal_flash_ex.o
HAL_FLASH_EndOfOperationCallback                  build/stm32h7xx_hal_flash.o
HAL_FLASH_GetError                                build/stm32h7xx_hal_flash.o
HAL_FLASH_IRQHandler                              build/stm32h7xx_hal_flash.o
HAL_FLASH_Lock                                    build/stm32h7xx_hal_flash.o
HAL_FLASH_OB_Launch                               build/stm32h7xx_hal_flash.o
HAL_FLASH_OB_Lock                                 build/stm32h7xx_hal_flash.o
HAL_FLASH_OB_Unlock                               build/stm32h7xx_hal_flash.o
HAL_FLASH_OperationErrorCallback                  build/stm32h7xx_hal_flash.o
HAL_FLASH_Program                                 build/stm32h7xx_hal_flash.o
HAL_FLASH_Program_IT                              build/stm32h7xx_hal_flash.o
HAL_FLASH_Unlock                                  build/stm32h7xx_hal_flash.o
HAL_GPIO_DeInit                                   build/stm32h7xx_hal_gpio.o
                                                  build/stm32h7xx_hal_msp.o
HAL_GPIO_EXTI_Callback                            build/stm32h7xx_hal_gpio.o
HAL_GPIO_EXTI_IRQHandler                          build/stm32h7xx_hal_gpio.o
HAL_GPIO_Init                                     build/stm32h7xx_hal_gpio.o
                                                  build/stm32h7xx_hal_rcc.o
                                                  build/stm32h7xx_hal_msp.o
                                                  build/main.o
HAL_GPIO_LockPin                                  build/stm32h7xx_hal_gpio.o
HAL_GPIO_ReadPin                                  build/stm32h7xx_hal_gpio.o
HAL_GPIO_TogglePin                                build/stm32h7xx_hal_gpio.o
                                                  build/main.o
HAL_GPIO_WritePin                                 build/stm32h7xx_hal_gpio.o
                                                  build/main.o
HAL_GetCurrentCPUID                               build/stm32h7xx_hal_cortex.o
                                                  build/stm32h7xx_hal_rtc_ex.o
                                                  build/stm32h7xx_hal_rtc.o
                                                  build/stm32h7xx_hal_exti.o
                                                  build/stm32h7xx_hal_pwr_ex.o
                                                  build/stm32h7xx_hal_pwr.o
HAL_GetDEVID                                      build/stm32h7xx_hal.o
HAL_GetFMCMemorySwappingConfig                    build/stm32h7xx_hal.o
HAL_GetHalVersion                                 build/stm32h7xx_hal.o
HAL_GetREVID                                      build/stm32h7xx_hal.o
                                                  build/stm32h7xx_hal_rcc_ex.o
                                                  build/stm32h7xx_hal_rcc.o
HAL_GetTick                                       build/stm32h7xx_hal.o
                                                  build/stm32h7xx_hal_rtc_ex.o
                                                  build/stm32h7xx_hal_rtc.o
                                                  build/stm32h7xx_hal_uart_ex.o
                                                  build/stm32h7xx_hal_uart.o
                                                  build/stm32h7xx_hal_i2c.o
                                                  build/stm32h7xx_hal_pwr_ex.o
                                                  build/stm32h7xx_hal_mdma.o
                                                  build/stm32h7xx_hal_dma.o
                                                  build/stm32h7xx_hal_flash.o
                                                  build/stm32h7xx_hal_rcc_ex.o
                                                  build/stm32h7xx_hal_rcc.o
HAL_GetTickFreq                                   build/stm32h7xx_hal.o
HAL_GetTickPrio                                   build/stm32h7xx_hal.o
HAL_GetUIDw0                                      build/stm32h7xx_hal.o
HAL_GetUIDw1                                      build/stm32h7xx_hal.o
HAL_GetUIDw2                                      build/stm32h7xx_hal.o
HAL_HSEM_ActivateNotification                     build/stm32h7xx_hal_hsem.o
HAL_HSEM_DeactivateNotification                   build/stm32h7xx_hal_hsem.o
HAL_HSEM_FastTake                                 build/stm32h7xx_hal_hsem.o
                                                  build/main.o
HAL_HSEM_FreeCallback                             build/stm32h7xx_hal_hsem.o
HAL_HSEM_GetClearKey                              build/stm32h7xx_hal_hsem.o
HAL_HSEM_IRQHandler                               build/stm32h7xx_hal_hsem.o
HAL_HSEM_IsSemTaken                               build/stm32h7xx_hal_hsem.o
HAL_HSEM_Release                                  build/stm32h7xx_hal_hsem.o
                                                  build/main.o
HAL_HSEM_ReleaseAll                               build/stm32h7xx_hal_hsem.o
HAL_HSEM_SetClearKey                              build/stm32h7xx_hal_hsem.o
HAL_HSEM_Take                                     build/stm32h7xx_hal_hsem.o
HAL_HalfDuplex_EnableReceiver                     build/stm32h7xx_hal_uart.o
HAL_HalfDuplex_EnableTransmitter                  build/stm32h7xx_hal_uart.o
HAL_HalfDuplex_Init                               build/stm32h7xx_hal_uart.o
HAL_I2CEx_ConfigAnalogFilter                      build/stm32h7xx_hal_i2c_ex.o
HAL_I2CEx_ConfigDigitalFilter                     build/stm32h7xx_hal_i2c_ex.o
HAL_I2CEx_DisableFastModePlus                     build/stm32h7xx_hal_i2c_ex.o
HAL_I2CEx_DisableWakeUp                           build/stm32h7xx_hal_i2c_ex.o
HAL_I2CEx_EnableFastModePlus                      build/stm32h7xx_hal_i2c_ex.o
HAL_I2CEx_EnableWakeUp                            build/stm32h7xx_hal_i2c_ex.o
HAL_I2C_AbortCpltCallback                         build/stm32h7xx_hal_i2c.o
HAL_I2C_AddrCallback                              build/stm32h7xx_hal_i2c.o
HAL_I2C_DeInit                                    build/stm32h7xx_hal_i2c.o
HAL_I2C_DisableListen_IT                          build/stm32h7xx_hal_i2c.o
HAL_I2C_ER_IRQHandler                             build/stm32h7xx_hal_i2c.o
HAL_I2C_EV_IRQHandler                             build/stm32h7xx_hal_i2c.o
HAL_I2C_EnableListen_IT                           build/stm32h7xx_hal_i2c.o
HAL_I2C_ErrorCallback                             build/stm32h7xx_hal_i2c.o
HAL_I2C_GetError                                  build/stm32h7xx_hal_i2c.o
HAL_I2C_GetMode                                   build/stm32h7xx_hal_i2c.o
HAL_I2C_GetState                                  build/stm32h7xx_hal_i2c.o
HAL_I2C_Init                                      build/stm32h7xx_hal_i2c.o
HAL_I2C_IsDeviceReady                             build/stm32h7xx_hal_i2c.o
HAL_I2C_ListenCpltCallback                        build/stm32h7xx_hal_i2c.o
HAL_I2C_MasterRxCpltCallback                      build/stm32h7xx_hal_i2c.o
HAL_I2C_MasterTxCpltCallback                      build/stm32h7xx_hal_i2c.o
HAL_I2C_Master_Abort_IT                           build/stm32h7xx_hal_i2c.o
HAL_I2C_Master_Receive                            build/stm32h7xx_hal_i2c.o
HAL_I2C_Master_Receive_DMA                        build/stm32h7xx_hal_i2c.o
HAL_I2C_Master_Receive_IT                         build/stm32h7xx_hal_i2c.o
HAL_I2C_Master_Seq_Receive_DMA                    build/stm32h7xx_hal_i2c.o
HAL_I2C_Master_Seq_Receive_IT                     build/stm32h7xx_hal_i2c.o
HAL_I2C_Master_Seq_Transmit_DMA                   build/stm32h7xx_hal_i2c.o
HAL_I2C_Master_Seq_Transmit_IT                    build/stm32h7xx_hal_i2c.o
HAL_I2C_Master_Transmit                           build/stm32h7xx_hal_i2c.o
HAL_I2C_Master_Transmit_DMA                       build/stm32h7xx_hal_i2c.o
HAL_I2C_Master_Transmit_IT                        build/stm32h7xx_hal_i2c.o
HAL_I2C_MemRxCpltCallback                         build/stm32h7xx_hal_i2c.o
HAL_I2C_MemTxCpltCallback                         build/stm32h7xx_hal_i2c.o
HAL_I2C_Mem_Read                                  build/stm32h7xx_hal_i2c.o
HAL_I2C_Mem_Read_DMA                              build/stm32h7xx_hal_i2c.o
HAL_I2C_Mem_Read_IT                               build/stm32h7xx_hal_i2c.o
HAL_I2C_Mem_Write                                 build/stm32h7xx_hal_i2c.o
HAL_I2C_Mem_Write_DMA                             build/stm32h7xx_hal_i2c.o
HAL_I2C_Mem_Write_IT                              build/stm32h7xx_hal_i2c.o
HAL_I2C_MspDeInit                                 build/stm32h7xx_hal_i2c.o
HAL_I2C_MspInit                                   build/stm32h7xx_hal_i2c.o
HAL_I2C_SlaveRxCpltCallback                       build/stm32h7xx_hal_i2c.o
HAL_I2C_SlaveTxCpltCallback                       build/stm32h7xx_hal_i2c.o
HAL_I2C_Slave_Receive                             build/stm32h7xx_hal_i2c.o
HAL_I2C_Slave_Receive_DMA                         build/stm32h7xx_hal_i2c.o
HAL_I2C_Slave_Receive_IT                          build/stm32h7xx_hal_i2c.o
HAL_I2C_Slave_Seq_Receive_DMA                     build/stm32h7xx_hal_i2c.o
HAL_I2C_Slave_Seq_Receive_IT                      build/stm32h7xx_hal_i2c.o
HAL_I2C_Slave_Seq_Transmit_DMA                    build/stm32h7xx_hal_i2c.o
HAL_I2C_Slave_Seq_Transmit_IT                     build/stm32h7xx_hal_i2c.o
HAL_I2C_Slave_Transmit                            build/stm32h7xx_hal_i2c.o
HAL_I2C_Slave_Transmit_DMA                        build/stm32h7xx_hal_i2c.o
HAL_I2C_Slave_Transmit_IT                         build/stm32h7xx_hal_i2c.o
HAL_IncTick                                       build/stm32h7xx_hal.o
                                                  build/main.o
HAL_Init                                          build/stm32h7xx_hal.o