Archive member included to satisfy reference by file (symbol)

C:/Users/gigig/AppData/Roaming/Code/User/globalStorage/bmd.stm32-for-vscode/@xpack-dev-tools/arm-none-eabi-gcc/13.2.1-1.1.1/.content/bin/../lib/gcc/arm-none-eabi/13.2.1/../../../../arm-none-eabi/lib/thumb/v7e-m+fp/hard\libc_nano.a(libc_a-atexit.o)
                              C:/Users/gigig/AppData/Roaming/Code/User/globalStorage/bmd.stm32-for-vscode/@xpack-dev-tools/arm-none-eabi-gcc/13.2.1-1.1.1/.content/bin/../lib/gcc/arm-none-eabi/13.2.1/../../../../arm-none-eabi/lib/thumb/v7e-m+fp/hard/crt0.o (atexit)
C:/Users/gigig/AppData/Roaming/Code/User/globalStorage/bmd.stm32-for-vscode/@xpack-dev-tools/arm-none-eabi-gcc/13.2.1-1.1.1/.content/bin/../lib/gcc/arm-none-eabi/13.2.1/../../../../arm-none-eabi/lib/thumb/v7e-m+fp/hard\libc_nano.a(libc_a-exit.o)
                              C:/Users/gigig/AppData/Roaming/Code/User/globalStorage/bmd.stm32-for-vscode/@xpack-dev-tools/arm-none-eabi-gcc/13.2.1-1.1.1/.content/bin/../lib/gcc/arm-none-eabi/13.2.1/../../../../arm-none-eabi/lib/thumb/v7e-m+fp/hard/crt0.o (exit)
C:/Users/gigig/AppData/Roaming/Code/User/globalStorage/bmd.stm32-for-vscode/@xpack-dev-tools/arm-none-eabi-gcc/13.2.1-1.1.1/.content/bin/../lib/gcc/arm-none-eabi/13.2.1/../../../../arm-none-eabi/lib/thumb/v7e-m+fp/hard\libc_nano.a(libc_a-findfp.o)
                              C:/Users/gigig/AppData/Roaming/Code/User/globalStorage/bmd.stm32-for-vscode/@xpack-dev-tools/arm-none-eabi-gcc/13.2.1-1.1.1/.content/bin/../lib/gcc/arm-none-eabi/13.2.1/../../../../arm-none-eabi/lib/thumb/v7e-m+fp/hard\libc_nano.a(libc_a-exit.o) (__stdio_exit_handler)
C:/Users/gigig/AppData/Roaming/Code/User/globalStorage/bmd.stm32-for-vscode/@xpack-dev-tools/arm-none-eabi-gcc/13.2.1-1.1.1/.content/bin/../lib/gcc/arm-none-eabi/13.2.1/../../../../arm-none-eabi/lib/thumb/v7e-m+fp/hard\libc_nano.a(libc_a-fwalk.o)
                              C:/Users/gigig/AppData/Roaming/Code/User/globalStorage/bmd.stm32-for-vscode/@xpack-dev-tools/arm-none-eabi-gcc/13.2.1-1.1.1/.content/bin/../lib/gcc/arm-none-eabi/13.2.1/../../../../arm-none-eabi/lib/thumb/v7e-m+fp/hard\libc_nano.a(libc_a-findfp.o) (_fwalk_sglue)
C:/Users/gigig/AppData/Roaming/Code/User/globalStorage/bmd.stm32-for-vscode/@xpack-dev-tools/arm-none-eabi-gcc/13.2.1-1.1.1/.content/bin/../lib/gcc/arm-none-eabi/13.2.1/../../../../arm-none-eabi/lib/thumb/v7e-m+fp/hard\libc_nano.a(libc_a-stdio.o)
                              C:/Users/gigig/AppData/Roaming/Code/User/globalStorage/bmd.stm32-for-vscode/@xpack-dev-tools/arm-none-eabi-gcc/13.2.1-1.1.1/.content/bin/../lib/gcc/arm-none-eabi/13.2.1/../../../../arm-none-eabi/lib/thumb/v7e-m+fp/hard\libc_nano.a(libc_a-findfp.o) (__sread)
C:/Users/gigig/AppData/Roaming/Code/User/globalStorage/bmd.stm32-for-vscode/@xpack-dev-tools/arm-none-eabi-gcc/13.2.1-1.1.1/.content/bin/../lib/gcc/arm-none-eabi/13.2.1/../../../../arm-none-eabi/lib/thumb/v7e-m+fp/hard\libc_nano.a(libc_a-memset.o)
                              C:/Users/gigig/AppData/Roaming/Code/User/globalStorage/bmd.stm32-for-vscode/@xpack-dev-tools/arm-none-eabi-gcc/13.2.1-1.1.1/.content/bin/../lib/gcc/arm-none-eabi/13.2.1/../../../../arm-none-eabi/lib/thumb/v7e-m+fp/hard/crt0.o (memset)
C:/Users/gigig/AppData/Roaming/Code/User/globalStorage/bmd.stm32-for-vscode/@xpack-dev-tools/arm-none-eabi-gcc/13.2.1-1.1.1/.content/bin/../lib/gcc/arm-none-eabi/13.2.1/../../../../arm-none-eabi/lib/thumb/v7e-m+fp/hard\libc_nano.a(libc_a-closer.o)
                              C:/Users/gigig/AppData/Roaming/Code/User/globalStorage/bmd.stm32-for-vscode/@xpack-dev-tools/arm-none-eabi-gcc/13.2.1-1.1.1/.content/bin/../lib/gcc/arm-none-eabi/13.2.1/../../../../arm-none-eabi/lib/thumb/v7e-m+fp/hard\libc_nano.a(libc_a-stdio.o) (_close_r)
C:/Users/gigig/AppData/Roaming/Code/User/globalStorage/bmd.stm32-for-vscode/@xpack-dev-tools/arm-none-eabi-gcc/13.2.1-1.1.1/.content/bin/../lib/gcc/arm-none-eabi/13.2.1/../../../../arm-none-eabi/lib/thumb/v7e-m+fp/hard\libc_nano.a(libc_a-reent.o)
                              C:/Users/gigig/AppData/Roaming/Code/User/globalStorage/bmd.stm32-for-vscode/@xpack-dev-tools/arm-none-eabi-gcc/13.2.1-1.1.1/.content/bin/../lib/gcc/arm-none-eabi/13.2.1/../../../../arm-none-eabi/lib/thumb/v7e-m+fp/hard\libc_nano.a(libc_a-closer.o) (errno)
C:/Users/gigig/AppData/Roaming/Code/User/globalStorage/bmd.stm32-for-vscode/@xpack-dev-tools/arm-none-eabi-gcc/13.2.1-1.1.1/.content/bin/../lib/gcc/arm-none-eabi/13.2.1/../../../../arm-none-eabi/lib/thumb/v7e-m+fp/hard\libc_nano.a(libc_a-impure.o)
                              C:/Users/gigig/AppData/Roaming/Code/User/globalStorage/bmd.stm32-for-vscode/@xpack-dev-tools/arm-none-eabi-gcc/13.2.1-1.1.1/.content/bin/../lib/gcc/arm-none-eabi/13.2.1/../../../../arm-none-eabi/lib/thumb/v7e-m+fp/hard\libc_nano.a(libc_a-reent.o) (_impure_ptr)
[...]
Memory Configuration

Name             Origin             Length             Attributes
RAM              0x20000000         0x000a0000         xrw
RAM2             0x10000000         0x00010000         xrw
RAM3             0x20040000         0x00060000         xrw
FLASH            0x08000000         0x00200000         xr
*default*        0x00000000         0xffffffff

Linker script and memory map

LOAD C:/Users/gigig/AppData/Roaming/Code/User/globalStorage/bmd.stm32-for-vscode/@xpack-dev-tools/arm-none-eabi-gcc/13.2.1-1.1.1/.content/bin/../lib/gcc/arm-none-eabi/13.2.1/thumb/v7e-m+fp/hard/crti.o
LOAD C:/Users/gigig/AppData/Roaming/Code/User/globalStorage/bmd.stm32-for-vscode/@xpack-dev-tools/arm-none-eabi-gcc/13.2.1-1.1.1/.content/bin/../lib/gcc/arm-none-eabi/13.2.1/thumb/v7e-m+fp/hard/crtbegin.o
LOAD C:/Users/gigig/AppData/Roaming/Code/User/globalStorage/bmd.stm32-for-vscode/@xpack-dev-tools/arm-none-eabi-gcc/13.2.1-1.1.1/.content/bin/../lib/gcc/arm-none-eabi/13.2.1/../../../../arm-none-eabi/lib/thumb/v7e-m+fp/hard/crt0.o
LOAD build/main.o
LOAD build/stm32l4xx_hal_msp.o
LOAD build/stm32l4xx_it.o
LOAD build/system_stm32l4xx.o
LOAD build/stm32l4xx_hal.o
LOAD build/stm32l4xx_hal_cortex.o
LOAD build/stm32l4xx_hal_dma.o
LOAD build/stm32l4xx_hal_dma_ex.o
LOAD build/stm32l4xx_hal_exti.o
LOAD build/stm32l4xx_hal_flash.o
LOAD build/stm32l4xx_hal_flash_ex.o
LOAD build/stm32l4xx_hal_flash_ramfunc.o
LOAD build/stm32l4xx_hal_gpio.o
LOAD build/stm32l4xx_hal_i2c.o
LOAD build/stm32l4xx_hal_i2c_ex.o
LOAD build/stm32l4xx_hal_pcd.o
LOAD build/stm32l4xx_hal_pcd_ex.o
LOAD build/stm32l4xx_hal_pwr.o
LOAD build/stm32l4xx_hal_pwr_ex.o
LOAD build/stm32l4xx_hal_rcc.o
LOAD build/stm32l4xx_hal_rcc_ex.o
LOAD build/stm32l4xx_hal_tim.o
LOAD build/stm32l4xx_hal_tim_ex.o
LOAD build/stm32l4xx_hal_uart.o
LOAD build/stm32l4xx_hal_uart_ex.o
LOAD build/stm32l4xx_ll_usb.o
LOAD build/startup_stm32l4r5xx.o
LOAD C:/Users/gigig/AppData/Roaming/Code/User/globalStorage/bmd.stm32-for-vscode/@xpack-dev-tools/arm-none-eabi-gcc/13.2.1-1.1.1/.content/bin/../lib/gcc/arm-none-eabi/13.2.1/../../../../arm-none-eabi/lib/thumb/v7e-m+fp/hard\libc_nano.a
LOAD C:/Users/gigig/AppData/Roaming/Code/User/globalStorage/bmd.stm32-for-vscode/@xpack-dev-tools/arm-none-eabi-gcc/13.2.1-1.1.1/.content/bin/../lib/gcc/arm-none-eabi/13.2.1/../../../../arm-none-eabi/lib/thumb/v7e-m+fp/hard\libm.a
LOAD C:/Users/gigig/AppData/Roaming/Code/User/globalStorage/bmd.stm32-for-vscode/@xpack-dev-tools/arm-none-eabi-gcc/13.2.1-1.1.1/.content/bin/../lib/gcc/arm-none-eabi/13.2.1/../../../../arm-none-eabi/lib/thumb/v7e-m+fp/hard\libnosys.a
START GROUP
LOAD C:/Users/gigig/AppData/Roaming/Code/User/globalStorage/bmd.stm32-for-vscode/@xpack-dev-tools/arm-none-eabi-gcc/13.2.1-1.1.1/.content/bin/../lib/gcc/arm-none-eabi/13.2.1/thumb/v7e-m+fp/hard\libgcc.a
LOAD C:/Users/gigig/AppData/Roaming/Code/User/globalStorage/bmd.stm32-for-vscode/@xpack-dev-tools/arm-none-eabi-gcc/13.2.1-1.1.1/.content/bin/../lib/gcc/arm-none-eabi/13.2.1/../../../../arm-none-eabi/lib/thumb/v7e-m+fp/hard\libc_nano.a
END GROUP
START GROUP
LOAD C:/Users/gigig/AppData/Roaming/Code/User/globalStorage/bmd.stm32-for-vscode/@xpack-dev-tools/arm-none-eabi-gcc/13.2.1-1.1.1/.content/bin/../lib/gcc/arm-none-eabi/13.2.1/thumb/v7e-m+fp/hard\libgcc.a
LOAD C:/Users/gigig/AppData/Roaming/Code/User/globalStorage/bmd.stm32-for-vscode/@xpack-dev-tools/arm-none-eabi-gcc/13.2.1-1.1.1/.content/bin/../lib/gcc/arm-none-eabi/13.2.1/../../../../arm-none-eabi/lib/thumb/v7e-m+fp/hard\libc_nano.a
END GROUP
LOAD C:/Users/gigig/AppData/Roaming/Code/User/globalStorage/bmd.stm32-for-vscode/@xpack-dev-tools/arm-none-eabi-gcc/13.2.1-1.1.1/.content/bin/../lib/gcc/arm-none-eabi/13.2.1/thumb/v7e-m+fp/hard/crtend.o
LOAD C:/Users/gigig/AppData/Roaming/Code/User/globalStorage/bmd.stm32-for-vscode/@xpack-dev-tools/arm-none-eabi-gcc/13.2.1-1.1.1/.content/bin/../lib/gcc/arm-none-eabi/13.2.1/thumb/v7e-m+fp/hard/crtn.o
                0x200a0000                        _estack = (ORIGIN (RAM) + LENGTH (RAM))
                0x00000200                        _Min_Heap_Size = 0x200
                0x00000400                        _Min_Stack_Size = 0x400

.isr_vector     0x08000000      0x1c0
                0x08000000                        . = ALIGN (0x8)
 *(.isr_vector)
 .isr_vector    0x08000000      0x1bc build/startup_stm32l4r5xx.o
                0x08000000                g_pfnVectors
                0x080001c0                        . = ALIGN (0x8)
 *fill*         0x080001bc        0x4 

.text           0x080001c0     0x2be0
                0x080001c0                        . = ALIGN (0x8)
 *(.text)
 .text          0x080001c0       0x30 C:/Users/gigig/AppData/Roaming/Code/User/globalStorage/bmd.stm32-for-vscode/@xpack-dev-tools/arm-none-eabi-gcc/13.2.1-1.1.1/.content/bin/../lib/gcc/arm-none-eabi/13.2.1/thumb/v7e-m+fp/hard\libgcc.a(_aeabi_uldivmod.o)
                0x080001c0                __aeabi_uldivmod
 .text          0x080001f0        0x4 C:/Users/gigig/AppData/Roaming/Code/User/globalStorage/bmd.stm32-for-vscode/@xpack-dev-tools/arm-none-eabi-gcc/13.2.1-1.1.1/.content/bin/../lib/gcc/arm-none-eabi/13.2.1/thumb/v7e-m+fp/hard\libgcc.a(_dvmd_tls.o)
                0x080001f0                __aeabi_idiv0
                0x080001f0                __aeabi_ldiv0
 *(.text*)
 .text.__do_global_dtors_aux
                0x080001f4       0x24 C:/Users/gigig/AppData/Roaming/Code/User/globalStorage/bmd.stm32-for-vscode/@xpack-dev-tools/arm-none-eabi-gcc/13.2.1-1.1.1/.content/bin/../lib/gcc/arm-none-eabi/13.2.1/thumb/v7e-m+fp/hard/crtbegin.o
 .text.frame_dummy
                0x08000218       0x1c C:/Users/gigig/AppData/Roaming/Code/User/globalStorage/bmd.stm32-for-vscode/@xpack-dev-tools/arm-none-eabi-gcc/13.2.1-1.1.1/.content/bin/../lib/gcc/arm-none-eabi/13.2.1/thumb/v7e-m+fp/hard/crtbegin.o
 .text.MX_GPIO_Init
                0x08000234      0x100 build/main.o
 .text.Error_Handler
                0x08000334        0x4 build/main.o
                0x08000334                Error_Handler
 .text.MX_LPUART1_UART_Init
                0x08000338       0x68 build/main.o
 .text.MX_USART3_UART_Init
                0x080003a0       0x60 build/main.o
 .text.MX_USB_OTG_FS_PCD_Init
                0x08000400       0x34 build/main.o
 .text.SystemClock_Config
                0x08000434       0x7c build/main.o
                0x08000434                SystemClock_Config
 .text.main     0x080004b0       0x1c build/main.o
                0x080004b0                main
 .text.HAL_MspInit
                0x080004cc       0x30 build/stm32l4xx_hal_msp.o
                0x080004cc                HAL_MspInit
 .text.HAL_UART_MspInit
                0x080004fc       0xf4 build/stm32l4xx_hal_msp.o
                0x080004fc                HAL_UART_MspInit
 .text.HAL_PCD_MspInit
                0x080005f0       0xc8 build/stm32l4xx_hal_msp.o
                0x080005f0                HAL_PCD_MspInit
 .text.NMI_Handler
                0x080006b8        0x2 build/stm32l4xx_it.o
                0x080006b8                NMI_Handler
 .text.HardFault_Handler
                0x080006ba        0x2 build/stm32l4xx_it.o
                0x080006ba                HardFault_Handler
 .text.MemManage_Handler
                0x080006bc        0x2 build/stm32l4xx_it.o
                0x080006bc                MemManage_Handler
 .text.BusFault_Handler
                0x080006be        0x2 build/stm32l4xx_it.o
                0x080006be                BusFault_Handler
 .text.UsageFault_Handler
                0x080006c0        0x2 build/stm32l4xx_it.o
                0x080006c0                UsageFault_Handler
 .text.SVC_Handler
                0x080006c2        0x2 build/stm32l4xx_it.o
                0x080006c2                SVC_Handler
 .text.DebugMon_Handler
                0x080006c4        0x2 build/stm32l4xx_it.o
                0x080006c4                DebugMon_Handler
 .text.PendSV_Handler
                0x080006c6        0x2 build/stm32l4xx_it.o
                0x080006c6                PendSV_Handler
 .text.SysTick_Handler
                0x080006c8        0x8 build/stm32l4xx_it.o
                0x080006c8                SysTick_Handler
 .text.SystemInit
                0x080006d0       0x14 build/system_stm32l4xx.o
                0x080006d0                SystemInit
 .text.HAL_InitTick
                0x080006e4       0x50 build/stm32l4xx_hal.o
                0x080006e4                HAL_InitTick
 .text.HAL_Init
                0x08000734       0x1e build/stm32l4xx_hal.o
                0x08000734                HAL_Init
 *fill*         0x08000752        0x2 
 .text.HAL_IncTick
                0x08000754       0x18 build/stm32l4xx_hal.o
                0x08000754                HAL_IncTick
 .text.HAL_GetTick
                0x0800076c        0xc build/stm32l4xx_hal.o
                0x0800076c                HAL_GetTick
 .text.HAL_Delay
                0x08000778       0x28 build/stm32l4xx_hal.o
                0x08000778                HAL_Delay
 .text.__NVIC_SetPriority
                0x080007a0       0x28 build/stm32l4xx_hal_cortex.o
 .text.NVIC_EncodePriority
                0x080007c8       0x3e build/stm32l4xx_hal_cortex.o
 *fill*         0x08000806        0x2 
 .text.HAL_NVIC_SetPriorityGrouping
                0x08000808       0x24 build/stm32l4xx_hal_cortex.o
                0x08000808                HAL_NVIC_SetPriorityGrouping
 .text.HAL_NVIC_SetPriority
                0x0800082c       0x20 build/stm32l4xx_hal_cortex.o
                0x0800082c                HAL_NVIC_SetPriority
 .text.HAL_SYSTICK_Config
                0x0800084c       0x28 build/stm32l4xx_hal_cortex.o
                0x0800084c                HAL_SYSTICK_Config
 .text.HAL_GPIO_Init
                0x08000874      0x1f0 build/stm32l4xx_hal_gpio.o
                0x08000874                HAL_GPIO_Init
 .text.HAL_GPIO_WritePin
                0x08000a64        0xa build/stm32l4xx_hal_gpio.o
                0x08000a64                HAL_GPIO_WritePin
 .text.HAL_PCD_Init
                0x08000a6e      0x13c build/stm32l4xx_hal_pcd.o
                0x08000a6e                HAL_PCD_Init
 .text.HAL_PCDEx_ActivateLPM
                0x08000baa       0x26 build/stm32l4xx_hal_pcd_ex.o
                0x08000baa                HAL_PCDEx_ActivateLPM
 .text.HAL_PWREx_GetVoltageRange
                0x08000bd0       0x24 build/stm32l4xx_hal_pwr_ex.o
                0x08000bd0                HAL_PWREx_GetVoltageRange
 .text.HAL_PWREx_ControlVoltageScaling
                0x08000bf4      0x10c build/stm32l4xx_hal_pwr_ex.o
                0x08000bf4                HAL_PWREx_ControlVoltageScaling
 .text.HAL_PWREx_EnableVddUSB
                0x08000d00       0x10 build/stm32l4xx_hal_pwr_ex.o
                0x08000d00                HAL_PWREx_EnableVddUSB
 .text.HAL_PWREx_EnableVddIO2
                0x08000d10       0x10 build/stm32l4xx_hal_pwr_ex.o
                0x08000d10                HAL_PWREx_EnableVddIO2
 .text.RCC_GetSysClockFreqFromPLLSource
                0x08000d20       0x7c build/stm32l4xx_hal_rcc.o
 .text.RCC_SetFlashLatencyFromMSIRange
                0x08000d9c       0x8c build/stm32l4xx_hal_rcc.o
 .text.HAL_RCC_GetSysClockFreq
                0x08000e28       0xb4 build/stm32l4xx_hal_rcc.o
                0x08000e28                HAL_RCC_GetSysClockFreq
 .text.HAL_RCC_OscConfig
                0x08000edc      0x67c build/stm32l4xx_hal_rcc.o
                0x08000edc                HAL_RCC_OscConfig
 .text.HAL_RCC_ClockConfig
                0x08001558      0x204 build/stm32l4xx_hal_rcc.o
                0x08001558                HAL_RCC_ClockConfig
 .text.HAL_RCC_GetHCLKFreq
                0x0800175c        0xc build/stm32l4xx_hal_rcc.o
                0x0800175c                HAL_RCC_GetHCLKFreq
 .text.HAL_RCC_GetPCLK1Freq
                0x08001768       0x24 build/stm32l4xx_hal_rcc.o
                0x08001768                HAL_RCC_GetPCLK1Freq
 .text.HAL_RCC_GetPCLK2Freq
                0x0800178c       0x24 build/stm32l4xx_hal_rcc.o
                0x0800178c                HAL_RCC_GetPCLK2Freq
 .text.RCCEx_PLLSAI2_Config
                0x080017b0      0x16c build/stm32l4xx_hal_rcc_ex.o
 .text.RCCEx_PLLSAI1_Config
                0x0800191c      0x16c build/stm32l4xx_hal_rcc_ex.o
 .text.HAL_RCCEx_PeriphCLKConfig
                0x08001a88      0x4dc build/stm32l4xx_hal_rcc_ex.o
                0x08001a88                HAL_RCCEx_PeriphCLKConfig
 .text.UART_EndRxTransfer
                0x08001f64       0x56 build/stm32l4xx_hal_uart.o
 *fill*         0x08001fba        0x2 
 .text.UART_SetConfig
                0x08001fbc      0x388 build/stm32l4xx_hal_uart.o
                0x08001fbc                UART_SetConfig
 .text.UART_AdvFeatureConfig
                0x08002344       0xca build/stm32l4xx_hal_uart.o
                0x08002344                UART_AdvFeatureConfig
 .text.UART_WaitOnFlagUntilTimeout
                0x0800240e       0x96 build/stm32l4xx_hal_uart.o
                0x0800240e                UART_WaitOnFlagUntilTimeout
 .text.UART_CheckIdleState
                0x080024a4       0xca build/stm32l4xx_hal_uart.o
                0x080024a4                UART_CheckIdleState
 .text.HAL_UART_Init
                0x0800256e       0x66 build/stm32l4xx_hal_uart.o
                0x0800256e                HAL_UART_Init
 .text.UARTEx_SetNbDataToProcess
                0x080025d4       0x4c build/stm32l4xx_hal_uart_ex.o
 .text.HAL_UARTEx_DisableFifoMode
                0x08002620       0x3e build/stm32l4xx_hal_uart_ex.o
                0x08002620                HAL_UARTEx_DisableFifoMode
 .text.HAL_UARTEx_SetTxFifoThreshold
                0x0800265e       0x4a build/stm32l4xx_hal_uart_ex.o
                0x0800265e                HAL_UARTEx_SetTxFifoThreshold
 .text.HAL_UARTEx_SetRxFifoThreshold
                0x080026a8       0x4a build/stm32l4xx_hal_uart_ex.o
                0x080026a8                HAL_UARTEx_SetRxFifoThreshold
 *fill*         0x080026f2        0x2 
 .text.USB_CoreReset
                0x080026f4       0x50 build/stm32l4xx_ll_usb.o
 .text.USB_CoreInit
                0x08002744       0x38 build/stm32l4xx_ll_usb.o
                0x08002744                USB_CoreInit
 .text.USB_DisableGlobalInt
                0x0800277c        0xc build/stm32l4xx_ll_usb.o
                0x0800277c                USB_DisableGlobalInt
 .text.USB_FlushTxFifo
                0x08002788       0x50 build/stm32l4xx_ll_usb.o
                0x08002788                USB_FlushTxFifo
 .text.USB_FlushRxFifo
                0x080027d8       0x4c build/stm32l4xx_ll_usb.o
                0x080027d8                USB_FlushRxFifo
 .text.USB_SetDevSpeed
                0x08002824        0xe build/stm32l4xx_ll_usb.o
                0x08002824                USB_SetDevSpeed
 *fill*         0x08002832        0x2 
 .text.USB_DevInit
                0x08002834      0x160 build/stm32l4xx_ll_usb.o
                0x08002834                USB_DevInit
 .text.USB_DevDisconnect
                0x08002994       0x1c build/stm32l4xx_ll_usb.o
                0x08002994                USB_DevDisconnect
 .text.USB_GetMode
                0x080029b0        0x8 build/stm32l4xx_ll_usb.o
                0x080029b0                USB_GetMode
 .text.USB_SetCurrentMode
                0x080029b8       0x62 build/stm32l4xx_ll_usb.o
                0x080029b8                USB_SetCurrentMode
 *fill*         0x08002a1a        0x2 
 .text.Reset_Handler
                0x08002a1c       0x50 build/startup_stm32l4r5xx.o
                0x08002a1c                Reset_Handler
 .text.Default_Handler
                0x08002a6c        0x2 build/startup_stm32l4r5xx.o
                0x08002a6c                RTC_Alarm_IRQHandler
                0x08002a6c                EXTI2_IRQHandler
                0x08002a6c                TIM8_TRG_COM_IRQHandler
                0x08002a6c                TIM8_CC_IRQHandler
                0x08002a6c                TIM1_CC_IRQHandler
                0x08002a6c                TSC_IRQHandler
                0x08002a6c                TAMP_STAMP_IRQHandler
                0x08002a6c                EXTI3_IRQHandler
                0x08002a6c                LPTIM2_IRQHandler
                0x08002a6c                DFSDM1_FLT1_IRQHandler
                0x08002a6c                GFXMMU_IRQHandler
                0x08002a6c                I2C3_ER_IRQHandler
                0x08002a6c                DFSDM1_FLT2_IRQHandler
                0x08002a6c                EXTI0_IRQHandler
                0x08002a6c                I2C2_EV_IRQHandler
                0x08002a6c                CAN1_RX0_IRQHandler
                0x08002a6c                FPU_IRQHandler
                0x08002a6c                TIM1_UP_TIM16_IRQHandler
                0x08002a6c                LTDC_ER_IRQHandler
                0x08002a6c                SPI1_IRQHandler
                0x08002a6c                OCTOSPI1_IRQHandler
                0x08002a6c                TIM6_DAC_IRQHandler
                0x08002a6c                DCMI_IRQHandler
                0x08002a6c                TIM8_UP_IRQHandler
                0x08002a6c                OCTOSPI2_IRQHandler
                0x08002a6c                DMA2_Channel2_IRQHandler
                0x08002a6c                DMA1_Channel4_IRQHandler
                0x08002a6c                SAI2_IRQHandler
                0x08002a6c                ADC1_IRQHandler
                0x08002a6c                DFSDM1_FLT3_IRQHandler
                0x08002a6c                USART3_IRQHandler
                0x08002a6c                DMA1_Channel7_IRQHandler
                0x08002a6c                CAN1_RX1_IRQHandler
                0x08002a6c                UART5_IRQHandler
                0x08002a6c                TIM4_IRQHandler
                0x08002a6c                DMA2_Channel1_IRQHandler
                0x08002a6c                I2C1_EV_IRQHandler
                0x08002a6c                DMAMUX1_OVR_IRQHandler
                0x08002a6c                DMA1_Channel6_IRQHandler
                0x08002a6c                UART4_IRQHandler
                0x08002a6c                DMA2_Channel4_IRQHandler
                0x08002a6c                TIM3_IRQHandler
                0x08002a6c                RCC_IRQHandler
                0x08002a6c                DMA1_Channel1_IRQHandler
                0x08002a6c                Default_Handler
                0x08002a6c                DMA2_Channel7_IRQHandler
                0x08002a6c                EXTI15_10_IRQHandler
                0x08002a6c                TIM7_IRQHandler
                0x08002a6c                SDMMC1_IRQHandler
                0x08002a6c                TIM5_IRQHandler
                0x08002a6c                I2C3_EV_IRQHandler
                0x08002a6c                EXTI9_5_IRQHandler
                0x08002a6c                RTC_WKUP_IRQHandler
                0x08002a6c                LTDC_IRQHandler
                0x08002a6c                PVD_PVM_IRQHandler
                0x08002a6c                SPI2_IRQHandler
                0x08002a6c                CAN1_TX_IRQHandler
                0x08002a6c                DMA2_Channel5_IRQHandler
                0x08002a6c                CRS_IRQHandler
                0x08002a6c                DMA1_Channel5_IRQHandler
                0x08002a6c                EXTI4_IRQHandler
                0x08002a6c                RNG_IRQHandler
                0x08002a6c                TIM1_TRG_COM_TIM17_IRQHandler
                0x08002a6c                DMA1_Channel3_IRQHandler
                0x08002a6c                COMP_IRQHandler
                0x08002a6c                WWDG_IRQHandler
                0x08002a6c                I2C4_EV_IRQHandler
                0x08002a6c                LPUART1_IRQHandler
                0x08002a6c                DMA2_Channel6_IRQHandler
                0x08002a6c                TIM2_IRQHandler
                0x08002a6c                DMA2D_IRQHandler
                0x08002a6c                EXTI1_IRQHandler
                0x08002a6c                USART2_IRQHandler
                0x08002a6c                DFSDM1_FLT0_IRQHandler
                0x08002a6c                I2C2_ER_IRQHandler
                0x08002a6c                DMA1_Channel2_IRQHandler
                0x08002a6c                TIM8_BRK_IRQHandler
                0x08002a6c                CAN1_SCE_IRQHandler
                0x08002a6c                FLASH_IRQHandler
                0x08002a6c                USART1_IRQHandler
                0x08002a6c                OTG_FS_IRQHandler
                0x08002a6c                SPI3_IRQHandler
                0x08002a6c                I2C1_ER_IRQHandler
                0x08002a6c                FMC_IRQHandler
                0x08002a6c                LPTIM1_IRQHandler
                0x08002a6c                I2C4_ER_IRQHandler
                0x08002a6c                SAI1_IRQHandler
                0x08002a6c                DMA2_Channel3_IRQHandler
                0x08002a6c                TIM1_BRK_TIM15_IRQHandler
 .text.memset   0x08002a6e       0x10 C:/Users/gigig/AppData/Roaming/Code/User/globalStorage/bmd.stm32-for-vscode/@xpack-dev-tools/arm-none-eabi-gcc/13.2.1-1.1.1/.content/bin/../lib/gcc/arm-none-eabi/13.2.1/../../../../arm-none-eabi/lib/thumb/v7e-m+fp/hard\libc_nano.a(libc_a-memset.o)
                0x08002a6e                memset
 *fill*         0x08002a7e        0x2 
 .text.__libc_init_array
                0x08002a80       0x48 C:/Users/gigig/AppData/Roaming/Code/User/globalStorage/bmd.stm32-for-vscode/@xpack-dev-tools/arm-none-eabi-gcc/13.2.1-1.1.1/.content/bin/../lib/gcc/arm-none-eabi/13.2.1/../../../../arm-none-eabi/lib/thumb/v7e-m+fp/hard\libc_nano.a(libc_a-init.o)
                0x08002a80                __libc_init_array
 .text.__udivmoddi4
                0x08002ac8      0x2bc C:/Users/gigig/AppData/Roaming/Code/User/globalStorage/bmd.stm32-for-vscode/@xpack-dev-tools/arm-none-eabi-gcc/13.2.1-1.1.1/.content/bin/../lib/gcc/arm-none-eabi/13.2.1/thumb/v7e-m+fp/hard\libgcc.a(_udivmoddi4.o)
                0x08002ac8                __udivmoddi4
 *(.glue_7)
 .glue_7        0x08002d84        0x0 linker stubs
 *(.glue_7t)
 .glue_7t       0x08002d84        0x0 linker stubs
 *(.eh_frame)
 .eh_frame      0x08002d84        0x0 C:/Users/gigig/AppData/Roaming/Code/User/globalStorage/bmd.stm32-for-vscode/@xpack-dev-tools/arm-none-eabi-gcc/13.2.1-1.1.1/.content/bin/../lib/gcc/arm-none-eabi/13.2.1/thumb/v7e-m+fp/hard/crtbegin.o
 *(.init)
 .init          0x08002d84        0x4 C:/Users/gigig/AppData/Roaming/Code/User/globalStorage/bmd.stm32-for-vscode/@xpack-dev-tools/arm-none-eabi-gcc/13.2.1-1.1.1/.content/bin/../lib/gcc/arm-none-eabi/13.2.1/thumb/v7e-m+fp/hard/crti.o
                0x08002d84                _init
 .init          0x08002d88        0x8 C:/Users/gigig/AppData/Roaming/Code/User/globalStorage/bmd.stm32-for-vscode/@xpack-dev-tools/arm-none-eabi-gcc/13.2.1-1.1.1/.content/bin/../lib/gcc/arm-none-eabi/13.2.1/thumb/v7e-m+fp/hard/crtn.o
 *(.fini)
 .fini          0x08002d90        0x4 C:/Users/gigig/AppData/Roaming/Code/User/globalStorage/bmd.stm32-for-vscode/@xpack-dev-tools/arm-none-eabi-gcc/13.2.1-1.1.1/.content/bin/../lib/gcc/arm-none-eabi/13.2.1/thumb/v7e-m+fp/hard/crti.o
                0x08002d90                _fini
 .fini          0x08002d94        0x8 C:/Users/gigig/AppData/Roaming/Code/User/globalStorage/bmd.stm32-for-vscode/@xpack-dev-tools/arm-none-eabi-gcc/13.2.1-1.1.1/.content/bin/../lib/gcc/arm-none-eabi/13.2.1/thumb/v7e-m+fp/hard/crtn.o
                0x08002da0                        . = ALIGN (0x8)
 *fill*         0x08002d9c        0x4 
                0x08002da0                        _etext = .

.vfp11_veneer   0x08002da0        0x0
 .vfp11_veneer  0x08002da0        0x0 linker stubs

.v4_bx          0x08002da0        0x0
 .v4_bx         0x08002da0        0x0 linker stubs

.iplt           0x08002da0        0x0
 .iplt          0x08002da0        0x0 C:/Users/gigig/AppData/Roaming/Code/User/globalStorage/bmd.stm32-for-vscode/@xpack-dev-tools/arm-none-eabi-gcc/13.2.1-1.1.1/.content/bin/../lib/gcc/arm-none-eabi/13.2.1/thumb/v7e-m+fp/hard/crtbegin.o

.rodata         0x08002da0       0x70
                0x08002da0                        . = ALIGN (0x8)
 *(.rodata)
 *(.rodata*)
 .rodata.MSIRangeTable
                0x08002da0       0x30 build/system_stm32l4xx.o
                0x08002da0                MSIRangeTable
 .rodata.APBPrescTable
                0x08002dd0        0x8 build/system_stm32l4xx.o
                0x08002dd0                APBPrescTable
 .rodata.AHBPrescTable
                0x08002dd8       0x10 build/system_stm32l4xx.o
                0x08002dd8                AHBPrescTable
 .rodata.UARTPrescTable
                0x08002de8       0x18 build/stm32l4xx_hal_uart.o
                0x08002de8                UARTPrescTable
 .rodata.denominator.0
                0x08002e00        0x8 build/stm32l4xx_hal_uart_ex.o
 .rodata.numerator.1
                0x08002e08        0x8 build/stm32l4xx_hal_uart_ex.o
                0x08002e10                        . = ALIGN (0x8)

.ARM.extab      0x08002e10        0x0
                0x08002e10                        . = ALIGN (0x8)
 *(.ARM.extab* .gnu.linkonce.armextab.*)
                0x08002e10                        . = ALIGN (0x8)

.ARM            0x08002e10        0x8
                0x08002e10                        . = ALIGN (0x8)
                0x08002e10                        __exidx_start = .
 *(.ARM.exidx*)
 .ARM.exidx.text.__udivmoddi4
                0x08002e10        0x8 C:/Users/gigig/AppData/Roaming/Code/User/globalStorage/bmd.stm32-for-vscode/@xpack-dev-tools/arm-none-eabi-gcc/13.2.1-1.1.1/.content/bin/../lib/gcc/arm-none-eabi/13.2.1/thumb/v7e-m+fp/hard\libgcc.a(_udivmoddi4.o)
                0x08002e18                        __exidx_end = .
                0x08002e18                        . = ALIGN (0x8)

.rel.dyn        0x08002e18        0x0
 .rel.iplt      0x08002e18        0x0 C:/Users/gigig/AppData/Roaming/Code/User/globalStorage/bmd.stm32-for-vscode/@xpack-dev-tools/arm-none-eabi-gcc/13.2.1-1.1.1/.content/bin/../lib/gcc/arm-none-eabi/13.2.1/thumb/v7e-m+fp/hard/crtbegin.o

.preinit_array  0x08002e18        0x0
                0x08002e18                        . = ALIGN (0x8)
                0x08002e18                        PROVIDE (__preinit_array_start = .)
 *(.preinit_array*)
                0x08002e18                        PROVIDE (__preinit_array_end = .)
                0x08002e18                        . = ALIGN (0x8)

.init_array     0x08002e18        0x8
                0x08002e18                        . = ALIGN (0x8)
                0x08002e18                        PROVIDE (__init_array_start = .)
 *(SORT_BY_NAME(.init_array.*))
 *(.init_array*)
 .init_array    0x08002e18        0x4 C:/Users/gigig/AppData/Roaming/Code/User/globalStorage/bmd.stm32-for-vscode/@xpack-dev-tools/arm-none-eabi-gcc/13.2.1-1.1.1/.content/bin/../lib/gcc/arm-none-eabi/13.2.1/thumb/v7e-m+fp/hard/crtbegin.o
                0x08002e1c                        PROVIDE (__init_array_end = .)
                0x08002e20                        . = ALIGN (0x8)
 *fill*         0x08002e1c        0x4 

.fini_array     0x08002e20        0x8
                0x08002e20                        . = ALIGN (0x8)
                0x08002e20                        PROVIDE (__fini_array_start = .)
 *(SORT_BY_NAME(.fini_array.*))
 *(.fini_array*)
 .fini_array    0x08002e20        0x4 C:/Users/gigig/AppData/Roaming/Code/User/globalStorage/bmd.stm32-for-vscode/@xpack-dev-tools/arm-none-eabi-gcc/13.2.1-1.1.1/.content/bin/../lib/gcc/arm-none-eabi/13.2.1/thumb/v7e-m+fp/hard/crtbegin.o
                0x08002e24                        PROVIDE (__fini_array_end = .)
                0x08002e28                        . = ALIGN (0x8)
 *fill*         0x08002e24        0x4 
                0x08002e28                        _sidata = LOADADDR (.data)

.data           0x20000000       0x10 load address 0x08002e28
                0x20000000                        . = ALIGN (0x8)
                0x20000000                        _sdata = .
 *(.data)
 *(.data*)
 .data.SystemCoreClock
                0x20000000        0x4 build/system_stm32l4xx.o
                0x20000000                SystemCoreClock
 .data.uwTickFreq
                0x20000004        0x1 build/stm32l4xx_hal.o
                0x20000004                uwTickFreq
 *fill*         0x20000005        0x3 
 .data.uwTickPrio
                0x20000008        0x4 build/stm32l4xx_hal.o
                0x20000008                uwTickPrio
                0x20000010                        . = ALIGN (0x8)
 *fill*         0x2000000c        0x4 
                0x20000010                        _edata = .

.igot.plt       0x20000010        0x0 load address 0x08002e38
 .igot.plt      0x20000010        0x0 C:/Users/gigig/AppData/Roaming/Code/User/globalStorage/bmd.stm32-for-vscode/@xpack-dev-tools/arm-none-eabi-gcc/13.2.1-1.1.1/.content/bin/../lib/gcc/arm-none-eabi/13.2.1/thumb/v7e-m+fp/hard/crtbegin.o
                0x20000010                        . = ALIGN (0x4)

.bss            0x20000010      0x654 load address 0x08002e38
                0x20000010                        _sbss = .
                0x20000010                        __bss_start__ = _sbss
 *(.bss)
 *(.bss*)
 .bss.completed.1
                0x20000010        0x1 C:/Users/gigig/AppData/Roaming/Code/User/globalStorage/bmd.stm32-for-vscode/@xpack-dev-tools/arm-none-eabi-gcc/13.2.1-1.1.1/.content/bin/../lib/gcc/arm-none-eabi/13.2.1/thumb/v7e-m+fp/hard/crtbegin.o
 *fill*         0x20000011        0x3 
 .bss.object.0  0x20000014       0x18 C:/Users/gigig/AppData/Roaming/Code/User/globalStorage/bmd.stm32-for-vscode/@xpack-dev-tools/arm-none-eabi-gcc/13.2.1-1.1.1/.content/bin/../lib/gcc/arm-none-eabi/13.2.1/thumb/v7e-m+fp/hard/crtbegin.o
 .bss.hpcd_USB_OTG_FS
                0x2000002c      0x50c build/main.o
                0x2000002c                hpcd_USB_OTG_FS
 .bss.huart3    0x20000538       0x94 build/main.o
                0x20000538                huart3
 .bss.hlpuart1  0x200005cc       0x94 build/main.o
                0x200005cc                hlpuart1
 .bss.uwTick    0x20000660        0x4 build/stm32l4xx_hal.o
                0x20000660                uwTick
 *(COMMON)
                0x20000664                        . = ALIGN (0x4)
                0x20000664                        _ebss = .
                0x20000664                        __bss_end__ = _ebss

._user_heap_stack
                0x20000664      0x604 load address 0x08002e38
                0x20000668                        . = ALIGN (0x8)
 *fill*         0x20000664        0x4 
                0x20000668                        PROVIDE (end = .)
                [!provide]                        PROVIDE (_end = .)
                0x20000868                        . = (. + _Min_Heap_Size)
 *fill*         0x20000668      0x200 
                0x20000c68                        . = (. + _Min_Stack_Size)
 *fill*         0x20000868      0x400 
                0x20000c68                        . = ALIGN (0x8)

/DISCARD/
 libc.a(*)
 libm.a(*)
 libgcc.a(*)

.ARM.attributes
                0x00000000       0x30
 *(.ARM.attributes)
 .ARM.attributes
                0x00000000       0x22 C:/Users/gigig/AppData/Roaming/Code/User/globalStorage/bmd.stm32-for-vscode/@xpack-dev-tools/arm-none-eabi-gcc/13.2.1-1.1.1/.content/bin/../lib/gcc/arm-none-eabi/13.2.1/thumb/v7e-m+fp/hard/crti.o
 .ARM.attributes
                0x00000022       0x34 C:/Users/gigig/AppData/Roaming/Code/User/globalStorage/bmd.stm32-for-vscode/@xpack-dev-tools/arm-none-eabi-gcc/13.2.1-1.1.1/.content/bin/../lib/gcc/arm-none-eabi/13.2.1/thumb/v7e-m+fp/hard/crtbegin.o
 .ARM.attributes
                0x00000056       0x34 build/main.o
 .ARM.attributes
                0x0000008a       0x34 build/stm32l4xx_hal_msp.o
 .ARM.attributes
                0x000000be       0x34 build/stm32l4xx_it.o
 .ARM.attributes
                0x000000f2       0x34 build/system_stm32l4xx.o
 .ARM.attributes
                0x00000126       0x34 build/stm32l4xx_hal.o
 .ARM.attributes
                0x0000015a       0x34 build/stm32l4xx_hal_cortex.o
 .ARM.attributes
                0x0000018e       0x34 build/stm32l4xx_hal_gpio.o
 .ARM.attributes
                0x000001c2       0x34 build/stm32l4xx_hal_pcd.o
 .ARM.attributes
                0x000001f6       0x34 build/stm32l4xx_hal_pcd_ex.o
 .ARM.attributes
                0x0000022a       0x34 build/stm32l4xx_hal_pwr_ex.o
 .ARM.attributes
                0x0000025e       0x34 build/stm32l4xx_hal_rcc.o
 .ARM.attributes
                0x00000292       0x34 build/stm32l4xx_hal_rcc_ex.o
 .ARM.attributes
                0x000002c6       0x34 build/stm32l4xx_hal_uart.o
 .ARM.attributes
                0x000002fa       0x34 build/stm32l4xx_hal_uart_ex.o
 .ARM.attributes
                0x0000032e       0x34 build/stm32l4xx_ll_usb.o
 .ARM.attributes
                0x00000362       0x21 build/startup_stm32l4r5xx.o
 .ARM.attributes
                0x00000383       0x34 C:/Users/gigig/AppData/Roaming/Code/User/globalStorage/bmd.stm32-for-vscode/@xpack-dev-tools/arm-none-eabi-gcc/13.2.1-1.1.1/.content/bin/../lib/gcc/arm-none-eabi/13.2.1/../../../../arm-none-eabi/lib/thumb/v7e-m+fp/hard\libc_nano.a(libc_a-memset.o)
 .ARM.attributes
                0x000003b7       0x34 C:/Users/gigig/AppData/Roaming/Code/User/globalStorage/bmd.stm32-for-vscode/@xpack-dev-tools/arm-none-eabi-gcc/13.2.1-1.1.1/.content/bin/../lib/gcc/arm-none-eabi/13.2.1/../../../../arm-none-eabi/lib/thumb/v7e-m+fp/hard\libc_nano.a(libc_a-init.o)
 .ARM.attributes
                0x000003eb       0x22 C:/Users/gigig/AppData/Roaming/Code/User/globalStorage/bmd.stm32-for-vscode/@xpack-dev-tools/arm-none-eabi-gcc/13.2.1-1.1.1/.content/bin/../lib/gcc/arm-none-eabi/13.2.1/thumb/v7e-m+fp/hard\libgcc.a(_aeabi_uldivmod.o)
 .ARM.attributes
                0x0000040d       0x34 C:/Users/gigig/AppData/Roaming/Code/User/globalStorage/bmd.stm32-for-vscode/@xpack-dev-tools/arm-none-eabi-gcc/13.2.1-1.1.1/.content/bin/../lib/gcc/arm-none-eabi/13.2.1/thumb/v7e-m+fp/hard\libgcc.a(_udivmoddi4.o)
 .ARM.attributes
                0x00000441       0x22 C:/Users/gigig/AppData/Roaming/Code/User/globalStorage/bmd.stm32-for-vscode/@xpack-dev-tools/arm-none-eabi-gcc/13.2.1-1.1.1/.content/bin/../lib/gcc/arm-none-eabi/13.2.1/thumb/v7e-m+fp/hard\libgcc.a(_dvmd_tls.o)
 .ARM.attributes
                0x00000463       0x22 C:/Users/gigig/AppData/Roaming/Code/User/globalStorage/bmd.stm32-for-vscode/@xpack-dev-tools/arm-none-eabi-gcc/13.2.1-1.1.1/.content/bin/../lib/gcc/arm-none-eabi/13.2.1/thumb/v7e-m+fp/hard/crtn.o
OUTPUT(build/AVI_FAS_SPB.elf elf32-littlearm)
LOAD linker stubs
LOAD C:/Users/gigig/AppData/Roaming/Code/User/globalStorage/bmd.stm32-for-vscode/@xpack-dev-tools/arm-none-eabi-gcc/13.2.1-1.1.1/.content/bin/../lib/gcc/arm-none-eabi/13.2.1/../../../../arm-none-eabi/lib/thumb/v7e-m+fp/hard\libc.a
LOAD C:/Users/gigig/AppData/Roaming/Code/User/globalStorage/bmd.stm32-for-vscode/@xpack-dev-tools/arm-none-eabi-gcc/13.2.1-1.1.1/.content/bin/../lib/gcc/arm-none-eabi/13.2.1/../../../../arm-none-eabi/lib/thumb/v7e-m+fp/hard\libm.a
LOAD C:/Users/gigig/AppData/Roaming/Code/User/globalStorage/bmd.stm32-for-vscode/@xpack-dev-tools/arm-none-eabi-gcc/13.2.1-1.1.1/.content/bin/../lib/gcc/arm-none-eabi/13.2.1/thumb/v7e-m+fp/hard\libgcc.a

.comment        0x00000000       0x39
 .comment       0x00000000       0x39 C:/Users/gigig/AppData/Roaming/Code/User/globalStorage/bmd.stm32-for-vscode/@xpack-dev-tools/arm-none-eabi-gcc/13.2.1-1.1.1/.content/bin/../lib/gcc/arm-none-eabi/13.2.1/thumb/v7e-m+fp/hard/crtbegin.o
                                 0x3a (size before relaxing)
 .comment       0x00000039       0x3a build/main.o
 .comment       0x00000039       0x3a build/stm32l4xx_hal_msp.o
 .comment       0x00000039       0x3a build/stm32l4xx_it.o
 .comment       0x00000039       0x3a build/system_stm32l4xx.o
 .comment       0x00000039       0x3a build/stm32l4xx_hal.o
 .comment       0x00000039       0x3a build/stm32l4xx_hal_cortex.o
 .comment       0x00000039       0x3a build/stm32l4xx_hal_gpio.o
 .comment       0x00000039       0x3a build/stm32l4xx_hal_pcd.o
 .comment       0x00000039       0x3a build/stm32l4xx_hal_pcd_ex.o
 .comment       0x00000039       0x3a build/stm32l4xx_hal_pwr_ex.o
 .comment       0x00000039       0x3a build/stm32l4xx_hal_rcc.o
 .comment       0x00000039       0x3a build/stm32l4xx_hal_rcc_ex.o
 .comment       0x00000039       0x3a build/stm32l4xx_hal_uart.o
 .comment       0x00000039       0x3a build/stm32l4xx_hal_uart_ex.o
 .comment       0x00000039       0x3a build/stm32l4xx_ll_usb.o
 .comment       0x00000039       0x3a C:/Users/gigig/AppData/Roaming/Code/User/globalStorage/bmd.stm32-for-vscode/@xpack-dev-tools/arm-none-eabi-gcc/13.2.1-1.1.1/.content/bin/../lib/gcc/arm-none-eabi/13.2.1/../../../../arm-none-eabi/lib/thumb/v7e-m+fp/hard\libc_nano.a(libc_a-memset.o)
 .comment       0x00000039       0x3a C:/Users/gigig/AppData/Roaming/Code/User/globalStorage/bmd.stm32-for-vscode/@xpack-dev-tools/arm-none-eabi-gcc/13.2.1-1.1.1/.content/bin/../lib/gcc/arm-none-eabi/13.2.1/../../../../arm-none-eabi/lib/thumb/v7e-m+fp/hard\libc_nano.a(libc_a-init.o)
 .comment       0x00000039       0x3a C:/Users/gigig/AppData/Roaming/Code/User/globalStorage/bmd.stm32-for-vscode/@xpack-dev-tools/arm-none-eabi-gcc/13.2.1-1.1.1/.content/bin/../lib/gcc/arm-none-eabi/13.2.1/thumb/v7e-m+fp/hard\libgcc.a(_udivmoddi4.o)

.debug_info     0x00000000    0x148f2
 .debug_info    0x00000000     0x177d build/main.o
 .debug_info    0x0000177d     0x16a2 build/stm32l4xx_hal_msp.o
 .debug_info    0x00002e1f      0x11d build/stm32l4xx_it.o
 .debug_info    0x00002f3c      0x603 build/system_stm32l4xx.o
 .debug_info    0x0000353f      0xc04 build/stm32l4xx_hal.o
 .debug_info    0x00004143      0xfcf build/stm32l4xx_hal_cortex.o
 .debug_info    0x00005112      0x7b9 build/stm32l4xx_hal_gpio.o
 .debug_info    0x000058cb     0x1b59 build/stm32l4xx_hal_pcd.o
 .debug_info    0x00007424      0xa05 build/stm32l4xx_hal_pcd_ex.o
 .debug_info    0x00007e29      0xab8 build/stm32l4xx_hal_pwr_ex.o
 .debug_info    0x000088e1      0xffa build/stm32l4xx_hal_rcc.o
 .debug_info    0x000098db     0x15b2 build/stm32l4xx_hal_rcc_ex.o
 .debug_info    0x0000ae8d     0x624d build/stm32l4xx_hal_uart.o
 .debug_info    0x000110da     0x1284 build/stm32l4xx_hal_uart_ex.o
 .debug_info    0x0001235e     0x1e01 build/stm32l4xx_ll_usb.o
 .debug_info    0x0001415f       0x30 build/startup_stm32l4r5xx.o
 .debug_info    0x0001418f       0x24 C:/Users/gigig/AppData/Roaming/Code/User/globalStorage/bmd.stm32-for-vscode/@xpack-dev-tools/arm-none-eabi-gcc/13.2.1-1.1.1/.content/bin/../lib/gcc/arm-none-eabi/13.2.1/thumb/v7e-m+fp/hard\libgcc.a(_aeabi_uldivmod.o)
 .debug_info    0x000141b3      0x703 C:/Users/gigig/AppData/Roaming/Code/User/globalStorage/bmd.stm32-for-vscode/@xpack-dev-tools/arm-none-eabi-gcc/13.2.1-1.1.1/.content/bin/../lib/gcc/arm-none-eabi/13.2.1/thumb/v7e-m+fp/hard\libgcc.a(_udivmoddi4.o)
 .debug_info    0x000148b6       0x3c C:/Users/gigig/AppData/Roaming/Code/User/globalStorage/bmd.stm32-for-vscode/@xpack-dev-tools/arm-none-eabi-gcc/13.2.1-1.1.1/.content/bin/../lib/gcc/arm-none-eabi/13.2.1/thumb/v7e-m+fp/hard\libgcc.a(_dvmd_tls.o)

.debug_abbrev   0x00000000     0x27a5
 .debug_abbrev  0x00000000      0x2fd build/main.o
 .debug_abbrev  0x000002fd      0x28b build/stm32l4xx_hal_msp.o
 .debug_abbrev  0x00000588       0x7c build/stm32l4xx_it.o
 .debug_abbrev  0x00000604      0x11e build/system_stm32l4xx.o
 .debug_abbrev  0x00000722      0x267 build/stm32l4xx_hal.o
 .debug_abbrev  0x00000989      0x39b build/stm32l4xx_hal_cortex.o
 .debug_abbrev  0x00000d24      0x1f9 build/stm32l4xx_hal_gpio.o
 .debug_abbrev  0x00000f1d      0x2f0 build/stm32l4xx_hal_pcd.o
 .debug_abbrev  0x0000120d      0x2ad build/stm32l4xx_hal_pcd_ex.o
 .debug_abbrev  0x000014ba      0x215 build/stm32l4xx_hal_pwr_ex.o
 .debug_abbrev  0x000016cf      0x2cc build/stm32l4xx_hal_rcc.o
 .debug_abbrev  0x0000199b      0x2a8 build/stm32l4xx_hal_rcc_ex.o
 .debug_abbrev  0x00001c43      0x32e build/stm32l4xx_hal_uart.o
 .debug_abbrev  0x00001f71      0x343 build/stm32l4xx_hal_uart_ex.o
 .debug_abbrev  0x000022b4      0x329 build/stm32l4xx_ll_usb.o
 .debug_abbrev  0x000025dd       0x24 build/startup_stm32l4r5xx.o
 .debug_abbrev  0x00002601       0x14 C:/Users/gigig/AppData/Roaming/Code/User/globalStorage/bmd.stm32-for-vscode/@xpack-dev-tools/arm-none-eabi-gcc/13.2.1-1.1.1/.content/bin/../lib/gcc/arm-none-eabi/13.2.1/thumb/v7e-m+fp/hard\libgcc.a(_aeabi_uldivmod.o)
 .debug_abbrev  0x00002615      0x16a C:/Users/gigig/AppData/Roaming/Code/User/globalStorage/bmd.stm32-for-vscode/@xpack-dev-tools/arm-none-eabi-gcc/13.2.1-1.1.1/.content/bin/../lib/gcc/arm-none-eabi/13.2.1/thumb/v7e-m+fp/hard\libgcc.a(_udivmoddi4.o)
 .debug_abbrev  0x0000277f       0x26 C:/Users/gigig/AppData/Roaming/Code/User/globalStorage/bmd.stm32-for-vscode/@xpack-dev-tools/arm-none-eabi-gcc/13.2.1-1.1.1/.content/bin/../lib/gcc/arm-none-eabi/13.2.1/thumb/v7e-m+fp/hard\libgcc.a(_dvmd_tls.o)

.debug_aranges  0x00000000      0xd48
 .debug_aranges
                0x00000000       0x50 build/main.o
 .debug_aranges
                0x00000050       0x40 build/stm32l4xx_hal_msp.o
 .debug_aranges
                0x00000090       0x60 build/stm32l4xx_it.o
 .debug_aranges
                0x000000f0       0x28 build/system_stm32l4xx.o
 .debug_aranges
                0x00000118      0x130 build/stm32l4xx_hal.o
 .debug_aranges
                0x00000248       0xe0 build/stm32l4xx_hal_cortex.o
 .debug_aranges
                0x00000328       0x58 build/stm32l4xx_hal_gpio.o
 .debug_aranges
                0x00000380      0x138 build/stm32l4xx_hal_pcd.o
 .debug_aranges
                0x000004b8       0x60 build/stm32l4xx_hal_pcd_ex.o
 .debug_aranges
                0x00000518      0x170 build/stm32l4xx_hal_pwr_ex.o
 .debug_aranges
                0x00000688       0x98 build/stm32l4xx_hal_rcc.o
 .debug_aranges
                0x00000720      0x110 build/stm32l4xx_hal_rcc_ex.o
 .debug_aranges
                0x00000830      0x248 build/stm32l4xx_hal_uart.o
 .debug_aranges
                0x00000a78       0xa8 build/stm32l4xx_hal_uart_ex.o
 .debug_aranges
                0x00000b20      0x1a0 build/stm32l4xx_ll_usb.o
 .debug_aranges
                0x00000cc0       0x28 build/startup_stm32l4r5xx.o
 .debug_aranges
                0x00000ce8       0x20 C:/Users/gigig/AppData/Roaming/Code/User/globalStorage/bmd.stm32-for-vscode/@xpack-dev-tools/arm-none-eabi-gcc/13.2.1-1.1.1/.content/bin/../lib/gcc/arm-none-eabi/13.2.1/thumb/v7e-m+fp/hard\libgcc.a(_aeabi_uldivmod.o)
 .debug_aranges
                0x00000d08       0x20 C:/Users/gigig/AppData/Roaming/Code/User/globalStorage/bmd.stm32-for-vscode/@xpack-dev-tools/arm-none-eabi-gcc/13.2.1-1.1.1/.content/bin/../lib/gcc/arm-none-eabi/13.2.1/thumb/v7e-m+fp/hard\libgcc.a(_udivmoddi4.o)
 .debug_aranges
                0x00000d28       0x20 C:/Users/gigig/AppData/Roaming/Code/User/globalStorage/bmd.stm32-for-vscode/@xpack-dev-tools/arm-none-eabi-gcc/13.2.1-1.1.1/.content/bin/../lib/gcc/arm-none-eabi/13.2.1/thumb/v7e-m+fp/hard\libgcc.a(_dvmd_tls.o)

.debug_rnglists
                0x00000000      0xa6e
 .debug_rnglists
                0x00000000       0x38 build/main.o
 .debug_rnglists
                0x00000038       0x2d build/stm32l4xx_hal_msp.o
 .debug_rnglists
                0x00000065       0x43 build/stm32l4xx_it.o
 .debug_rnglists
                0x000000a8       0x1a build/system_stm32l4xx.o
 .debug_rnglists
                0x000000c2       0xdf build/stm32l4xx_hal.o
 .debug_rnglists
                0x000001a1       0xa3 build/stm32l4xx_hal_cortex.o
 .debug_rnglists
                0x00000244       0x3f build/stm32l4xx_hal_gpio.o
 .debug_rnglists
                0x00000283       0xea build/stm32l4xx_hal_pcd.o
 .debug_rnglists
                0x0000036d       0x44 build/stm32l4xx_hal_pcd_ex.o
 .debug_rnglists
                0x000003b1      0x115 build/stm32l4xx_hal_pwr_ex.o
 .debug_rnglists
                0x000004c6       0x82 build/stm32l4xx_hal_rcc.o
 .debug_rnglists
                0x00000548       0xe1 build/stm32l4xx_hal_rcc_ex.o
 .debug_rnglists
                0x00000629      0x1cb build/stm32l4xx_hal_uart.o
 .debug_rnglists
                0x000007f4       0x88 build/stm32l4xx_hal_uart_ex.o
 .debug_rnglists
                0x0000087c      0x140 build/stm32l4xx_ll_usb.o
 .debug_rnglists
                0x000009bc       0x19 build/startup_stm32l4r5xx.o
 .debug_rnglists
                0x000009d5       0x99 C:/Users/gigig/AppData/Roaming/Code/User/globalStorage/bmd.stm32-for-vscode/@xpack-dev-tools/arm-none-eabi-gcc/13.2.1-1.1.1/.content/bin/../lib/gcc/arm-none-eabi/13.2.1/thumb/v7e-m+fp/hard\libgcc.a(_udivmoddi4.o)

.debug_line     0x00000000     0xf78d
 .debug_line    0x00000000      0x6dd build/main.o
 .debug_line    0x000006dd      0x540 build/stm32l4xx_hal_msp.o
 .debug_line    0x00000c1d      0x13d build/stm32l4xx_it.o
 .debug_line    0x00000d5a      0x339 build/system_stm32l4xx.o
 .debug_line    0x00001093      0x748 build/stm32l4xx_hal.o
 .debug_line    0x000017db      0x88c build/stm32l4xx_hal_cortex.o
 .debug_line    0x00002067      0x77a build/stm32l4xx_hal_gpio.o
 .debug_line    0x000027e1     0x1365 build/stm32l4xx_hal_pcd.o
 .debug_line    0x00003b46      0x558 build/stm32l4xx_hal_pcd_ex.o
 .debug_line    0x0000409e      0xc2b build/stm32l4xx_hal_pwr_ex.o
 .debug_line    0x00004cc9     0x11cb build/stm32l4xx_hal_rcc.o
 .debug_line    0x00005e94     0x1bef build/stm32l4xx_hal_rcc_ex.o
 .debug_line    0x00007a83     0x4f39 build/stm32l4xx_hal_uart.o
 .debug_line    0x0000c9bc      0xb52 build/stm32l4xx_hal_uart_ex.o
 .debug_line    0x0000d50e     0x1bbe build/stm32l4xx_ll_usb.o
 .debug_line    0x0000f0cc       0x76 build/startup_stm32l4r5xx.o
 .debug_line    0x0000f142       0x4e C:/Users/gigig/AppData/Roaming/Code/User/globalStorage/bmd.stm32-for-vscode/@xpack-dev-tools/arm-none-eabi-gcc/13.2.1-1.1.1/.content/bin/../lib/gcc/arm-none-eabi/13.2.1/thumb/v7e-m+fp/hard\libgcc.a(_aeabi_uldivmod.o)
 .debug_line    0x0000f190      0x5b3 C:/Users/gigig/AppData/Roaming/Code/User/globalStorage/bmd.stm32-for-vscode/@xpack-dev-tools/arm-none-eabi-gcc/13.2.1-1.1.1/.content/bin/../lib/gcc/arm-none-eabi/13.2.1/thumb/v7e-m+fp/hard\libgcc.a(_udivmoddi4.o)
 .debug_line    0x0000f743       0x4a C:/Users/gigig/AppData/Roaming/Code/User/globalStorage/bmd.stm32-for-vscode/@xpack-dev-tools/arm-none-eabi-gcc/13.2.1-1.1.1/.content/bin/../lib/gcc/arm-none-eabi/13.2.1/thumb/v7e-m+fp/hard\libgcc.a(_dvmd_tls.o)

.debug_str      0x00000000     0x50d5
 .debug_str     0x00000000     0x50d5 build/main.o
                                0xffe (size before relaxing)
 .debug_str     0x000050d5     0x10a1 build/stm32l4xx_hal_msp.o
 .debug_str     0x000050d5      0x21d build/stm32l4xx_it.o
 .debug_str     0x000050d5      0x3e6 build/system_stm32l4xx.o
 .debug_str     0x000050d5      0xd42 build/stm32l4xx_hal.o
 .debug_str     0x000050d5      0xc45 build/stm32l4xx_hal_cortex.o
 .debug_str     0x000050d5      0x54e build/stm32l4xx_hal_gpio.o
 .debug_str     0x000050d5      0xdfa build/stm32l4xx_hal_pcd.o
 .debug_str     0x000050d5      0x816 build/stm32l4xx_hal_pcd_ex.o
 .debug_str     0x000050d5      0x8a4 build/stm32l4xx_hal_pwr_ex.o
 .debug_str     0x000050d5      0x8d6 build/stm32l4xx_hal_rcc.o
 .debug_str     0x000050d5      0xd3d build/stm32l4xx_hal_rcc_ex.o
 .debug_str     0x000050d5     0x1232 build/stm32l4xx_hal_uart.o
 .debug_str     0x000050d5      0xb78 build/stm32l4xx_hal_uart_ex.o
 .debug_str     0x000050d5      0xd20 build/stm32l4xx_ll_usb.o
 .debug_str     0x000050d5       0x6c build/startup_stm32l4r5xx.o
 .debug_str     0x000050d5      0x120 C:/Users/gigig/AppData/Roaming/Code/User/globalStorage/bmd.stm32-for-vscode/@xpack-dev-tools/arm-none-eabi-gcc/13.2.1-1.1.1/.content/bin/../lib/gcc/arm-none-eabi/13.2.1/thumb/v7e-m+fp/hard\libgcc.a(_aeabi_uldivmod.o)
 .debug_str     0x000050d5      0x739 C:/Users/gigig/AppData/Roaming/Code/User/globalStorage/bmd.stm32-for-vscode/@xpack-dev-tools/arm-none-eabi-gcc/13.2.1-1.1.1/.content/bin/../lib/gcc/arm-none-eabi/13.2.1/thumb/v7e-m+fp/hard\libgcc.a(_udivmoddi4.o)
 .debug_str     0x000050d5      0x140 C:/Users/gigig/AppData/Roaming/Code/User/globalStorage/bmd.stm32-for-vscode/@xpack-dev-tools/arm-none-eabi-gcc/13.2.1-1.1.1/.content/bin/../lib/gcc/arm-none-eabi/13.2.1/thumb/v7e-m+fp/hard\libgcc.a(_dvmd_tls.o)

.debug_frame    0x00000000     0x1fe4
 .debug_frame   0x00000000       0xc4 build/main.o
 .debug_frame   0x000000c4       0xa8 build/stm32l4xx_hal_msp.o
 .debug_frame   0x0000016c       0xa8 build/stm32l4xx_it.o
 .debug_frame   0x00000214       0x30 build/system_stm32l4xx.o
 .debug_frame   0x00000244      0x274 build/stm32l4xx_hal.o
 .debug_frame   0x000004b8      0x1e4 build/stm32l4xx_hal_cortex.o
 .debug_frame   0x0000069c       0xd0 build/stm32l4xx_hal_gpio.o
 .debug_frame   0x0000076c      0x35c build/stm32l4xx_hal_pcd.o
 .debug_frame   0x00000ac8       0xb8 build/stm32l4xx_hal_pcd_ex.o
 .debug_frame   0x00000b80      0x2d8 build/stm32l4xx_hal_pwr_ex.o
 .debug_frame   0x00000e58      0x1b4 build/stm32l4xx_hal_rcc.o
 .debug_frame   0x0000100c      0x2ac build/stm32l4xx_hal_rcc_ex.o
 .debug_frame   0x000012b8      0x67c build/stm32l4xx_hal_uart.o
 .debug_frame   0x00001934      0x1d8 build/stm32l4xx_hal_uart_ex.o
 .debug_frame   0x00001b0c      0x478 build/stm32l4xx_ll_usb.o
 .debug_frame   0x00001f84       0x2c C:/Users/gigig/AppData/Roaming/Code/User/globalStorage/bmd.stm32-for-vscode/@xpack-dev-tools/arm-none-eabi-gcc/13.2.1-1.1.1/.content/bin/../lib/gcc/arm-none-eabi/13.2.1/thumb/v7e-m+fp/hard\libgcc.a(_aeabi_uldivmod.o)
 .debug_frame   0x00001fb0       0x34 C:/Users/gigig/AppData/Roaming/Code/User/globalStorage/bmd.stm32-for-vscode/@xpack-dev-tools/arm-none-eabi-gcc/13.2.1-1.1.1/.content/bin/../lib/gcc/arm-none-eabi/13.2.1/thumb/v7e-m+fp/hard\libgcc.a(_udivmoddi4.o)

.debug_loclists
                0x00000000     0xa04d
 .debug_loclists
                0x00000000       0xe0 build/stm32l4xx_hal_msp.o
 .debug_loclists
                0x000000e0       0xb5 build/system_stm32l4xx.o
 .debug_loclists
                0x00000195      0x14d build/stm32l4xx_hal.o
 .debug_loclists
                0x000002e2      0x54d build/stm32l4xx_hal_cortex.o
 .debug_loclists
                0x0000082f      0x291 build/stm32l4xx_hal_gpio.o
 .debug_loclists
                0x00000ac0      0xce9 build/stm32l4xx_hal_pcd.o
 .debug_loclists
                0x000017a9      0x18e build/stm32l4xx_hal_pcd_ex.o
 .debug_loclists
                0x00001937      0x832 build/stm32l4xx_hal_pwr_ex.o
 .debug_loclists
                0x00002169      0x68c build/stm32l4xx_hal_rcc.o
 .debug_loclists
                0x000027f5     0x17d2 build/stm32l4xx_hal_rcc_ex.o
 .debug_loclists
                0x00003fc7     0x36fa build/stm32l4xx_hal_uart.o
 .debug_loclists
                0x000076c1      0x835 build/stm32l4xx_hal_uart_ex.o
 .debug_loclists
                0x00007ef6     0x1742 build/stm32l4xx_ll_usb.o
 .debug_loclists
                0x00009638      0xa15 C:/Users/gigig/AppData/Roaming/Code/User/globalStorage/bmd.stm32-for-vscode/@xpack-dev-tools/arm-none-eabi-gcc/13.2.1-1.1.1/.content/bin/../lib/gcc/arm-none-eabi/13.2.1/thumb/v7e-m+fp/hard\libgcc.a(_udivmoddi4.o)

.debug_line_str
                0x00000000      0x16e
 .debug_line_str
                0x00000000      0x16e build/startup_stm32l4r5xx.o
                                 0x50 (size before relaxing)
 .debug_line_str
                0x0000016e      0x112 C:/Users/gigig/AppData/Roaming/Code/User/globalStorage/bmd.stm32-for-vscode/@xpack-dev-tools/arm-none-eabi-gcc/13.2.1-1.1.1/.content/bin/../lib/gcc/arm-none-eabi/13.2.1/thumb/v7e-m+fp/hard\libgcc.a(_aeabi_uldivmod.o)
 .debug_line_str
                0x0000016e      0x116 C:/Users/gigig/AppData/Roaming/Code/User/globalStorage/bmd.stm32-for-vscode/@xpack-dev-tools/arm-none-eabi-gcc/13.2.1-1.1.1/.content/bin/../lib/gcc/arm-none-eabi/13.2.1/thumb/v7e-m+fp/hard\libgcc.a(_dvmd_tls.o)

Cross Reference Table

Symbol                                            File
ADC1_IRQHandler                                   build/startup_stm32l4r5xx.o
AHBPrescTable                                     build/system_stm32l4xx.o
                                                  build/stm32l4xx_hal_rcc.o
APBPrescTable                                     build/system_stm32l4xx.o
                                                  build/stm32l4xx_hal_rcc.o
BusFault_Handler                                  build/stm32l4xx_it.o
CAN1_RX0_IRQHandler                               build/startup_stm32l4r5xx.o
CAN1_RX1_IRQHandler                               build/startup_stm32l4r5xx.o
CAN1_SCE_IRQHandler                               build/startup_stm32l4r5xx.o
CAN1_TX_IRQHandler                                build/startup_stm32l4r5xx.o
COMP_IRQHandler                                   build/startup_stm32l4r5xx.o
CRS_IRQHandler                                    build/startup_stm32l4r5xx.o
DCMI_IRQHandler                                   build/startup_stm32l4r5xx.o
DFSDM1_FLT0_IRQHandler                            build/startup_stm32l4r5xx.o
DFSDM1_FLT1_IRQHandler                            build/startup_stm32l4r5xx.o
DFSDM1_FLT2_IRQHandler                            build/startup_stm32l4r5xx.o
DFSDM1_FLT3_IRQHandler                            build/startup_stm32l4r5xx.o
DMA1_Channel1_IRQHandler                          build/startup_stm32l4r5xx.o
DMA1_Channel2_IRQHandler                          build/startup_stm32l4r5xx.o
DMA1_Channel3_IRQHandler                          build/startup_stm32l4r5xx.o
DMA1_Channel4_IRQHandler                          build/startup_stm32l4r5xx.o
DMA1_Channel5_IRQHandler                          build/startup_stm32l4r5xx.o
DMA1_Channel6_IRQHandler                          build/startup_stm32l4r5xx.o
DMA1_Channel7_IRQHandler                          build/startup_stm32l4r5xx.o
DMA2D_IRQHandler                                  build/startup_stm32l4r5xx.o
DMA2_Channel1_IRQHandler                          build/startup_stm32l4r5xx.o
DMA2_Channel2_IRQHandler                          build/startup_stm32l4r5xx.o
DMA2_Channel3_IRQHandler                          build/startup_stm32l4r5xx.o
DMA2_Channel4_IRQHandler                          build/startup_stm32l4r5xx.o
DMA2_Channel5_IRQHandler                          build/startup_stm32l4r5xx.o
DMA2_Channel6_IRQHandler                          build/startup_stm32l4r5xx.o
DMA2_Channel7_IRQHandler                          build/startup_stm32l4r5xx.o
DMAMUX1_OVR_IRQHandler                            build/startup_stm32l4r5xx.o
DebugMon_Handler                                  build/stm32l4xx_it.o
Default_Handler                                   build/startup_stm32l4r5xx.o
EXTI0_IRQHandler                                  build/startup_stm32l4r5xx.o
EXTI15_10_IRQHandler                              build/startup_stm32l4r5xx.o
EXTI1_IRQHandler                                  build/startup_stm32l4r5xx.o
EXTI2_IRQHandler                                  build/startup_stm32l4r5xx.o
EXTI3_IRQHandler                                  build/startup_stm32l4r5xx.o
EXTI4_IRQHandler                                  build/startup_stm32l4r5xx.o
EXTI9_5_IRQHandler                                build/startup_stm32l4r5xx.o
Error_Handler                                     build/main.o
                                                  build/stm32l4xx_hal_msp.o
FLASH_FlushCaches                                 build/stm32l4xx_hal_flash_ex.o
                                                  build/stm32l4xx_hal_flash.o
FLASH_IRQHandler                                  build/startup_stm32l4r5xx.o
FLASH_PageErase                                   build/stm32l4xx_hal_flash_ex.o
                                                  build/stm32l4xx_hal_flash.o
FLASH_WaitForLastOperation                        build/stm32l4xx_hal_flash.o
                                                  build/stm32l4xx_hal_flash_ex.o
FMC_IRQHandler                                    build/startup_stm32l4r5xx.o
FPU_IRQHandler                                    build/startup_stm32l4r5xx.o
GFXMMU_IRQHandler                                 build/startup_stm32l4r5xx.o
HAL_DBGMCU_DisableDBGSleepMode                    build/stm32l4xx_hal.o
HAL_DBGMCU_DisableDBGStandbyMode                  build/stm32l4xx_hal.o
HAL_DBGMCU_DisableDBGStopMode                     build/stm32l4xx_hal.o
HAL_DBGMCU_EnableDBGSleepMode                     build/stm32l4xx_hal.o
HAL_DBGMCU_EnableDBGStandbyMode                   build/stm32l4xx_hal.o
HAL_DBGMCU_EnableDBGStopMode                      build/stm32l4xx_hal.o
HAL_DMAEx_ConfigMuxRequestGenerator               build/stm32l4xx_hal_dma_ex.o
HAL_DMAEx_ConfigMuxSync                           build/stm32l4xx_hal_dma_ex.o
HAL_DMAEx_DisableMuxRequestGenerator              build/stm32l4xx_hal_dma_ex.o
HAL_DMAEx_EnableMuxRequestGenerator               build/stm32l4xx_hal_dma_ex.o
HAL_DMAEx_MUX_IRQHandler                          build/stm32l4xx_hal_dma_ex.o
HAL_DMA_Abort                                     build/stm32l4xx_hal_dma.o
                                                  build/stm32l4xx_hal_uart.o
HAL_DMA_Abort_IT                                  build/stm32l4xx_hal_dma.o
                                                  build/stm32l4xx_hal_uart.o
HAL_DMA_DeInit                                    build/stm32l4xx_hal_dma.o
HAL_DMA_GetError                                  build/stm32l4xx_hal_dma.o
                                                  build/stm32l4xx_hal_uart.o
HAL_DMA_GetState                                  build/stm32l4xx_hal_dma.o
HAL_DMA_IRQHandler                                build/stm32l4xx_hal_dma.o
HAL_DMA_Init                                      build/stm32l4xx_hal_dma.o
HAL_DMA_PollForTransfer                           build/stm32l4xx_hal_dma.o
HAL_DMA_RegisterCallback                          build/stm32l4xx_hal_dma.o
HAL_DMA_Start                                     build/stm32l4xx_hal_dma.o
HAL_DMA_Start_IT                                  build/stm32l4xx_hal_dma.o
                                                  build/stm32l4xx_hal_uart.o
HAL_DMA_UnRegisterCallback                        build/stm32l4xx_hal_dma.o
HAL_DeInit                                        build/stm32l4xx_hal.o
HAL_Delay                                         build/stm32l4xx_hal.o
                                                  build/stm32l4xx_ll_usb.o
                                                  build/stm32l4xx_hal_pcd_ex.o
HAL_EXTI_ClearConfigLine                          build/stm32l4xx_hal_exti.o
HAL_EXTI_ClearPending                             build/stm32l4xx_hal_exti.o
HAL_EXTI_GenerateSWI                              build/stm32l4xx_hal_exti.o
HAL_EXTI_GetConfigLine                            build/stm32l4xx_hal_exti.o
HAL_EXTI_GetHandle                                build/stm32l4xx_hal_exti.o
HAL_EXTI_GetPending                               build/stm32l4xx_hal_exti.o
HAL_EXTI_IRQHandler                               build/stm32l4xx_hal_exti.o
HAL_EXTI_RegisterCallback                         build/stm32l4xx_hal_exti.o
HAL_EXTI_SetConfigLine                            build/stm32l4xx_hal_exti.o
HAL_FLASHEx_ConfigLVEPin                          build/stm32l4xx_hal_flash_ex.o
HAL_FLASHEx_DisableRunPowerDown                   build/stm32l4xx_hal_flash_ramfunc.o
HAL_FLASHEx_EnableRunPowerDown                    build/stm32l4xx_hal_flash_ramfunc.o
HAL_FLASHEx_Erase                                 build/stm32l4xx_hal_flash_ex.o
HAL_FLASHEx_Erase_IT                              build/stm32l4xx_hal_flash_ex.o
HAL_FLASHEx_OBGetConfig                           build/stm32l4xx_hal_flash_ex.o
HAL_FLASHEx_OBProgram                             build/stm32l4xx_hal_flash_ex.o
HAL_FLASHEx_OB_DBankConfig                        build/stm32l4xx_hal_flash_ramfunc.o
HAL_FLASH_EndOfOperationCallback                  build/stm32l4xx_hal_flash.o
HAL_FLASH_GetError                                build/stm32l4xx_hal_flash.o
HAL_FLASH_IRQHandler                              build/stm32l4xx_hal_flash.o
HAL_FLASH_Lock                                    build/stm32l4xx_hal_flash.o
HAL_FLASH_OB_Launch                               build/stm32l4xx_hal_flash.o
HAL_FLASH_OB_Lock                                 build/stm32l4xx_hal_flash.o
HAL_FLASH_OB_Unlock                               build/stm32l4xx_hal_flash.o
HAL_FLASH_OperationErrorCallback                  build/stm32l4xx_hal_flash.o
HAL_FLASH_Program                                 build/stm32l4xx_hal_flash.o
HAL_FLASH_Program_IT                              build/stm32l4xx_hal_flash.o
HAL_FLASH_Unlock                                  build/stm32l4xx_hal_flash.o
HAL_GPIO_DeInit                                   build/stm32l4xx_hal_gpio.o
                                                  build/stm32l4xx_hal_msp.o
HAL_GPIO_EXTI_Callback                            build/stm32l4xx_hal_gpio.o
HAL_GPIO_EXTI_IRQHandler                          build/stm32l4xx_hal_gpio.o
HAL_GPIO_Init                                     build/stm32l4xx_hal_gpio.o
                                                  build/stm32l4xx_hal_rcc_ex.o
                                                  build/stm32l4xx_hal_rcc.o
                                                  build/stm32l4xx_hal_msp.o
                                                  build/main.o
HAL_GPIO_LockPin                                  build/stm32l4xx_hal_gpio.o
HAL_GPIO_ReadPin                                  build/stm32l4xx_hal_gpio.o
HAL_GPIO_TogglePin                                build/stm32l4xx_hal_gpio.o
HAL_GPIO_WritePin                                 build/stm32l4xx_hal_gpio.o
                                                  build/main.o
HAL_GetDEVID                                      build/stm32l4xx_hal.o
HAL_GetHalVersion                                 build/stm32l4xx_hal.o
HAL_GetREVID                                      build/stm32l4xx_hal.o
HAL_GetTick                                       build/stm32l4xx_hal.o
                                                  build/stm32l4xx_hal_uart_ex.o
                                                  build/stm32l4xx_hal_uart.o
                                                  build/stm32l4xx_hal_rcc_ex.o
                                                  build/stm32l4xx_hal_rcc.o
                                                  build/stm32l4xx_hal_pcd_ex.o
                                                  build/stm32l4xx_hal_flash.o
                                                  build/stm32l4xx_hal_dma.o
HAL_GetTickFreq                                   build/stm32l4xx_hal.o
HAL_GetTickPrio                                   build/stm32l4xx_hal.o
HAL_GetUIDw0                                      build/stm32l4xx_hal.o
HAL_GetUIDw1                                      build/stm32l4xx_hal.o
HAL_GetUIDw2                                      build/stm32l4xx_hal.o
HAL_HalfDuplex_EnableReceiver                     build/stm32l4xx_hal_uart.o
HAL_HalfDuplex_EnableTransmitter                  build/stm32l4xx_hal_uart.o
HAL_HalfDuplex_Init                               build/stm32l4xx_hal_uart.o
HAL_IncTick                                       build/stm32l4xx_hal.o
                                                  build/stm32l4xx_it.o
HAL_Init                                          build/stm32l4xx_hal.o
                                                  build/main.o
HAL_InitTick                                      build/stm32l4xx_hal.o
                                                  build/stm32l4xx_hal_rcc.o
HAL_LIN_Init                                      build/stm32l4xx_hal_uart.o
HAL_LIN_SendBreak                                 build/stm32l4xx_hal_uart.o
HAL_MPU_ConfigRegion                              build/stm32l4xx_hal_cortex.o
HAL_MPU_Disable                                   build/stm32l4xx_hal_cortex.o
HAL_MPU_Enable                                    build/stm32l4xx_hal_cortex.o
HAL_MspDeInit                                     build/stm32l4xx_hal.o
HAL_MspInit                                       build/stm32l4xx_hal_msp.o
HAL_MultiProcessorEx_AddressLength_Set            build/stm32l4xx_hal_uart_ex.o
HAL_MultiProcessor_DisableMuteMode                build/stm32l4xx_hal_uart.o
HAL_MultiProcessor_EnableMuteMode                 build/stm32l4xx_hal_uart.o
HAL_MultiProcessor_EnterMuteMode                  build/stm32l4xx_hal_uart.o
HAL_MultiProcessor_Init                           build/stm32l4xx_hal_uart.o
HAL_NVIC_ClearPendingIRQ                          build/stm32l4xx_hal_cortex.o
HAL_NVIC_DisableIRQ                               build/stm32l4xx_hal_cortex.o
HAL_NVIC_EnableIRQ                                build/stm32l4xx_hal_cortex.o
HAL_NVIC_GetActive                                build/stm32l4xx_hal_cortex.o
HAL_NVIC_GetPendingIRQ                            build/stm32l4xx_hal_cortex.o
HAL_NVIC_GetPriority                              build/stm32l4xx_hal_cortex.o
HAL_NVIC_GetPriorityGrouping                      build/stm32l4xx_hal_cortex.o
HAL_NVIC_SetPendingIRQ                            build/stm32l4xx_hal_cortex.o
HAL_NVIC_SetPriority                              build/stm32l4xx_hal_cortex.o
                                                  build/stm32l4xx_hal.o
HAL_NVIC_SetPriorityGrouping                      build/stm32l4xx_hal_cortex.o
                                                  build/stm32l4xx_hal.o
HAL_NVIC_SystemReset                              build/stm32l4xx_hal_cortex.o
HAL_PCDEx_ActivateBCD                             build/stm32l4xx_hal_pcd_ex.o
HAL_PCDEx_ActivateLPM                             build/stm32l4xx_hal_pcd_ex.o
                                                  build/stm32l4xx_hal_pcd.o
HAL_PCDEx_BCD_Callback                            build/stm32l4xx_hal_pcd_ex.o
HAL_PCDEx_BCD_VBUSDetect                          build/stm32l4xx_hal_pcd_ex.o
HAL_PCDEx_DeActivateBCD                           build/stm32l4xx_hal_pcd_ex.o
HAL_PCDEx_DeActivateLPM                           build/stm32l4xx_hal_pcd_ex.o
HAL_PCDEx_LPM_Callback                            build/stm32l4xx_hal_pcd_ex.o
                                                  build/stm32l4xx_hal_pcd.o
HAL_PCDEx_SetRxFiFo                               build/stm32l4xx_hal_pcd_ex.o
HAL_PCDEx_SetTxFiFo                               build/stm32l4xx_hal_pcd_ex.o
HAL_PCD_ActivateRemoteWakeup                      build/stm32l4xx_hal_pcd.o
HAL_PCD_ConnectCallback                           build/stm32l4xx_hal_pcd.o
HAL_PCD_DataInStageCallback                       build/stm32l4xx_hal_pcd.o
HAL_PCD_DataOutStageCallback                      build/stm32l4xx_hal_pcd.o
HAL_PCD_DeActivateRemoteWakeup                    build/stm32l4xx_hal_pcd.o
HAL_PCD_DeInit                                    build/stm32l4xx_hal_pcd.o
HAL_PCD_DevConnect                                build/stm32l4xx_hal_pcd.o
HAL_PCD_DevDisconnect                             build/stm32l4xx_hal_pcd.o
HAL_PCD_DisconnectCallback                        build/stm32l4xx_hal_pcd.o
HAL_PCD_EP_Abort                                  build/stm32l4xx_hal_pcd.o
HAL_PCD_EP_Close                                  build/stm32l4xx_hal_pcd.o
HAL_PCD_EP_ClrStall                               build/stm32l4xx_hal_pcd.o
HAL_PCD_EP_Flush                                  build/stm32l4xx_hal_pcd.o
HAL_PCD_EP_GetRxCount                             build/stm32l4xx_hal_pcd.o
HAL_PCD_EP_Open                                   build/stm32l4xx_hal_pcd.o
HAL_PCD_EP_Receive                                build/stm32l4xx_hal_pcd.o
HAL_PCD_EP_SetStall                               build/stm32l4xx_hal_pcd.o
HAL_PCD_EP_Transmit                               build/stm32l4xx_hal_pcd.o
HAL_PCD_GetState                                  build/stm32l4xx_hal_pcd.o
HAL_PCD_IRQHandler                                build/stm32l4xx_hal_pcd.o
HAL_PCD_ISOINIncompleteCallback                   build/stm32l4xx_hal_pcd.o
HAL_PCD_ISOOUTIncompleteCallback                  build/stm32l4xx_hal_pcd.o
HAL_PCD_Init                                      build/stm32l4xx_hal_pcd.o
                                                  build/main.o
HAL_PCD_MspDeInit                                 build/stm32l4xx_hal_msp.o
HAL_PCD_MspInit                                   build/stm32l4xx_hal_msp.o
HAL_PCD_ResetCallback                             build/stm32l4xx_hal_pcd.o
HAL_PCD_ResumeCallback                            build/stm32l4xx_hal_pcd.o
HAL_PCD_SOFCallback                               build/stm32l4xx_hal_pcd.o
HAL_PCD_SetAddress                                build/stm32l4xx_hal_pcd.o
HAL_PCD_SetupStageCallback                        build/stm32l4xx_hal_pcd.o
HAL_PCD_Start                                     build/stm32l4xx_hal_pcd.o
HAL_PCD_Stop                                      build/stm32l4xx_hal_pcd.o
HAL_PCD_SuspendCallback                           build/stm32l4xx_hal_pcd.o
HAL_PWREx_ConfigPVM                               build/stm32l4xx_hal_pwr_ex.o
HAL_PWREx_ControlVoltageScaling                   build/stm32l4xx_hal_pwr_ex.o
                                                  build/main.o
HAL_PWREx_DisableBatteryCharging                  build/stm32l4xx_hal_pwr_ex.o
HAL_PWREx_DisableDSIPinsPDActivation              build/stm32l4xx_hal_pwr_ex.o
HAL_PWREx_DisableGPIOPullDown                     build/stm32l4xx_hal_pwr_ex.o
HAL_PWREx_DisableGPIOPullUp                       build/stm32l4xx_hal_pwr_ex.o
HAL_PWREx_DisableInternalWakeUpLine               build/stm32l4xx_hal_pwr_ex.o
HAL_PWREx_DisableLowPowerRunMode                  build/stm32l4xx_hal_pwr_ex.o
                                                  build/stm32l4xx_hal_pwr.o
HAL_PWREx_DisablePVM1                             build/stm32l4xx_hal_pwr_ex.o
HAL_PWREx_DisablePVM2                             build/stm32l4xx_hal_pwr_ex.o
HAL_PWREx_DisablePVM3                             build/stm32l4xx_hal_pwr_ex.o
HAL_PWREx_DisablePVM4                             build/stm32l4xx_hal_pwr_ex.o
HAL_PWREx_DisablePullUpPullDownConfig             build/stm32l4xx_hal_pwr_ex.o
HAL_PWREx_DisableSRAM2ContentRetention            build/stm32l4xx_hal_pwr_ex.o
HAL_PWREx_DisableSRAM3ContentRetention            build/stm32l4xx_hal_pwr_ex.o
HAL_PWREx_DisableVddIO2                           build/stm32l4xx_hal_pwr_ex.o
HAL_PWREx_DisableVddUSB                           build/stm32l4xx_hal_pwr_ex.o
                                                  build/stm32l4xx_hal_msp.o
HAL_PWREx_EnableBatteryCharging                   build/stm32l4xx_hal_pwr_ex.o
HAL_PWREx_EnableDSIPinsPDActivation               build/stm32l4xx_hal_pwr_ex.o
HAL_PWREx_EnableGPIOPullDown                      build/stm32l4xx_hal_pwr_ex.o
HAL_PWREx_EnableGPIOPullUp                        build/stm32l4xx_hal_pwr_ex.o
HAL_PWREx_EnableInternalWakeUpLine                build/stm32l4xx_hal_pwr_ex.o
HAL_PWREx_EnableLowPowerRunMode                   build/stm32l4xx_hal_pwr_ex.o
                                                  build/stm32l4xx_hal_pwr.o
HAL_PWREx_EnablePVM1                              build/stm32l4xx_hal_pwr_ex.o
HAL_PWREx_EnablePVM2                              build/stm32l4xx_hal_pwr_ex.o
HAL_PWREx_EnablePVM3                              build/stm32l4xx_hal_pwr_ex.o
HAL_PWREx_EnablePVM4                              build/stm32l4xx_hal_pwr_ex.o
HAL_PWREx_EnablePullUpPullDownConfig              build/stm32l4xx_hal_pwr_ex.o
HAL_PWREx_EnableSRAM2ContentRetention             build/stm32l4xx_hal_pwr_ex.o
HAL_PWREx_EnableSRAM3ContentRetention             build/stm32l4xx_hal_pwr_ex.o
HAL_PWREx_EnableVddIO2                            build/stm32l4xx_hal_pwr_ex.o
                                                  build/stm32l4xx_hal_msp.o
                                                  build/main.o
HAL_PWREx_EnableVddUSB                            build/stm32l4xx_hal_pwr_ex.o
                                                  build/stm32l4xx_hal_msp.o
HAL_PWREx_EnterSHUTDOWNMode                       build/stm32l4xx_hal_pwr_ex.o
HAL_PWREx_EnterSTOP0Mode                          build/stm32l4xx_hal_pwr_ex.o
                                                  build/stm32l4xx_hal_pwr.o
HAL_PWREx_EnterSTOP1Mode                          build/stm32l4xx_hal_pwr_ex.o
                                                  build/stm32l4xx_hal_pwr.o
HAL_PWREx_EnterSTOP2Mode                          build/stm32l4xx_hal_pwr_ex.o
HAL_PWREx_GetVoltageRange                         build/stm32l4xx_hal_pwr_ex.o
                                                  build/stm32l4xx_hal_rcc.o
                                                  build/stm32l4xx_hal_flash_ex.o
HAL_PWREx_PVD_PVM_IRQHandler                      build/stm32l4xx_hal_pwr_ex.o
HAL_PWREx_PVM1Callback                            build/stm32l4xx_hal_pwr_ex.o
HAL_PWREx_PVM2Callback                            build/stm32l4xx_hal_pwr_ex.o
HAL_PWREx_PVM3Callback                            build/stm32l4xx_hal_pwr_ex.o
HAL_PWREx_PVM4Callback                            build/stm32l4xx_hal_pwr_ex.o
HAL_PWREx_SetSRAM2ContentRetention                build/stm32l4xx_hal_pwr_ex.o
HAL_PWR_ConfigPVD                                 build/stm32l4xx_hal_pwr.o
HAL_PWR_DeInit                                    build/stm32l4xx_hal_pwr.o
HAL_PWR_DisableBkUpAccess                         build/stm32l4xx_hal_pwr.o
                                                  build/stm32l4xx_hal_rcc_ex.o
HAL_PWR_DisablePVD                                build/stm32l4xx_hal_pwr.o
HAL_PWR_DisableSEVOnPend                          build/stm32l4xx_hal_pwr.o
HAL_PWR_DisableSleepOnExit                        build/stm32l4xx_hal_pwr.o
HAL_PWR_DisableWakeUpPin                          build/stm32l4xx_hal_pwr.o
HAL_PWR_EnableBkUpAccess                          build/stm32l4xx_hal_pwr.o
                                                  build/stm32l4xx_hal_rcc_ex.o
HAL_PWR_EnablePVD                                 build/stm32l4xx_hal_pwr.o
HAL_PWR_EnableSEVOnPend                           build/stm32l4xx_hal_pwr.o
HAL_PWR_EnableSleepOnExit                         build/stm32l4xx_hal_pwr.o
HAL_PWR_EnableWakeUpPin                           build/stm32l4xx_hal_pwr.o
HAL_PWR_EnterSLEEPMode                            build/stm32l4xx_hal_pwr.o
HAL_PWR_EnterSTANDBYMode                          build/stm32l4xx_hal_pwr.o
HAL_PWR_EnterSTOPMode                             build/stm32l4xx_hal_pwr.o
HAL_PWR_PVDCallback                               build/stm32l4xx_hal_pwr.o
                                                  build/stm32l4xx_hal_pwr_ex.o
HAL_RCCEx_CRSConfig                               build/stm32l4xx_hal_rcc_ex.o
HAL_RCCEx_CRSGetSynchronizationInfo               build/stm32l4xx_hal_rcc_ex.o
HAL_RCCEx_CRSSoftwareSynchronizationGenerate      build/stm32l4xx_hal_rcc_ex.o
HAL_RCCEx_CRSWaitSynchronization                  build/stm32l4xx_hal_rcc_ex.o
HAL_RCCEx_CRS_ErrorCallback                       build/stm32l4xx_hal_rcc_ex.o
HAL_RCCEx_CRS_ExpectedSyncCallback                build/stm32l4xx_hal_rcc_ex.o
HAL_RCCEx_CRS_IRQHandler                          build/stm32l4xx_hal_rcc_ex.o
HAL_RCCEx_CRS_SyncOkCallback                      build/stm32l4xx_hal_rcc_ex.o
HAL_RCCEx_CRS_SyncWarnCallback                    build/stm32l4xx_hal_rcc_ex.o
HAL_RCCEx_DisableLSCO                             build/stm32l4xx_hal_rcc_ex.o
HAL_RCCEx_DisableLSECSS                           build/stm32l4xx_hal_rcc_ex.o
HAL_RCCEx_DisableMSIPLLMode                       build/stm32l4xx_hal_rcc_ex.o
HAL_RCCEx_DisablePLLSAI1                          build/stm32l4xx_hal_rcc_ex.o
HAL_RCCEx_DisablePLLSAI2                          build/stm32l4xx_hal_rcc_ex.o
HAL_RCCEx_EnableLSCO                              build/stm32l4xx_hal_rcc_ex.o
HAL_RCCEx_EnableLSECSS                            build/stm32l4xx_hal_rcc_ex.o
HAL_RCCEx_EnableLSECSS_IT                         build/stm32l4xx_hal_rcc_ex.o
HAL_RCCEx_EnableMSIPLLMode                        build/stm32l4xx_hal_rcc_ex.o
HAL_RCCEx_EnablePLLSAI1                           build/stm32l4xx_hal_rcc_ex.o
HAL_RCCEx_EnablePLLSAI2                           build/stm32l4xx_hal_rcc_ex.o
HAL_RCCEx_GetPeriphCLKConfig                      build/stm32l4xx_hal_rcc_ex.o
HAL_RCCEx_GetPeriphCLKFreq                        build/stm32l4xx_hal_rcc_ex.o
HAL_RCCEx_LSECSS_Callback                         build/stm32l4xx_hal_rcc_ex.o
HAL_RCCEx_LSECSS_IRQHandler                       build/stm32l4xx_hal_rcc_ex.o
HAL_RCCEx_OCTOSPIDelayConfig                      build/stm32l4xx_hal_rcc_ex.o
HAL_RCCEx_PeriphCLKConfig                         build/stm32l4xx_hal_rcc_ex.o
                                                  build/stm32l4xx_hal_msp.o
HAL_RCCEx_StandbyMSIRangeConfig                   build/stm32l4xx_hal_rcc_ex.o
HAL_RCCEx_WakeUpStopCLKConfig                     build/stm32l4xx_hal_rcc_ex.o
HAL_RCC_CSSCallback                               build/stm32l4xx_hal_rcc.o
HAL_RCC_ClockConfig                               build/stm32l4xx_hal_rcc.o
                                                  build/main.o
HAL_RCC_DeInit                                    build/stm32l4xx_hal_rcc.o
HAL_RCC_EnableCSS                                 build/stm32l4xx_hal_rcc.o
HAL_RCC_GetClockConfig                            build/stm32l4xx_hal_rcc.o
HAL_RCC_GetHCLKFreq                               build/stm32l4xx_hal_rcc.o
                                                  build/stm32l4xx_hal_pcd.o
HAL_RCC_GetOscConfig                              build/stm32l4xx_hal_rcc.o
HAL_RCC_GetPCLK1Freq                              build/stm32l4xx_hal_rcc.o
                                                  build/stm32l4xx_hal_uart.o
                                                  build/stm32l4xx_hal_rcc_ex.o
HAL_RCC_GetPCLK2Freq                              build/stm32l4xx_hal_rcc.o
                                                  build/stm32l4xx_hal_uart.o
                                                  build/stm32l4xx_hal_rcc_ex.o
HAL_RCC_GetResetSource                            build/stm32l4xx_hal_rcc.o
HAL_RCC_GetSysClockFreq                           build/stm32l4xx_hal_rcc.o
                                                  build/stm32l4xx_hal_uart.o
                                                  build/stm32l4xx_hal_rcc_ex.o
HAL_RCC_MCOConfig                                 build/stm32l4xx_hal_rcc.o
HAL_RCC_NMI_IRQHandler                            build/stm32l4xx_hal_rcc.o
HAL_RCC_OscConfig                                 build/stm32l4xx_hal_rcc.o
                                                  build/main.o
HAL_RS485Ex_Init                                  build/stm32l4xx_hal_uart_ex.o
HAL_ResumeTick                                    build/stm32l4xx_hal.o
HAL_SYSCFG_DisableIOAnalogSwitchBooster           build/stm32l4xx_hal.o
HAL_SYSCFG_DisableMemorySwappingBank              build/stm32l4xx_hal.o
HAL_SYSCFG_DisableVREFBUF                         build/stm32l4xx_hal.o
HAL_SYSCFG_EnableIOAnalogSwitchBooster            build/stm32l4xx_hal.o
HAL_SYSCFG_EnableMemorySwappingBank               build/stm32l4xx_hal.o
HAL_SYSCFG_EnableVREFBUF                          build/stm32l4xx_hal.o
HAL_SYSCFG_SRAM2Erase                             build/stm32l4xx_hal.o
HAL_SYSCFG_VREFBUF_HighImpedanceConfig            build/stm32l4xx_hal.o
HAL_SYSCFG_VREFBUF_TrimmingConfig                 build/stm32l4xx_hal.o
HAL_SYSCFG_VREFBUF_VoltageScalingConfig           build/stm32l4xx_hal.o
HAL_SYSTICK_CLKSourceConfig                       build/stm32l4xx_hal_cortex.o
HAL_SYSTICK_Callback                              build/stm32l4xx_hal_cortex.o
HAL_SYSTICK_Config                                build/stm32l4xx_hal_cortex.o
                                                  build/stm32l4xx_hal.o
HAL_SYSTICK_IRQHandler                            build/stm32l4xx_hal_cortex.o
HAL_SetTickFreq                                   build/stm32l4xx_hal.o
HAL_SuspendTick                                   build/stm32l4xx_hal.o
HAL_UARTEx_DisableFifoMode                        build/stm32l4xx_hal_uart_ex.o
                                                  build/main.o
HAL_UARTEx_DisableStopMode                        build/stm32l4xx_hal_uart_ex.o
HAL_UARTEx_EnableFifoMode                         build/stm32l4xx_hal_uart_ex.o
HAL_UARTEx_EnableStopMode                         build/stm32l4xx_hal_uart_ex.o
HAL_UARTEx_GetRxEventType                         build/stm32l4xx_hal_uart_ex.o
HAL_UARTEx_ReceiveToIdle                          build/stm32l4xx_hal_uart_ex.o
HAL_UARTEx_ReceiveToIdle_DMA                      build/stm32l4xx_hal_uart_ex.o
HAL_UARTEx_ReceiveToIdle_IT                       build/stm32l4xx_hal_uart_ex.o
HAL_UARTEx_RxEventCallback                        build/stm32l4xx_hal_uart.o
HAL_UARTEx_RxFifoFullCallback                     build/stm32l4xx_hal_uart_ex.o
                                                  build/stm32l4xx_hal_uart.o
HAL_UARTEx_SetRxFifoThreshold                     build/stm32l4xx_hal_uart_ex.o
                                                  build/main.o
HAL_UARTEx_SetTxFifoThreshold                     build/stm32l4xx_hal_uart_ex.o
                                                  build/main.o
HAL_UARTEx_StopModeWakeUpSourceConfig             build/stm32l4xx_hal_uart_ex.o
HAL_UARTEx_TxFifoEmptyCallback                    build/stm32l4xx_hal_uart_ex.o
                                                  build/stm32l4xx_hal_uart.o
HAL_UARTEx_WakeupCallback                         build/stm32l4xx_hal_uart_ex.o
                                                  build/stm32l4xx_hal_uart.o
HAL_UART_Abort                                    build/stm32l4xx_hal_uart.o
HAL_UART_AbortCpltCallback                        build/stm32l4xx_hal_uart.o
HAL_UART_AbortReceive                             build/stm32l4xx_hal_uart.o
HAL_UART_AbortReceiveCpltCallback                 build/stm32l4xx_hal_uart.o
HAL_UART_AbortReceive_IT                          build/stm32l4xx_hal_uart.o
HAL_UART_AbortTransmit                            build/stm32l4xx_hal_uart.o
HAL_UART_AbortTransmitCpltCallback                build/stm32l4xx_hal_uart.o
HAL_UART_AbortTransmit_IT                         build/stm32l4xx_hal_uart.o
HAL_UART_Abort_IT                                 build/stm32l4xx_hal_uart.o
HAL_UART_DMAPause                                 build/stm32l4xx_hal_uart.o
HAL_UART_DMAResume                                build/stm32l4xx_hal_uart.o
HAL_UART_DMAStop                                  build/stm32l4xx_hal_uart.o
HAL_UART_DeInit                                   build/stm32l4xx_hal_uart.o
HAL_UART_DisableReceiverTimeout                   build/stm32l4xx_hal_uart.o
HAL_UART_EnableReceiverTimeout                    build/stm32l4xx_hal_uart.o
HAL_UART_ErrorCallback                            build/stm32l4xx_hal_uart.o
HAL_UART_GetError                                 build/stm32l4xx_hal_uart.o
HAL_UART_GetState                                 build/stm32l4xx_hal_uart.o
HAL_UART_IRQHandler                               build/stm32l4xx_hal_uart.o
HAL_UART_Init                                     build/stm32l4xx_hal_uart.o
                                                  build/main.o
HAL_UART_MspDeInit                                build/stm32l4xx_hal_msp.o
HAL_UART_MspInit                                  build/stm32l4xx_hal_msp.o
                                                  build/stm32l4xx_hal_uart_ex.o
HAL_UART_Receive                                  build/stm32l4xx_hal_uart.o
HAL_UART_Receive_DMA                              build/stm32l4xx_hal_uart.o
HAL_UART_Receive_IT                               build/stm32l4xx_hal_uart.o
HAL_UART_ReceiverTimeout_Config                   build/stm32l4xx_hal_uart.o
HAL_UART_RxCpltCallback                           build/stm32l4xx_hal_uart.o
HAL_UART_RxHalfCpltCallback                       build/stm32l4xx_hal_uart.o
HAL_UART_Transmit                                 build/stm32l4xx_hal_uart.o
HAL_UART_Transmit_DMA                             build/stm32l4xx_hal_uart.o
HAL_UART_Transmit_IT                              build/stm32l4xx_hal_uart.o
HAL_UART_TxCpltCallback                           build/stm32l4xx_hal_uart.o
HAL_UART_TxHalfCpltCallback                       build/stm32l4xx_hal_uart.o
HardFault_Handler                                 build/stm32l4xx_it.o
I2C1_ER_IRQHandler                                build/startup_stm32l4r5xx.o
I2C1_EV_IRQHandler                                build/startup_stm32l4r5xx.o
I2C2_ER_IRQHandler                                build/startup_stm32l4r5xx.o
I2C2_EV_IRQHandler                                build/startup_stm32l4r5xx.o
I2C3_ER_IRQHandler                                build/startup_stm32l4r5xx.o
I2C3_EV_IRQHandler                                build/startup_stm32l4r5xx.o
I2C4_ER_IRQHandler                                build/startup_stm32l4r5xx.o
I2C4_EV_IRQHandler                                build/startup_stm32l4r5xx.o
LPTIM1_IRQHandler                                 build/startup_stm32l4r5xx.o
LPTIM2_IRQHandler                                 build/startup_stm32l4r5xx.o
LPUART1_IRQHandler                                build/startup_stm32l4r5xx.o
LTDC_ER_IRQHandler                                build/startup_stm32l4r5xx.o
LTDC_IRQHandler                                   build/startup_stm32l4r5xx.o
MSIRangeTable                                     build/system_stm32l4xx.o
                                                  build/stm32l4xx_hal_rcc_ex.o
                                                  build/stm32l4xx_hal_rcc.o
MemManage_Handler                                 build/stm32l4xx_it.o
NMI_Handler                                       build/stm32l4xx_it.o
OCTOSPI1_IRQHandler                               build/startup_stm32l4r5xx.o
OCTOSPI2_IRQHandler                               build/startup_stm32l4r5xx.o
OTG_FS_IRQHandler                                 build/startup_stm32l4r5xx.o
PVD_PVM_IRQHandler                                build/startup_stm32l4r5xx.o
PendSV_Handler                                    build/stm32l4xx_it.o
RCC_IRQHandler                                    build/startup_stm32l4r5xx.o
RNG_IRQHandler                                    build/startup_stm32l4r5xx.o
RTC_Alarm_IRQHandler                              build/startup_stm32l4r5xx.o
RTC_WKUP_IRQHandler                               build/startup_stm32l4r5xx.o
Reset_Handler                                     build/startup_stm32l4r5xx.o
SAI1_IRQHandler                                   build/startup_stm32l4r5xx.o
SAI2_IRQHandler                                   build/startup_stm32l4r5xx.o
SDMMC1_IRQHandler                                 build/startup_stm32l4r5xx.o
SPI1_IRQHandler                                   build/startup_stm32l4r5xx.o
SPI2_IRQHandler                                   build/startup_stm32l4r5xx.o
SPI3_IRQHandler                                   build/startup_stm32l4r5xx.o
SVC_Handler                                       build/stm32l4xx_it.o
SysTick_Handler                                   build/stm32l4xx_it.o
SystemClock_Config                                build/main.o
SystemCoreClock                                   build/system_stm32l4xx.o
                                                  build/stm32l4xx_hal_rcc.o
                                                  build/stm32l4xx_hal_pwr_ex.o
                                                  build/stm32l4xx_hal_flash_ramfunc.o
                                                  build/stm32l4xx_hal.o
SystemCoreClockUpdate                             build/system_stm32l4xx.o
SystemInit                                        build/system_stm32l4xx.o
                                                  build/startup_stm32l4r5xx.o
TAMP_STAMP_IRQHandler                             build/startup_stm32l4r5xx.o
TIM1_BRK_TIM15_IRQHandler                         build/startup_stm32l4r5xx.o
TIM1_CC_IRQHandler                                build/startup_stm32l4r5xx.o
TIM1_TRG_COM_TIM17_IRQHandler                     build/startup_stm32l4r5xx.o
TIM1_UP_TIM16_IRQHandler                          build/startup_stm32l4r5xx.o
TIM2_IRQHandler                                   build/startup_stm32l4r5xx.o
TIM3_IRQHandler                                   build/startup_stm32l4r5xx.o
TIM4_IRQHandler                                   build/startup_stm32l4r5xx.o
TIM5_IRQHandler                                   build/startup_stm32l4r5xx.o
TIM6_DAC_IRQHandler                               build/startup_stm32l4r5xx.o
TIM7_IRQHandler                                   build/startup_stm32l4r5xx.o
TIM8_BRK_IRQHandler                               build/startup_stm32l4r5xx.o
TIM8_CC_IRQHandler                                build/startup_stm32l4r5xx.o
TIM8_TRG_COM_IRQHandler                           build/startup_stm32l4r5xx.o
TIM8_UP_IRQHandler                                build/startup_stm32l4r5xx.o
TSC_IRQHandler                                    build/startup_stm32l4r5xx.o
UART4_IRQHandler                                  build/startup_stm32l4r5xx.o
UART5_IRQHandler                                  build/startup_stm32l4r5xx.o
UARTPrescTable                                    build/stm32l4xx_hal_uart.o
UART_AdvFeatureConfig                             build/stm32l4xx_hal_uart.o
                                                  build/stm32l4xx_hal_uart_ex.o
UART_CheckIdleState                               build/stm32l4xx_hal_uart.o
                                                  build/stm32l4xx_hal_uart_ex.o
UART_SetConfig                                    build/stm32l4xx_hal_uart.o
                                                  build/stm32l4xx_hal_uart_ex.o
UART_Start_Receive_DMA                            build/stm32l4xx_hal_uart.o
                                                  build/stm32l4xx_hal_uart_ex.o
UART_Start_Receive_IT                             build/stm32l4xx_hal_uart.o
                                                  build/stm32l4xx_hal_uart_ex.o
UART_WaitOnFlagUntilTimeout                       build/stm32l4xx_hal_uart.o
                                                  build/stm32l4xx_hal_uart_ex.o
USART1_IRQHandler                                 build/startup_stm32l4r5xx.o
USART2_IRQHandler                                 build/startup_stm32l4r5xx.o
USART3_IRQHandler                                 build/startup_stm32l4r5xx.o
USB_ActivateDedicatedEndpoint                     build/stm32l4xx_ll_usb.o
USB_ActivateEndpoint                              build/stm32l4xx_ll_usb.o
                                                  build/stm32l4xx_hal_pcd.o
USB_ActivateRemoteWakeup                          build/stm32l4xx_ll_usb.o
                                                  build/stm32l4xx_hal_pcd.o
USB_ActivateSetup                                 build/stm32l4xx_ll_usb.o
                                                  build/stm32l4xx_hal_pcd.o
USB_ClearInterrupts                               build/stm32l4xx_ll_usb.o
USB_CoreInit                                      build/stm32l4xx_ll_usb.o
                                                  build/stm32l4xx_hal_pcd.o
USB_DeActivateRemoteWakeup                        build/stm32l4xx_ll_usb.o
                                                  build/stm32l4xx_hal_pcd.o
USB_DeactivateDedicatedEndpoint                   build/stm32l4xx_ll_usb.o
USB_DeactivateEndpoint                            build/stm32l4xx_ll_usb.o
                                                  build/stm32l4xx_hal_pcd.o
USB_DevConnect                                    build/stm32l4xx_ll_usb.o
                                                  build/stm32l4xx_hal_pcd.o
USB_DevDisconnect                                 build/stm32l4xx_ll_usb.o
                                                  build/stm32l4xx_hal_pcd.o
USB_DevInit                                       build/stm32l4xx_ll_usb.o
                                                  build/stm32l4xx_hal_pcd.o
USB_DisableGlobalInt                              build/stm32l4xx_ll_usb.o
                                                  build/stm32l4xx_hal_pcd.o
USB_DoPing                                        build/stm32l4xx_ll_usb.o
USB_DriveVbus                                     build/stm32l4xx_ll_usb.o
USB_EP0_OutStart                                  build/stm32l4xx_ll_usb.o
                                                  build/stm32l4xx_hal_pcd.o
USB_EPClearStall                                  build/stm32l4xx_ll_usb.o
                                                  build/stm32l4xx_hal_pcd.o
USB_EPSetStall                                    build/stm32l4xx_ll_usb.o
                                                  build/stm32l4xx_hal_pcd.o
USB_EPStartXfer                                   build/stm32l4xx_ll_usb.o
                                                  build/stm32l4xx_hal_pcd.o
USB_EPStopXfer                                    build/stm32l4xx_ll_usb.o
                                                  build/stm32l4xx_hal_pcd.o
USB_EnableGlobalInt                               build/stm32l4xx_ll_usb.o
                                                  build/stm32l4xx_hal_pcd.o
USB_FlushRxFifo                                   build/stm32l4xx_ll_usb.o
                                                  build/stm32l4xx_hal_pcd.o
USB_FlushTxFifo                                   build/stm32l4xx_ll_usb.o
                                                  build/stm32l4xx_hal_pcd.o
USB_GetCurrentFrame                               build/stm32l4xx_ll_usb.o
USB_GetDevSpeed                                   build/stm32l4xx_ll_usb.o
                                                  build/stm32l4xx_hal_pcd.o
USB_GetHostSpeed                                  build/stm32l4xx_ll_usb.o
USB_GetMode                                       build/stm32l4xx_ll_usb.o
                                                  build/stm32l4xx_hal_pcd.o
USB_HC_Halt                                       build/stm32l4xx_ll_usb.o
USB_HC_Init                                       build/stm32l4xx_ll_usb.o
USB_HC_ReadInterrupt                              build/stm32l4xx_ll_usb.o
USB_HC_StartXfer                                  build/stm32l4xx_ll_usb.o