Archive member included to satisfy reference by file (symbol)

c:/program files (x86)/gnu arm embedded toolchain/10 2021.10/bin/../lib/gcc/arm-none-eabi/10.3.1/../../../../arm-none-eabi/lib/thumb/v7e-m+fp/hard\libc_nano.a(lib_a-exit.o)
                              c:/program files (x86)/gnu arm embedded toolchain/10 2021.10/bin/../lib/gcc/arm-none-eabi/10.3.1/../../../../arm-none-eabi/lib/thumb/v7e-m+fp/hard/crt0.o (exit)
c:/program files (x86)/gnu arm embedded toolchain/10 2021.10/bin/../lib/gcc/arm-none-eabi/10.3.1/../../../../arm-none-eabi/lib/thumb/v7e-m+fp/hard\libc_nano.a(lib_a-impure.o)
                              c:/program files (x86)/gnu arm embedded toolchain/10 2021.10/bin/../lib/gcc/arm-none-eabi/10.3.1/../../../../arm-none-eabi/lib/thumb/v7e-m+fp/hard\libc_nano.a(lib_a-exit.o) (_global_impure_ptr)
c:/program files (x86)/gnu arm embedded toolchain/10 2021.10/bin/../lib/gcc/arm-none-eabi/10.3.1/../../../../arm-none-eabi/lib/thumb/v7e-m+fp/hard\libc_nano.a(lib_a-init.o)
                              c:/program files (x86)/gnu arm embedded toolchain/10 2021.10/bin/../lib/gcc/arm-none-eabi/10.3.1/../../../../arm-none-eabi/lib/thumb/v7e-m+fp/hard/crt0.o (__libc_init_array)
c:/program files (x86)/gnu arm embedded toolchain/10 2021.10/bin/../lib/gcc/arm-none-eabi/10.3.1/../../../../arm-none-eabi/lib/thumb/v7e-m+fp/hard\libc_nano.a(lib_a-memcpy-stub.o)
                              build/queue.o (memcpy)
c:/program files (x86)/gnu arm embedded toolchain/10 2021.10/bin/../lib/gcc/arm-none-eabi/10.3.1/../../../../arm-none-eabi/lib/thumb/v7e-m+fp/hard\libc_nano.a(lib_a-memset.o)
                              c:/program files (x86)/gnu arm embedded toolchain/10 2021.10/bin/../lib/gcc/arm-none-eabi/10.3.1/../../../../arm-none-eabi/lib/thumb/v7e-m+fp/hard/crt0.o (memset)
c:/program files (x86)/gnu arm embedded toolchain/10 2021.10/bin/../lib/gcc/arm-none-eabi/10.3.1/../../../../arm-none-eabi/lib/thumb/v7e-m+fp/hard\libnosys.a(_exit.o)
                              c:/program files (x86)/gnu arm embedded toolchain/10 2021.10/bin/../lib/gcc/arm-none-eabi/10.3.1/../../../../arm-none-eabi/lib/thumb/v7e-m+fp/hard\libc_nano.a(lib_a-exit.o) (_exit)
c:/program files (x86)/gnu arm embedded toolchain/10 2021.10/bin/../lib/gcc/arm-none-eabi/10.3.1/thumb/v7e-m+fp/hard\libgcc.a(_aeabi_uldivmod.o)
                              build/stm32h7xx_hal_uart.o (__aeabi_uldivmod)
c:/program files (x86)/gnu arm embedded toolchain/10 2021.10/bin/../lib/gcc/arm-none-eabi/10.3.1/thumb/v7e-m+fp/hard\libgcc.a(_udivmoddi4.o)
                              c:/program files (x86)/gnu arm embedded toolchain/10 2021.10/bin/../lib/gcc/arm-none-eabi/10.3.1/thumb/v7e-m+fp/hard\libgcc.a(_aeabi_uldivmod.o) (__udivmoddi4)
c:/program files (x86)/gnu arm embedded toolchain/10 2021.10/bin/../lib/gcc/arm-none-eabi/10.3.1/thumb/v7e-m+fp/hard\libgcc.a(_dvmd_tls.o)
                              c:/program files (x86)/gnu arm embedded toolchain/10 2021.10/bin/../lib/gcc/arm-none-eabi/10.3.1/thumb/v7e-m+fp/hard\libgcc.a(_aeabi_uldivmod.o) (__aeabi_ldiv0)

Discarded input sections

 .text          0x00000000        0x0 c:/program files (x86)/gnu arm embedded toolchain/10 2021.10/bin/../lib/gcc/arm-none-eabi/10.3.1/thumb/v7e-m+fp/hard/crti.o
 .data          0x00000000        0x0 c:/program files (x86)/gnu arm embedded toolchain/10 2021.10/bin/../lib/gcc/arm-none-eabi/10.3.1/thumb/v7e-m+fp/hard/crti.o
 .bss           0x00000000        0x0 c:/program files (x86)/gnu arm embedded toolchain/10 2021.10/bin/../lib/gcc/arm-none-eabi/10.3.1/thumb/v7e-m+fp/hard/crti.o
 .data          0x00000000        0x4 c:/program files (x86)/gnu arm embedded toolchain/10 2021.10/bin/../lib/gcc/arm-none-eabi/10.3.1/thumb/v7e-m+fp/hard/crtbegin.o
 .rodata        0x00000000       0x24 c:/program files (x86)/gnu arm embedded toolchain/10 2021.10/bin/../lib/gcc/arm-none-eabi/10.3.1/thumb/v7e-m+fp/hard/crtbegin.o
 .text          0x00000000       0x7c c:/program files (x86)/gnu arm embedded toolchain/10 2021.10/bin/../lib/gcc/arm-none-eabi/10.3.1/../../../../arm-none-eabi/lib/thumb/v7e-m+fp/hard/crt0.o
 .data          0x00000000        0x0 c:/program files (x86)/gnu arm embedded toolchain/10 2021.10/bin/../lib/gcc/arm-none-eabi/10.3.1/../../../../arm-none-eabi/lib/thumb/v7e-m+fp/hard/crt0.o
 .bss           0x00000000        0x0 c:/program files (x86)/gnu arm embedded toolchain/10 2021.10/bin/../lib/gcc/arm-none-eabi/10.3.1/../../../../arm-none-eabi/lib/thumb/v7e-m+fp/hard/crt0.o
 .ARM.extab     0x00000000        0x0 c:/program files (x86)/gnu arm embedded toolchain/10 2021.10/bin/../lib/gcc/arm-none-eabi/10.3.1/../../../../arm-none-eabi/lib/thumb/v7e-m+fp/hard/crt0.o
 .ARM.exidx     0x00000000       0x10 c:/program files (x86)/gnu arm embedded toolchain/10 2021.10/bin/../lib/gcc/arm-none-eabi/10.3.1/../../../../arm-none-eabi/lib/thumb/v7e-m+fp/hard/crt0.o
 .ARM.attributes
[...]
Memory Configuration

Name             Origin             Length             Attributes
FLASH            0x08100000         0x00100000         xr
RAM              0x10000000         0x00048000         xrw
*default*        0x00000000         0xffffffff

Linker script and memory map

LOAD c:/program files (x86)/gnu arm embedded toolchain/10 2021.10/bin/../lib/gcc/arm-none-eabi/10.3.1/thumb/v7e-m+fp/hard/crti.o
LOAD c:/program files (x86)/gnu arm embedded toolchain/10 2021.10/bin/../lib/gcc/arm-none-eabi/10.3.1/thumb/v7e-m+fp/hard/crtbegin.o
LOAD c:/program files (x86)/gnu arm embedded toolchain/10 2021.10/bin/../lib/gcc/arm-none-eabi/10.3.1/../../../../arm-none-eabi/lib/thumb/v7e-m+fp/hard/crt0.o
LOAD build/main.o
LOAD build/stm32h7xx_it.o
LOAD build/stm32h7xx_hal_msp.o
LOAD build/stm32h7xx_hal_cortex.o
LOAD build/stm32h7xx_hal_eth.o
LOAD build/stm32h7xx_hal_eth_ex.o
LOAD build/stm32h7xx_hal_rcc.o
LOAD build/stm32h7xx_hal_rcc_ex.o
LOAD build/stm32h7xx_hal_flash.o
LOAD build/stm32h7xx_hal_flash_ex.o
LOAD build/stm32h7xx_hal_gpio.o
LOAD build/stm32h7xx_hal_hsem.o
LOAD build/stm32h7xx_hal_dma.o
LOAD build/stm32h7xx_hal_dma_ex.o
LOAD build/stm32h7xx_hal_mdma.o
LOAD build/stm32h7xx_hal_pwr.o
LOAD build/stm32h7xx_hal_pwr_ex.o
LOAD build/stm32h7xx_hal.o
LOAD build/stm32h7xx_hal_i2c.o
LOAD build/stm32h7xx_hal_i2c_ex.o
LOAD build/stm32h7xx_hal_exti.o
LOAD build/stm32h7xx_hal_tim.o
LOAD build/stm32h7xx_hal_tim_ex.o
LOAD build/stm32h7xx_hal_uart.o
LOAD build/stm32h7xx_hal_uart_ex.o
LOAD build/stm32h7xx_hal_pcd.o
LOAD build/stm32h7xx_hal_pcd_ex.o
LOAD build/stm32h7xx_ll_usb.o
LOAD build/system_stm32h7xx_dualcore_boot_cm4_cm7.o
LOAD build/freertos.o
LOAD build/stm32h7xx_hal_timebase_tim.o
LOAD build/stm32h7xx_hal_rtc.o
LOAD build/stm32h7xx_hal_rtc_ex.o
LOAD build/croutine.o
LOAD build/event_groups.o
LOAD build/list.o
LOAD build/queue.o
LOAD build/stream_buffer.o
LOAD build/tasks.o
LOAD build/timers.o
LOAD build/cmsis_os2.o
LOAD build/heap_4.o
LOAD build/port.o
LOAD build/startup_stm32h755xx_CM4.o
LOAD c:/program files (x86)/gnu arm embedded toolchain/10 2021.10/bin/../lib/gcc/arm-none-eabi/10.3.1/../../../../arm-none-eabi/lib/thumb/v7e-m+fp/hard\libc_nano.a
LOAD c:/program files (x86)/gnu arm embedded toolchain/10 2021.10/bin/../lib/gcc/arm-none-eabi/10.3.1/../../../../arm-none-eabi/lib/thumb/v7e-m+fp/hard\libm.a
LOAD c:/program files (x86)/gnu arm embedded toolchain/10 2021.10/bin/../lib/gcc/arm-none-eabi/10.3.1/../../../../arm-none-eabi/lib/thumb/v7e-m+fp/hard\libnosys.a
START GROUP
LOAD c:/program files (x86)/gnu arm embedded toolchain/10 2021.10/bin/../lib/gcc/arm-none-eabi/10.3.1/thumb/v7e-m+fp/hard\libgcc.a
LOAD c:/program files (x86)/gnu arm embedded toolchain/10 2021.10/bin/../lib/gcc/arm-none-eabi/10.3.1/../../../../arm-none-eabi/lib/thumb/v7e-m+fp/hard\libc_nano.a
END GROUP
START GROUP
LOAD c:/program files (x86)/gnu arm embedded toolchain/10 2021.10/bin/../lib/gcc/arm-none-eabi/10.3.1/thumb/v7e-m+fp/hard\libgcc.a
LOAD c:/program files (x86)/gnu arm embedded toolchain/10 2021.10/bin/../lib/gcc/arm-none-eabi/10.3.1/../../../../arm-none-eabi/lib/thumb/v7e-m+fp/hard\libc_nano.a
END GROUP
LOAD c:/program files (x86)/gnu arm embedded toolchain/10 2021.10/bin/../lib/gcc/arm-none-eabi/10.3.1/thumb/v7e-m+fp/hard/crtend.o
LOAD c:/program files (x86)/gnu arm embedded toolchain/10 2021.10/bin/../lib/gcc/arm-none-eabi/10.3.1/thumb/v7e-m+fp/hard/crtn.o
                0x10048000                _estack = 0x10048000
                0x00000200                _Min_Heap_Size = 0x200
                0x00000400                _Min_Stack_Size = 0x400

.isr_vector     0x08100000      0x298
                0x08100000                . = ALIGN (0x4)
 *(.isr_vector)
 .isr_vector    0x08100000      0x298 build/startup_stm32h755xx_CM4.o
                0x08100000                g_pfnVectors
                0x08100298                . = ALIGN (0x4)

.text           0x081002a0     0x564c
                0x081002a0                . = ALIGN (0x4)
 *(.text)
 .text          0x081002a0       0x40 c:/program files (x86)/gnu arm embedded toolchain/10 2021.10/bin/../lib/gcc/arm-none-eabi/10.3.1/thumb/v7e-m+fp/hard/crtbegin.o
 .text          0x081002e0       0x30 c:/program files (x86)/gnu arm embedded toolchain/10 2021.10/bin/../lib/gcc/arm-none-eabi/10.3.1/thumb/v7e-m+fp/hard\libgcc.a(_aeabi_uldivmod.o)
                0x081002e0                __aeabi_uldivmod
 .text          0x08100310      0x2d0 c:/program files (x86)/gnu arm embedded toolchain/10 2021.10/bin/../lib/gcc/arm-none-eabi/10.3.1/thumb/v7e-m+fp/hard\libgcc.a(_udivmoddi4.o)
                0x08100310                __udivmoddi4
 .text          0x081005e0        0x4 c:/program files (x86)/gnu arm embedded toolchain/10 2021.10/bin/../lib/gcc/arm-none-eabi/10.3.1/thumb/v7e-m+fp/hard\libgcc.a(_dvmd_tls.o)
                0x081005e0                __aeabi_idiv0
                0x081005e0                __aeabi_ldiv0
 *(.text*)
 .text.MX_DMA_Init
                0x081005e4       0x24 build/main.o
 .text.MX_GPIO_Init
                0x08100608       0x5c build/main.o
 .text.CM4StatusLEDTask
                0x08100664       0x2c build/main.o
                0x08100664                CM4StatusLEDTask
 .text.HAL_TIM_PeriodElapsedCallback
                0x08100690       0x12 build/main.o
                0x08100690                HAL_TIM_PeriodElapsedCallback
 .text.Error_Handler
                0x081006a2        0x4 build/main.o
                0x081006a2                Error_Handler
 *fill*         0x081006a6        0x2 
 .text.MX_USART3_UART_Init
                0x081006a8       0x64 build/main.o
                0x081006a8                MX_USART3_UART_Init
 .text.main     0x0810070c       0xb0 build/main.o
                0x0810070c                main
 .text.NMI_Handler
                0x081007bc        0x2 build/stm32h7xx_it.o
                0x081007bc                NMI_Handler
 .text.HardFault_Handler
                0x081007be        0x2 build/stm32h7xx_it.o
                0x081007be                HardFault_Handler
 .text.MemManage_Handler
                0x081007c0        0x2 build/stm32h7xx_it.o
                0x081007c0                MemManage_Handler
 .text.BusFault_Handler
                0x081007c2        0x2 build/stm32h7xx_it.o
                0x081007c2                BusFault_Handler
 .text.UsageFault_Handler
                0x081007c4        0x2 build/stm32h7xx_it.o
                0x081007c4                UsageFault_Handler
 .text.DebugMon_Handler
                0x081007c6        0x2 build/stm32h7xx_it.o
                0x081007c6                DebugMon_Handler
 .text.TIM2_IRQHandler
                0x081007c8       0x10 build/stm32h7xx_it.o
                0x081007c8                TIM2_IRQHandler
 .text.HAL_MspInit
                0x081007d8       0x34 build/stm32h7xx_hal_msp.o
                0x081007d8                HAL_MspInit
 .text.HAL_UART_MspInit
                0x0810080c       0xd4 build/stm32h7xx_hal_msp.o
                0x0810080c                HAL_UART_MspInit
 .text.HAL_NVIC_SetPriorityGrouping
                0x081008e0       0x24 build/stm32h7xx_hal_cortex.o
                0x081008e0                HAL_NVIC_SetPriorityGrouping
 .text.HAL_NVIC_SetPriority
                0x08100904       0x6c build/stm32h7xx_hal_cortex.o
                0x08100904                HAL_NVIC_SetPriority
 .text.HAL_NVIC_EnableIRQ
                0x08100970       0x1c build/stm32h7xx_hal_cortex.o
                0x08100970                HAL_NVIC_EnableIRQ
 .text.HAL_GetCurrentCPUID
                0x0810098c       0x18 build/stm32h7xx_hal_cortex.o
                0x0810098c                HAL_GetCurrentCPUID
 .text.HAL_RCC_GetSysClockFreq
                0x081009a4      0x1f4 build/stm32h7xx_hal_rcc.o
                0x081009a4                HAL_RCC_GetSysClockFreq
 .text.HAL_RCC_GetHCLKFreq
                0x08100b98       0x40 build/stm32h7xx_hal_rcc.o
                0x08100b98                HAL_RCC_GetHCLKFreq
 .text.HAL_RCC_GetPCLK1Freq
                0x08100bd8       0x24 build/stm32h7xx_hal_rcc.o
                0x08100bd8                HAL_RCC_GetPCLK1Freq
 .text.HAL_RCC_GetPCLK2Freq
                0x08100bfc       0x24 build/stm32h7xx_hal_rcc.o
                0x08100bfc                HAL_RCC_GetPCLK2Freq
 .text.HAL_RCC_GetClockConfig
                0x08100c20       0x54 build/stm32h7xx_hal_rcc.o
                0x08100c20                HAL_RCC_GetClockConfig
 .text.RCCEx_PLL2_Config
                0x08100c74      0x10c build/stm32h7xx_hal_rcc_ex.o
 .text.RCCEx_PLL3_Config
                0x08100d80      0x10c build/stm32h7xx_hal_rcc_ex.o
 .text.HAL_RCCEx_PeriphCLKConfig
                0x08100e8c      0xa8c build/stm32h7xx_hal_rcc_ex.o
                0x08100e8c                HAL_RCCEx_PeriphCLKConfig
 .text.HAL_RCCEx_GetD3PCLK1Freq
                0x08101918       0x24 build/stm32h7xx_hal_rcc_ex.o
                0x08101918                HAL_RCCEx_GetD3PCLK1Freq
 .text.HAL_RCCEx_GetPLL2ClockFreq
                0x0810193c      0x1f8 build/stm32h7xx_hal_rcc_ex.o
                0x0810193c                HAL_RCCEx_GetPLL2ClockFreq
 .text.HAL_RCCEx_GetPLL3ClockFreq
                0x08101b34      0x1f8 build/stm32h7xx_hal_rcc_ex.o
                0x08101b34                HAL_RCCEx_GetPLL3ClockFreq
 .text.HAL_GPIO_Init
                0x08101d2c      0x220 build/stm32h7xx_hal_gpio.o
                0x08101d2c                HAL_GPIO_Init
 .text.HAL_GPIO_WritePin
                0x08101f4c        0xc build/stm32h7xx_hal_gpio.o
                0x08101f4c                HAL_GPIO_WritePin
 .text.HAL_GPIO_TogglePin
                0x08101f58       0x12 build/stm32h7xx_hal_gpio.o
                0x08101f58                HAL_GPIO_TogglePin
 *fill*         0x08101f6a        0x2 
 .text.HAL_HSEM_ActivateNotification
                0x08101f6c       0x10 build/stm32h7xx_hal_hsem.o
                0x08101f6c                HAL_HSEM_ActivateNotification
 .text.DMA_SetConfig
                0x08101f7c      0x1b4 build/stm32h7xx_hal_dma.o
 .text.DMA_CalcBaseAndBitshift
                0x08102130       0xb4 build/stm32h7xx_hal_dma.o
 .text.DMA_CheckFifoParam
                0x081021e4       0x92 build/stm32h7xx_hal_dma.o
 *fill*         0x08102276        0x2 
 .text.DMA_CalcDMAMUXChannelBaseAndMask
                0x08102278       0xb0 build/stm32h7xx_hal_dma.o
 .text.DMA_CalcDMAMUXRequestGenBaseAndMask
                0x08102328       0x7c build/stm32h7xx_hal_dma.o
 .text.HAL_DMA_Init
                0x081023a4      0x3a4 build/stm32h7xx_hal_dma.o
                0x081023a4                HAL_DMA_Init
 .text.HAL_DMA_Start_IT
                0x08102748      0x298 build/stm32h7xx_hal_dma.o
                0x08102748                HAL_DMA_Start_IT
 .text.HAL_PWREx_EnterSTOPMode
                0x081029e0       0xb0 build/stm32h7xx_hal_pwr_ex.o
                0x081029e0                HAL_PWREx_EnterSTOPMode
 .text.HAL_PWREx_ClearPendingEvent
                0x08102a90       0x14 build/stm32h7xx_hal_pwr_ex.o
                0x08102a90                HAL_PWREx_ClearPendingEvent
 .text.HAL_Init
                0x08102aa4       0x9c build/stm32h7xx_hal.o
                0x08102aa4                HAL_Init
 .text.HAL_IncTick
                0x08102b40       0x18 build/stm32h7xx_hal.o
                0x08102b40                HAL_IncTick
 .text.HAL_GetTick
                0x08102b58        0xc build/stm32h7xx_hal.o
                0x08102b58                HAL_GetTick
 .text.HAL_TIM_Base_MspInit
                0x08102b64        0x2 build/stm32h7xx_hal_tim.o
                0x08102b64                HAL_TIM_Base_MspInit
 *fill*         0x08102b66        0x2 
 .text.HAL_TIM_Base_Start_IT
                0x08102b68       0x90 build/stm32h7xx_hal_tim.o
                0x08102b68                HAL_TIM_Base_Start_IT
 .text.HAL_TIM_OC_DelayElapsedCallback
                0x08102bf8        0x2 build/stm32h7xx_hal_tim.o
                0x08102bf8                HAL_TIM_OC_DelayElapsedCallback
 .text.HAL_TIM_IC_CaptureCallback
                0x08102bfa        0x2 build/stm32h7xx_hal_tim.o
                0x08102bfa                HAL_TIM_IC_CaptureCallback
 .text.HAL_TIM_PWM_PulseFinishedCallback
                0x08102bfc        0x2 build/stm32h7xx_hal_tim.o
                0x08102bfc                HAL_TIM_PWM_PulseFinishedCallback
 .text.HAL_TIM_TriggerCallback
                0x08102bfe        0x2 build/stm32h7xx_hal_tim.o
                0x08102bfe                HAL_TIM_TriggerCallback
 .text.HAL_TIM_IRQHandler
                0x08102c00      0x19a build/stm32h7xx_hal_tim.o
                0x08102c00                HAL_TIM_IRQHandler
 *fill*         0x08102d9a        0x2 
 .text.TIM_Base_SetConfig
                0x08102d9c      0x104 build/stm32h7xx_hal_tim.o
                0x08102d9c                TIM_Base_SetConfig
 .text.HAL_TIM_Base_Init
                0x08102ea0       0x60 build/stm32h7xx_hal_tim.o
                0x08102ea0                HAL_TIM_Base_Init
 .text.HAL_TIMEx_CommutCallback
                0x08102f00        0x2 build/stm32h7xx_hal_tim_ex.o
                0x08102f00                HAL_TIMEx_CommutCallback
 .text.HAL_TIMEx_BreakCallback
                0x08102f02        0x2 build/stm32h7xx_hal_tim_ex.o
                0x08102f02                HAL_TIMEx_BreakCallback
 .text.HAL_TIMEx_Break2Callback
                0x08102f04        0x2 build/stm32h7xx_hal_tim_ex.o
                0x08102f04                HAL_TIMEx_Break2Callback
 .text.UART_EndTxTransfer
                0x08102f06       0x32 build/stm32h7xx_hal_uart.o
 .text.UART_EndRxTransfer
                0x08102f38       0x58 build/stm32h7xx_hal_uart.o
 .text.HAL_UART_Transmit_DMA
                0x08102f90       0x9c build/stm32h7xx_hal_uart.o
                0x08102f90                HAL_UART_Transmit_DMA
 .text.HAL_UART_TxCpltCallback
                0x0810302c        0x2 build/stm32h7xx_hal_uart.o
                0x0810302c                HAL_UART_TxCpltCallback
 .text.UART_DMATransmitCplt
                0x0810302e       0x46 build/stm32h7xx_hal_uart.o
 .text.HAL_UART_TxHalfCpltCallback
                0x08103074        0x2 build/stm32h7xx_hal_uart.o
                0x08103074                HAL_UART_TxHalfCpltCallback
 .text.UART_DMATxHalfCplt
                0x08103076        0xa build/stm32h7xx_hal_uart.o
 .text.HAL_UART_ErrorCallback
                0x08103080        0x2 build/stm32h7xx_hal_uart.o
                0x08103080                HAL_UART_ErrorCallback
 .text.UART_DMAError
                0x08103082       0x58 build/stm32h7xx_hal_uart.o
 *fill*         0x081030da        0x2 
 .text.UART_SetConfig
                0x081030dc      0x5f4 build/stm32h7xx_hal_uart.o
                0x081030dc                UART_SetConfig
 .text.UART_AdvFeatureConfig
                0x081036d0       0xca build/stm32h7xx_hal_uart.o
                0x081036d0                UART_AdvFeatureConfig
 .text.UART_WaitOnFlagUntilTimeout
                0x0810379a       0x9a build/stm32h7xx_hal_uart.o
                0x0810379a                UART_WaitOnFlagUntilTimeout
 .text.UART_CheckIdleState
                0x08103834       0xca build/stm32h7xx_hal_uart.o
                0x08103834                UART_CheckIdleState
 .text.HAL_UART_Init
                0x081038fe       0x66 build/stm32h7xx_hal_uart.o
                0x081038fe                HAL_UART_Init
 .text.UARTEx_SetNbDataToProcess
                0x08103964       0x4c build/stm32h7xx_hal_uart_ex.o
 .text.HAL_UARTEx_EnableFifoMode
                0x081039b0       0x48 build/stm32h7xx_hal_uart_ex.o
                0x081039b0                HAL_UARTEx_EnableFifoMode
 .text.HAL_UARTEx_SetTxFifoThreshold
                0x081039f8       0x4a build/stm32h7xx_hal_uart_ex.o
                0x081039f8                HAL_UARTEx_SetTxFifoThreshold
 .text.HAL_UARTEx_SetRxFifoThreshold
                0x08103a42       0x4a build/stm32h7xx_hal_uart_ex.o
                0x08103a42                HAL_UARTEx_SetRxFifoThreshold
 .text.SystemInit
                0x08103a8c       0x1c build/system_stm32h7xx_dualcore_boot_cm4_cm7.o
                0x08103a8c                SystemInit
 .text.HAL_InitTick
                0x08103aa8       0x9c build/stm32h7xx_hal_timebase_tim.o
                0x08103aa8                HAL_InitTick
 .text.vListInitialise
                0x08103b44       0x16 build/list.o
                0x08103b44                vListInitialise
 .text.vListInitialiseItem
                0x08103b5a        0x6 build/list.o
                0x08103b5a                vListInitialiseItem
 .text.vListInsertEnd
                0x08103b60       0x16 build/list.o
                0x08103b60                vListInsertEnd
 .text.vListInsert
                0x08103b76       0x32 build/list.o
                0x08103b76                vListInsert
 .text.uxListRemove
                0x08103ba8       0x26 build/list.o
                0x08103ba8                uxListRemove
 .text.prvIsQueueFull
                0x08103bce       0x1e build/queue.o
 .text.prvIsQueueEmpty
                0x08103bec       0x1a build/queue.o
 .text.prvCopyDataToQueue
                0x08103c06       0x76 build/queue.o
 .text.prvCopyDataFromQueue
                0x08103c7c       0x24 build/queue.o
 .text.prvUnlockQueue
                0x08103ca0       0x6e build/queue.o
 .text.xQueueGenericReset
                0x08103d0e       0x84 build/queue.o
                0x08103d0e                xQueueGenericReset
 .text.prvInitialiseNewQueue
                0x08103d92       0x22 build/queue.o
 .text.xQueueGenericCreateStatic
                0x08103db4       0xa6 build/queue.o
                0x08103db4                xQueueGenericCreateStatic
 .text.xQueueGenericSend
                0x08103e5a      0x188 build/queue.o
                0x08103e5a                xQueueGenericSend
 .text.xQueueGenericSendFromISR
                0x08103fe2       0xce build/queue.o
                0x08103fe2                xQueueGenericSendFromISR
 .text.xQueueReceive
                0x081040b0      0x15e build/queue.o
                0x081040b0                xQueueReceive
 *fill*         0x0810420e        0x2 
 .text.vQueueAddToRegistry
                0x08104210       0x28 build/queue.o
                0x08104210                vQueueAddToRegistry
 .text.vQueueWaitForMessageRestricted
                0x08104238       0x52 build/queue.o
                0x08104238                vQueueWaitForMessageRestricted
 *fill*         0x0810428a        0x2 
 .text.prvResetNextTaskUnblockTime
                0x0810428c       0x2c build/tasks.o
 .text.prvInitialiseNewTask
                0x081042b8       0xa6 build/tasks.o
 *fill*         0x0810435e        0x2 
 .text.prvInitialiseTaskLists
                0x08104360       0x68 build/tasks.o
 .text.prvAddNewTaskToReadyList
                0x081043c8       0xac build/tasks.o
 .text.prvDeleteTCB
                0x08104474       0x38 build/tasks.o
 .text.prvCheckTasksWaitingTermination
                0x081044ac       0x4c build/tasks.o
 .text.prvIdleTask
                0x081044f8       0x28 build/tasks.o
 .text.prvAddCurrentTaskToDelayedList
                0x08104520       0x84 build/tasks.o
 .text.xTaskCreateStatic
                0x081045a4       0x76 build/tasks.o
                0x081045a4                xTaskCreateStatic
 .text.xTaskCreate
                0x0810461a       0x68 build/tasks.o
                0x0810461a                xTaskCreate
 *fill*         0x08104682        0x2 
 .text.vTaskStartScheduler
                0x08104684       0x9c build/tasks.o
                0x08104684                vTaskStartScheduler
 .text.vTaskSuspendAll
                0x08104720       0x10 build/tasks.o
                0x08104720                vTaskSuspendAll
 .text.xTaskGetTickCount
                0x08104730        0xc build/tasks.o
                0x08104730                xTaskGetTickCount
 .text.xTaskIncrementTick
                0x0810473c      0x118 build/tasks.o
                0x0810473c                xTaskIncrementTick
 .text.xTaskResumeAll
                0x08104854       0xf8 build/tasks.o
                0x08104854                xTaskResumeAll
 .text.vTaskDelay
                0x0810494c       0x4c build/tasks.o
                0x0810494c                vTaskDelay
 .text.vTaskSwitchContext
                0x08104998       0x94 build/tasks.o
                0x08104998                vTaskSwitchContext
 .text.vTaskPlaceOnEventList
                0x08104a2c       0x30 build/tasks.o
                0x08104a2c                vTaskPlaceOnEventList
 .text.vTaskPlaceOnEventListRestricted
                0x08104a5c       0x38 build/tasks.o
                0x08104a5c                vTaskPlaceOnEventListRestricted
 .text.xTaskRemoveFromEventList
                0x08104a94       0x8c build/tasks.o
                0x08104a94                xTaskRemoveFromEventList
 .text.vTaskInternalSetTimeOutState
                0x08104b20       0x18 build/tasks.o
                0x08104b20                vTaskInternalSetTimeOutState
 .text.xTaskCheckForTimeOut
                0x08104b38       0x84 build/tasks.o
                0x08104b38                xTaskCheckForTimeOut
 .text.vTaskMissedYield
                0x08104bbc        0xc build/tasks.o
                0x08104bbc                vTaskMissedYield
 .text.xTaskGetSchedulerState
                0x08104bc8       0x20 build/tasks.o
                0x08104bc8                xTaskGetSchedulerState
 .text.xTaskPriorityDisinherit
                0x08104be8       0x90 build/tasks.o
                0x08104be8                xTaskPriorityDisinherit
 .text.prvGetNextExpireTime
                0x08104c78       0x20 build/timers.o
 .text.prvInsertTimerInActiveList
                0x08104c98       0x50 build/timers.o
 .text.prvCheckForValidListAndQueue
                0x08104ce8       0x70 build/timers.o
 .text.xTimerCreateTimerTask
                0x08104d58       0x64 build/timers.o
                0x08104d58                xTimerCreateTimerTask
 .text.xTimerGenericCommand
                0x08104dbc       0x6c build/timers.o
                0x08104dbc                xTimerGenericCommand
 .text.prvSwitchTimerLists
                0x08104e28       0x7c build/timers.o
 .text.prvSampleTimeNow
                0x08104ea4       0x2c build/timers.o
 .text.prvProcessExpiredTimer
                0x08104ed0       0x6c build/timers.o
 .text.prvProcessTimerOrBlockTask
                0x08104f3c       0x78 build/timers.o
 .text.prvProcessReceivedCommands
                0x08104fb4      0x10c build/timers.o
 .text.prvTimerTask
                0x081050c0       0x16 build/timers.o
 .text.SysTick_Handler
                0x081050d6       0x18 build/cmsis_os2.o
                0x081050d6                SysTick_Handler
 *fill*         0x081050ee        0x2 
 .text.osKernelInitialize
                0x081050f0       0x24 build/cmsis_os2.o
                0x081050f0                osKernelInitialize
 .text.osKernelStart
                0x08105114       0x38 build/cmsis_os2.o
                0x08105114                osKernelStart
 .text.osThreadNew
                0x0810514c       0xbc build/cmsis_os2.o
                0x0810514c                osThreadNew
 .text.osDelay  0x08105208       0x1c build/cmsis_os2.o
                0x08105208                osDelay
 .text.vApplicationGetIdleTaskMemory
                0x08105224       0x18 build/cmsis_os2.o
                0x08105224                vApplicationGetIdleTaskMemory
 .text.vApplicationGetTimerTaskMemory
                0x0810523c       0x18 build/cmsis_os2.o
                0x0810523c                vApplicationGetTimerTaskMemory
 .text.prvHeapInit
                0x08105254       0x64 build/heap_4.o
 .text.prvInsertBlockIntoFreeList
                0x081052b8       0x64 build/heap_4.o
 .text.pvPortMalloc
                0x0810531c       0xfc build/heap_4.o
                0x0810531c                pvPortMalloc
 .text.vPortFree
                0x08105418       0x7c build/heap_4.o
                0x08105418                vPortFree
 .text.prvTaskExitError
                0x08105494       0x40 build/port.o
 .text.prvPortStartFirstTask
                0x081054d4       0x28 build/port.o
 .text.vPortEnableVFP
                0x081054fc       0x14 build/port.o
 .text.pxPortInitialiseStack
                0x08105510       0x2c build/port.o
                0x08105510                pxPortInitialiseStack
 *fill*         0x0810553c        0x4 
 .text.SVC_Handler
                0x08105540       0x24 build/port.o
                0x08105540                SVC_Handler
 .text.vPortEnterCritical
                0x08105564       0x44 build/port.o
                0x08105564                vPortEnterCritical
 .text.vPortExitCritical
                0x081055a8       0x2c build/port.o
                0x081055a8                vPortExitCritical
 *fill*         0x081055d4        0xc 
 .text.PendSV_Handler
                0x081055e0       0x64 build/port.o
                0x081055e0                PendSV_Handler
 .text.xPortSysTickHandler
                0x08105644       0x2c build/port.o
                0x08105644                xPortSysTickHandler
 .text.vPortSetupTimerInterrupt
                0x08105670       0x28 build/port.o
                0x08105670                vPortSetupTimerInterrupt
 .text.xPortStartScheduler
                0x08105698      0x118 build/port.o
                0x08105698                xPortStartScheduler
 .text.vPortValidateInterruptPriority
                0x081057b0       0x5c build/port.o
                0x081057b0                vPortValidateInterruptPriority
 .text.Reset_Handler
                0x0810580c       0x50 build/startup_stm32h755xx_CM4.o
                0x0810580c                Reset_Handler
 .text.Default_Handler
                0x0810585c        0x2 build/startup_stm32h755xx_CM4.o
                0x0810585c                RTC_Alarm_IRQHandler
                0x0810585c                HASH_RNG_IRQHandler
                0x0810585c                EXTI2_IRQHandler
                0x0810585c                TIM8_CC_IRQHandler
                0x0810585c                HRTIM1_Master_IRQHandler
                0x0810585c                UART8_IRQHandler
                0x0810585c                SPI4_IRQHandler
                0x0810585c                TIM1_CC_IRQHandler
                0x0810585c                BDMA_Channel6_IRQHandler
                0x0810585c                DMA2_Stream5_IRQHandler
                0x0810585c                HRTIM1_FLT_IRQHandler
                0x0810585c                JPEG_IRQHandler
                0x0810585c                DMA1_Stream5_IRQHandler
                0x0810585c                BDMA_Channel1_IRQHandler
                0x0810585c                HRTIM1_TIMD_IRQHandler
                0x0810585c                TAMP_STAMP_IRQHandler
                0x0810585c                EXTI3_IRQHandler
                0x0810585c                LPTIM4_IRQHandler
                0x0810585c                TIM8_TRG_COM_TIM14_IRQHandler
                0x0810585c                LPTIM2_IRQHandler
                0x0810585c                DFSDM1_FLT1_IRQHandler
                0x0810585c                DMAMUX2_OVR_IRQHandler
                0x0810585c                TIM8_UP_TIM13_IRQHandler
                0x0810585c                I2C3_ER_IRQHandler
                0x0810585c                DFSDM1_FLT2_IRQHandler
                0x0810585c                MDMA_IRQHandler
                0x0810585c                LPTIM3_IRQHandler
                0x0810585c                HSEM1_IRQHandler
                0x0810585c                EXTI0_IRQHandler
                0x0810585c                I2C2_EV_IRQHandler
                0x0810585c                DMA1_Stream2_IRQHandler
                0x0810585c                FPU_IRQHandler
                0x0810585c                OTG_HS_WKUP_IRQHandler
                0x0810585c                FDCAN1_IT1_IRQHandler
                0x0810585c                LTDC_ER_IRQHandler
                0x0810585c                DMA2_Stream2_IRQHandler
                0x0810585c                HRTIM1_TIME_IRQHandler
                0x0810585c                SPI1_IRQHandler
                0x0810585c                TIM6_DAC_IRQHandler
                0x0810585c                DCMI_IRQHandler
                0x0810585c                HRTIM1_TIMC_IRQHandler
                0x0810585c                DMA2_Stream3_IRQHandler
                0x0810585c                SAI2_IRQHandler
                0x0810585c                DFSDM1_FLT3_IRQHandler
                0x0810585c                USART6_IRQHandler
                0x0810585c                TIM17_IRQHandler
                0x0810585c                USART3_IRQHandler
                0x0810585c                BDMA_Channel7_IRQHandler
                0x0810585c                CRYP_IRQHandler
                0x0810585c                LPTIM5_IRQHandler
                0x0810585c                UART5_IRQHandler
                0x0810585c                ADC3_IRQHandler
                0x0810585c                DMA2_Stream0_IRQHandler
                0x0810585c                TIM4_IRQHandler
                0x0810585c                BDMA_Channel2_IRQHandler
                0x0810585c                QUADSPI_IRQHandler
                0x0810585c                I2C1_EV_IRQHandler
                0x0810585c                DMA1_Stream6_IRQHandler
                0x0810585c                DMAMUX1_OVR_IRQHandler
                0x0810585c                DMA1_Stream1_IRQHandler
                0x0810585c                TIM16_IRQHandler
                0x0810585c                UART4_IRQHandler
                0x0810585c                BDMA_Channel5_IRQHandler
                0x0810585c                TIM3_IRQHandler
                0x0810585c                RCC_IRQHandler
                0x0810585c                TIM8_BRK_TIM12_IRQHandler
                0x0810585c                TIM1_TRG_COM_IRQHandler
                0x0810585c                Default_Handler
                0x0810585c                ECC_IRQHandler
                0x0810585c                CEC_IRQHandler
                0x0810585c                EXTI15_10_IRQHandler
                0x0810585c                BDMA_Channel0_IRQHandler
                0x0810585c                ADC_IRQHandler
                0x0810585c                DMA1_Stream7_IRQHandler
                0x0810585c                HRTIM1_TIMA_IRQHandler
                0x0810585c                SPI5_IRQHandler
                0x0810585c                TIM7_IRQHandler
                0x0810585c                SDMMC1_IRQHandler
                0x0810585c                TIM5_IRQHandler
                0x0810585c                DMA2_Stream7_IRQHandler
                0x0810585c                TIM15_IRQHandler
                0x0810585c                PVD_AVD_IRQHandler
                0x0810585c                I2C3_EV_IRQHandler
                0x0810585c                EXTI9_5_IRQHandler
                0x0810585c                RTC_WKUP_IRQHandler
                0x0810585c                LTDC_IRQHandler
                0x0810585c                SAI3_IRQHandler
                0x0810585c                ETH_WKUP_IRQHandler
                0x0810585c                SPDIF_RX_IRQHandler
                0x0810585c                SPI2_IRQHandler
                0x0810585c                OTG_HS_EP1_IN_IRQHandler
                0x0810585c                DMA1_Stream0_IRQHandler
                0x0810585c                CRS_IRQHandler
                0x0810585c                CM7_SEV_IRQHandler
                0x0810585c                EXTI4_IRQHandler
                0x0810585c                CM4_SEV_IRQHandler
                0x0810585c                HRTIM1_TIMB_IRQHandler
                0x0810585c                FDCAN2_IT1_IRQHandler
                0x0810585c                ETH_IRQHandler
                0x0810585c                TIM1_UP_IRQHandler
                0x0810585c                WWDG_RST_IRQHandler
                0x0810585c                BDMA_Channel4_IRQHandler
                0x0810585c                OTG_HS_EP1_OUT_IRQHandler
                0x0810585c                WWDG_IRQHandler
                0x0810585c                SPI6_IRQHandler
                0x0810585c                MDIOS_IRQHandler
                0x0810585c                I2C4_EV_IRQHandler
                0x0810585c                FDCAN2_IT0_IRQHandler
                0x0810585c                LPUART1_IRQHandler
                0x0810585c                FDCAN1_IT0_IRQHandler
                0x0810585c                OTG_FS_WKUP_IRQHandler
                0x0810585c                OTG_HS_IRQHandler
                0x0810585c                HSEM2_IRQHandler
                0x0810585c                DMA2D_IRQHandler
                0x0810585c                TIM1_BRK_IRQHandler
                0x0810585c                EXTI1_IRQHandler
                0x0810585c                SDMMC2_IRQHandler
                0x0810585c                OTG_FS_EP1_OUT_IRQHandler
                0x0810585c                BDMA_Channel3_IRQHandler
                0x0810585c                HOLD_CORE_IRQHandler
                0x0810585c                UART7_IRQHandler
                0x0810585c                MDIOS_WKUP_IRQHandler
                0x0810585c                USART2_IRQHandler
                0x0810585c                DFSDM1_FLT0_IRQHandler
                0x0810585c                SAI4_IRQHandler
                0x0810585c                I2C2_ER_IRQHandler
                0x0810585c                DMA2_Stream1_IRQHandler
                0x0810585c                FLASH_IRQHandler
                0x0810585c                DMA2_Stream4_IRQHandler
                0x0810585c                USART1_IRQHandler
                0x0810585c                OTG_FS_IRQHandler
                0x0810585c                SPI3_IRQHandler
                0x0810585c                WAKEUP_PIN_IRQHandler
                0x0810585c                DMA1_Stream4_IRQHandler
                0x0810585c                OTG_FS_EP1_IN_IRQHandler
                0x0810585c                I2C1_ER_IRQHandler
                0x0810585c                FMC_IRQHandler
                0x0810585c                FDCAN_CAL_IRQHandler
                0x0810585c                SWPMI1_IRQHandler
                0x0810585c                COMP1_IRQHandler
                0x0810585c                LPTIM1_IRQHandler
                0x0810585c                I2C4_ER_IRQHandler
                0x0810585c                DMA2_Stream6_IRQHandler
                0x0810585c                SAI1_IRQHandler
                0x0810585c                DMA1_Stream3_IRQHandler
 *fill*         0x0810585e        0x2 
 .text.__libc_init_array
                0x08105860       0x48 c:/program files (x86)/gnu arm embedded toolchain/10 2021.10/bin/../lib/gcc/arm-none-eabi/10.3.1/../../../../arm-none-eabi/lib/thumb/v7e-m+fp/hard\libc_nano.a(lib_a-init.o)
                0x08105860                __libc_init_array
 .text.memcpy   0x081058a8       0x1c c:/program files (x86)/gnu arm embedded toolchain/10 2021.10/bin/../lib/gcc/arm-none-eabi/10.3.1/../../../../arm-none-eabi/lib/thumb/v7e-m+fp/hard\libc_nano.a(lib_a-memcpy-stub.o)
                0x081058a8                memcpy
 .text.memset   0x081058c4       0x10 c:/program files (x86)/gnu arm embedded toolchain/10 2021.10/bin/../lib/gcc/arm-none-eabi/10.3.1/../../../../arm-none-eabi/lib/thumb/v7e-m+fp/hard\libc_nano.a(lib_a-memset.o)
                0x081058c4                memset
 *(.glue_7)
 .glue_7        0x081058d4        0x0 linker stubs
 *(.glue_7t)
 .glue_7t       0x081058d4        0x0 linker stubs
 *(.eh_frame)
 .eh_frame      0x081058d4        0x0 c:/program files (x86)/gnu arm embedded toolchain/10 2021.10/bin/../lib/gcc/arm-none-eabi/10.3.1/thumb/v7e-m+fp/hard/crtbegin.o
 *(.init)
 .init          0x081058d4        0x4 c:/program files (x86)/gnu arm embedded toolchain/10 2021.10/bin/../lib/gcc/arm-none-eabi/10.3.1/thumb/v7e-m+fp/hard/crti.o
                0x081058d4                _init
 .init          0x081058d8        0x8 c:/program files (x86)/gnu arm embedded toolchain/10 2021.10/bin/../lib/gcc/arm-none-eabi/10.3.1/thumb/v7e-m+fp/hard/crtn.o
 *(.fini)
 .fini          0x081058e0        0x4 c:/program files (x86)/gnu arm embedded toolchain/10 2021.10/bin/../lib/gcc/arm-none-eabi/10.3.1/thumb/v7e-m+fp/hard/crti.o
                0x081058e0                _fini
 .fini          0x081058e4        0x8 c:/program files (x86)/gnu arm embedded toolchain/10 2021.10/bin/../lib/gcc/arm-none-eabi/10.3.1/thumb/v7e-m+fp/hard/crtn.o
                0x081058ec                . = ALIGN (0x4)
                0x081058ec                _etext = .

.vfp11_veneer   0x081058ec        0x0
 .vfp11_veneer  0x081058ec        0x0 linker stubs

.v4_bx          0x081058ec        0x0
 .v4_bx         0x081058ec        0x0 linker stubs

.iplt           0x081058ec        0x0
 .iplt          0x081058ec        0x0 c:/program files (x86)/gnu arm embedded toolchain/10 2021.10/bin/../lib/gcc/arm-none-eabi/10.3.1/thumb/v7e-m+fp/hard/crtbegin.o

.rodata         0x081058ec       0xb8
                0x081058ec                . = ALIGN (0x4)
 *(.rodata)
 *(.rodata*)
 .rodata.CM4StatusLEDTask.str1.4
                0x081058ec        0x5 build/main.o
 *fill*         0x081058f1        0x3 
 .rodata.main.str1.4
                0x081058f4       0x24 build/main.o
 .rodata.str1.4
                0x08105918        0xd build/main.o
 *fill*         0x08105925        0x3 
 .rodata.CM4StatusLED_attributes
                0x08105928       0x24 build/main.o
                0x08105928                CM4StatusLED_attributes
 .rodata.flagBitshiftOffset.0
                0x0810594c        0x8 build/stm32h7xx_hal_dma.o
 .rodata.UARTPrescTable
                0x08105954       0x18 build/stm32h7xx_hal_uart.o
                0x08105954                UARTPrescTable
 .rodata.denominator.0
                0x0810596c        0x8 build/stm32h7xx_hal_uart_ex.o
 .rodata.numerator.1
                0x08105974        0x8 build/stm32h7xx_hal_uart_ex.o
 .rodata.D1CorePrescTable
                0x0810597c       0x10 build/system_stm32h7xx_dualcore_boot_cm4_cm7.o
                0x0810597c                D1CorePrescTable
 .rodata.vTaskStartScheduler.str1.4
                0x0810598c        0x5 build/tasks.o
 *fill*         0x08105991        0x3 
 .rodata.prvCheckForValidListAndQueue.str1.4
                0x08105994        0x5 build/timers.o
 *fill*         0x08105999        0x3 
 .rodata.xTimerCreateTimerTask.str1.4
                0x0810599c        0x8 build/timers.o
                0x081059a4                . = ALIGN (0x4)

.ARM.extab
 *(.ARM.extab* .gnu.linkonce.armextab.*)

.ARM            0x081059a4        0x8
                0x081059a4                __exidx_start = .
 *(.ARM.exidx*)
 .ARM.exidx     0x081059a4        0x8 c:/program files (x86)/gnu arm embedded toolchain/10 2021.10/bin/../lib/gcc/arm-none-eabi/10.3.1/thumb/v7e-m+fp/hard\libgcc.a(_udivmoddi4.o)
                0x081059ac                __exidx_end = .

.rel.dyn        0x081059ac        0x0
 .rel.iplt      0x081059ac        0x0 c:/program files (x86)/gnu arm embedded toolchain/10 2021.10/bin/../lib/gcc/arm-none-eabi/10.3.1/thumb/v7e-m+fp/hard/crtbegin.o

.preinit_array  0x081059ac        0x0
                0x081059ac                PROVIDE (__preinit_array_start = .)
 *(.preinit_array*)
                0x081059ac                PROVIDE (__preinit_array_end = .)

.init_array     0x081059ac        0x4
                0x081059ac                PROVIDE (__init_array_start = .)
 *(SORT_BY_NAME(.init_array.*))
 *(.init_array*)
 .init_array    0x081059ac        0x4 c:/program files (x86)/gnu arm embedded toolchain/10 2021.10/bin/../lib/gcc/arm-none-eabi/10.3.1/thumb/v7e-m+fp/hard/crtbegin.o
                0x081059b0                PROVIDE (__init_array_end = .)

.fini_array     0x081059b0        0x4
                [!provide]                PROVIDE (__fini_array_start = .)
 *(SORT_BY_NAME(.fini_array.*))
 *(.fini_array*)
 .fini_array    0x081059b0        0x4 c:/program files (x86)/gnu arm embedded toolchain/10 2021.10/bin/../lib/gcc/arm-none-eabi/10.3.1/thumb/v7e-m+fp/hard/crtbegin.o
                [!provide]                PROVIDE (__fini_array_end = .)
                0x081059b4                _sidata = LOADADDR (.data)

.data           0x10000000       0x14 load address 0x081059b4
                0x10000000                . = ALIGN (0x4)
                0x10000000                _sdata = .
 *(.data)
 *(.data*)
 .data.uwTickFreq
                0x10000000        0x1 build/stm32h7xx_hal.o
                0x10000000                uwTickFreq
 *fill*         0x10000001        0x3 
 .data.uwTickPrio
                0x10000004        0x4 build/stm32h7xx_hal.o
                0x10000004                uwTickPrio
 .data.SystemCoreClock
                0x10000008        0x4 build/system_stm32h7xx_dualcore_boot_cm4_cm7.o
                0x10000008                SystemCoreClock
 .data.SystemD2Clock
                0x1000000c        0x4 build/system_stm32h7xx_dualcore_boot_cm4_cm7.o
                0x1000000c                SystemD2Clock
 .data.uxCriticalNesting
                0x10000010        0x4 build/port.o
                0x10000014                . = ALIGN (0x4)
                0x10000014                _edata = .

.igot.plt       0x10000014        0x0 load address 0x081059c8
 .igot.plt      0x10000014        0x0 c:/program files (x86)/gnu arm embedded toolchain/10 2021.10/bin/../lib/gcc/arm-none-eabi/10.3.1/thumb/v7e-m+fp/hard/crtbegin.o
                0x10000014                . = ALIGN (0x4)

.bss            0x10000014     0x4b44 load address 0x081059c8
                0x10000014                _sbss = .
                0x10000014                __bss_start__ = _sbss
 *(.bss)
 .bss           0x10000014       0x1c c:/program files (x86)/gnu arm embedded toolchain/10 2021.10/bin/../lib/gcc/arm-none-eabi/10.3.1/thumb/v7e-m+fp/hard/crtbegin.o
 *(.bss*)
 .bss.CM4StatusLEDHandle
                0x10000030        0x4 build/main.o
                0x10000030                CM4StatusLEDHandle
 .bss.hdma_usart3_rx
                0x10000034       0x78 build/main.o
                0x10000034                hdma_usart3_rx
 .bss.hdma_usart3_tx
                0x100000ac       0x78 build/main.o
                0x100000ac                hdma_usart3_tx
 .bss.huart3    0x10000124       0x94 build/main.o
                0x10000124                huart3
 .bss.uwTick    0x100001b8        0x4 build/stm32h7xx_hal.o
                0x100001b8                uwTick
 .bss.htim2     0x100001bc       0x4c build/stm32h7xx_hal_timebase_tim.o
                0x100001bc                htim2
 .bss.xQueueRegistry
                0x10000208       0x40 build/queue.o
                0x10000208                xQueueRegistry
 .bss.pxCurrentTCB
                0x10000248        0x4 build/tasks.o
                0x10000248                pxCurrentTCB
 .bss.pxDelayedTaskList
                0x1000024c        0x4 build/tasks.o
 .bss.pxOverflowDelayedTaskList
                0x10000250        0x4 build/tasks.o
 .bss.pxReadyTasksLists
                0x10000254      0x460 build/tasks.o
 .bss.uxCurrentNumberOfTasks
                0x100006b4        0x4 build/tasks.o
 .bss.uxDeletedTasksWaitingCleanUp
                0x100006b8        0x4 build/tasks.o
 .bss.uxSchedulerSuspended
                0x100006bc        0x4 build/tasks.o
 .bss.uxTaskNumber
                0x100006c0        0x4 build/tasks.o
 .bss.uxTopReadyPriority
                0x100006c4        0x4 build/tasks.o
 .bss.xDelayedTaskList1
                0x100006c8       0x14 build/tasks.o
 .bss.xDelayedTaskList2
                0x100006dc       0x14 build/tasks.o
 .bss.xIdleTaskHandle
                0x100006f0        0x4 build/tasks.o
 .bss.xNextTaskUnblockTime
                0x100006f4        0x4 build/tasks.o
 .bss.xNumOfOverflows
                0x100006f8        0x4 build/tasks.o
 .bss.xPendedTicks
                0x100006fc        0x4 build/tasks.o
 .bss.xPendingReadyList
                0x10000700       0x14 build/tasks.o
 .bss.xSchedulerRunning
                0x10000714        0x4 build/tasks.o
 .bss.xSuspendedTaskList
                0x10000718       0x14 build/tasks.o
 .bss.xTasksWaitingTermination
                0x1000072c       0x14 build/tasks.o
 .bss.xTickCount
                0x10000740        0x4 build/tasks.o
 .bss.xYieldPending
                0x10000744        0x4 build/tasks.o
 .bss.pxCurrentTimerList
                0x10000748        0x4 build/timers.o
 .bss.pxOverflowTimerList
                0x1000074c        0x4 build/timers.o
 .bss.ucStaticTimerQueueStorage.1
                0x10000750       0xa0 build/timers.o
 .bss.xActiveTimerList1
                0x100007f0       0x14 build/timers.o
 .bss.xActiveTimerList2
                0x10000804       0x14 build/timers.o
 .bss.xLastTime.2
                0x10000818        0x4 build/timers.o
 .bss.xStaticTimerQueue.0
                0x1000081c       0x50 build/timers.o
 .bss.xTimerQueue
                0x1000086c        0x4 build/timers.o
 .bss.xTimerTaskHandle
                0x10000870        0x4 build/timers.o
 .bss.Idle_Stack.2
                0x10000874      0x200 build/cmsis_os2.o
 .bss.Idle_TCB.3
                0x10000a74       0x5c build/cmsis_os2.o
 .bss.KernelState
                0x10000ad0        0x4 build/cmsis_os2.o
 .bss.Timer_Stack.0
                0x10000ad4      0x400 build/cmsis_os2.o
 .bss.Timer_TCB.1
                0x10000ed4       0x5c build/cmsis_os2.o
 .bss.pxEnd     0x10000f30        0x4 build/heap_4.o
 .bss.ucHeap    0x10000f34     0x3c00 build/heap_4.o
 .bss.xBlockAllocatedBit
                0x10004b34        0x4 build/heap_4.o
 .bss.xFreeBytesRemaining
                0x10004b38        0x4 build/heap_4.o
 .bss.xMinimumEverFreeBytesRemaining
                0x10004b3c        0x4 build/heap_4.o
 .bss.xNumberOfSuccessfulAllocations
                0x10004b40        0x4 build/heap_4.o
 .bss.xNumberOfSuccessfulFrees
                0x10004b44        0x4 build/heap_4.o
 .bss.xStart    0x10004b48        0x8 build/heap_4.o
 .bss.ucMaxSysCallPriority
                0x10004b50        0x1 build/port.o
 *fill*         0x10004b51        0x3 
 .bss.ulMaxPRIGROUPValue
                0x10004b54        0x4 build/port.o
 *(COMMON)
                0x10004b58                . = ALIGN (0x4)
                0x10004b58                _ebss = .
                0x10004b58                __bss_end__ = _ebss

._user_heap_stack
                0x10004b58      0x600 load address 0x081059c8
                0x10004b58                . = ALIGN (0x8)
                [!provide]                PROVIDE (end = .)
                [!provide]                PROVIDE (_end = .)
                0x10004d58                . = (. + _Min_Heap_Size)
 *fill*         0x10004b58      0x200 
                0x10005158                . = (. + _Min_Stack_Size)
 *fill*         0x10004d58      0x400 
                0x10005158                . = ALIGN (0x8)

/DISCARD/
 libc.a(*)
 libm.a(*)
 libgcc.a(*)

.ARM.attributes
                0x00000000       0x30
 *(.ARM.attributes)
 .ARM.attributes
                0x00000000       0x1e c:/program files (x86)/gnu arm embedded toolchain/10 2021.10/bin/../lib/gcc/arm-none-eabi/10.3.1/thumb/v7e-m+fp/hard/crti.o
 .ARM.attributes
                0x0000001e       0x34 c:/program files (x86)/gnu arm embedded toolchain/10 2021.10/bin/../lib/gcc/arm-none-eabi/10.3.1/thumb/v7e-m+fp/hard/crtbegin.o
 .ARM.attributes
                0x00000052       0x34 build/main.o
 .ARM.attributes
                0x00000086       0x34 build/stm32h7xx_it.o
 .ARM.attributes
                0x000000ba       0x34 build/stm32h7xx_hal_msp.o
 .ARM.attributes
                0x000000ee       0x34 build/stm32h7xx_hal_cortex.o
 .ARM.attributes
                0x00000122       0x34 build/stm32h7xx_hal_rcc.o
 .ARM.attributes
                0x00000156       0x34 build/stm32h7xx_hal_rcc_ex.o
 .ARM.attributes
                0x0000018a       0x34 build/stm32h7xx_hal_gpio.o
 .ARM.attributes
                0x000001be       0x34 build/stm32h7xx_hal_hsem.o
 .ARM.attributes
                0x000001f2       0x34 build/stm32h7xx_hal_dma.o
 .ARM.attributes
                0x00000226       0x34 build/stm32h7xx_hal_pwr_ex.o
 .ARM.attributes
                0x0000025a       0x34 build/stm32h7xx_hal.o
 .ARM.attributes
                0x0000028e       0x34 build/stm32h7xx_hal_tim.o
 .ARM.attributes
                0x000002c2       0x34 build/stm32h7xx_hal_tim_ex.o
 .ARM.attributes
                0x000002f6       0x34 build/stm32h7xx_hal_uart.o
 .ARM.attributes
                0x0000032a       0x34 build/stm32h7xx_hal_uart_ex.o
 .ARM.attributes
                0x0000035e       0x34 build/system_stm32h7xx_dualcore_boot_cm4_cm7.o
 .ARM.attributes
                0x00000392       0x34 build/stm32h7xx_hal_timebase_tim.o
 .ARM.attributes
                0x000003c6       0x34 build/list.o
 .ARM.attributes
                0x000003fa       0x34 build/queue.o
 .ARM.attributes
                0x0000042e       0x34 build/tasks.o
 .ARM.attributes
                0x00000462       0x34 build/timers.o
 .ARM.attributes
                0x00000496       0x34 build/cmsis_os2.o
 .ARM.attributes
                0x000004ca       0x34 build/heap_4.o
 .ARM.attributes
                0x000004fe       0x34 build/port.o
 .ARM.attributes
                0x00000532       0x21 build/startup_stm32h755xx_CM4.o
 .ARM.attributes
                0x00000553       0x34 c:/program files (x86)/gnu arm embedded toolchain/10 2021.10/bin/../lib/gcc/arm-none-eabi/10.3.1/../../../../arm-none-eabi/lib/thumb/v7e-m+fp/hard\libc_nano.a(lib_a-init.o)
 .ARM.attributes
                0x00000587       0x34 c:/program files (x86)/gnu arm embedded toolchain/10 2021.10/bin/../lib/gcc/arm-none-eabi/10.3.1/../../../../arm-none-eabi/lib/thumb/v7e-m+fp/hard\libc_nano.a(lib_a-memcpy-stub.o)
 .ARM.attributes
                0x000005bb       0x34 c:/program files (x86)/gnu arm embedded toolchain/10 2021.10/bin/../lib/gcc/arm-none-eabi/10.3.1/../../../../arm-none-eabi/lib/thumb/v7e-m+fp/hard\libc_nano.a(lib_a-memset.o)
 .ARM.attributes
                0x000005ef       0x1e c:/program files (x86)/gnu arm embedded toolchain/10 2021.10/bin/../lib/gcc/arm-none-eabi/10.3.1/thumb/v7e-m+fp/hard\libgcc.a(_aeabi_uldivmod.o)
 .ARM.attributes
                0x0000060d       0x34 c:/program files (x86)/gnu arm embedded toolchain/10 2021.10/bin/../lib/gcc/arm-none-eabi/10.3.1/thumb/v7e-m+fp/hard\libgcc.a(_udivmoddi4.o)
 .ARM.attributes
                0x00000641       0x1e c:/program files (x86)/gnu arm embedded toolchain/10 2021.10/bin/../lib/gcc/arm-none-eabi/10.3.1/thumb/v7e-m+fp/hard\libgcc.a(_dvmd_tls.o)
 .ARM.attributes
                0x0000065f       0x1e c:/program files (x86)/gnu arm embedded toolchain/10 2021.10/bin/../lib/gcc/arm-none-eabi/10.3.1/thumb/v7e-m+fp/hard/crtn.o
OUTPUT(build/AVI_FAS_FMC_CM4.elf elf32-littlearm)
LOAD linker stubs
LOAD c:/program files (x86)/gnu arm embedded toolchain/10 2021.10/bin/../lib/gcc/arm-none-eabi/10.3.1/../../../../arm-none-eabi/lib/thumb/v7e-m+fp/hard\libc.a
LOAD c:/program files (x86)/gnu arm embedded toolchain/10 2021.10/bin/../lib/gcc/arm-none-eabi/10.3.1/../../../../arm-none-eabi/lib/thumb/v7e-m+fp/hard\libm.a
LOAD c:/program files (x86)/gnu arm embedded toolchain/10 2021.10/bin/../lib/gcc/arm-none-eabi/10.3.1/thumb/v7e-m+fp/hard\libgcc.a

.debug_info     0x00000000    0x2a949
 .debug_info    0x00000000     0x1bf3 build/main.o
 .debug_info    0x00001bf3      0x8ea build/stm32h7xx_it.o
 .debug_info    0x000024dd     0x161f build/stm32h7xx_hal_msp.o
 .debug_info    0x00003afc     0x130f build/stm32h7xx_hal_cortex.o
 .debug_info    0x00004e0b     0x13e0 build/stm32h7xx_hal_rcc.o
 .debug_info    0x000061eb     0x1dfc build/stm32h7xx_hal_rcc_ex.o
 .debug_info    0x00007fe7      0xfbd build/stm32h7xx_hal_gpio.o
 .debug_info    0x00008fa4      0x46d build/stm32h7xx_hal_hsem.o
 .debug_info    0x00009411     0x10d8 build/stm32h7xx_hal_dma.o
 .debug_info    0x0000a4e9     0x14d0 build/stm32h7xx_hal_pwr_ex.o
 .debug_info    0x0000b9b9     0x1bf1 build/stm32h7xx_hal.o
 .debug_info    0x0000d5aa     0x432c build/stm32h7xx_hal_tim.o
 .debug_info    0x000118d6     0x2042 build/stm32h7xx_hal_tim_ex.o
 .debug_info    0x00013918     0x6a19 build/stm32h7xx_hal_uart.o
 .debug_info    0x0001a331     0x137b build/stm32h7xx_hal_uart_ex.o
 .debug_info    0x0001b6ac      0x87a build/system_stm32h7xx_dualcore_boot_cm4_cm7.o
 .debug_info    0x0001bf26     0x12d3 build/stm32h7xx_hal_timebase_tim.o
 .debug_info    0x0001d1f9      0x30f build/list.o
 .debug_info    0x0001d508     0x2965 build/queue.o
 .debug_info    0x0001fe6d     0x333f build/tasks.o
 .debug_info    0x000231ac     0x1bd3 build/timers.o
 .debug_info    0x00024d7f     0x4fc6 build/cmsis_os2.o
 .debug_info    0x00029d45      0x61a build/heap_4.o
 .debug_info    0x0002a35f      0x5c8 build/port.o
 .debug_info    0x0002a927       0x22 build/startup_stm32h755xx_CM4.o

.debug_abbrev   0x00000000     0x401d
 .debug_abbrev  0x00000000      0x2a3 build/main.o
 .debug_abbrev  0x000002a3      0x17c build/stm32h7xx_it.o
 .debug_abbrev  0x0000041f      0x1e8 build/stm32h7xx_hal_msp.o
 .debug_abbrev  0x00000607      0x395 build/stm32h7xx_hal_cortex.o
 .debug_abbrev  0x0000099c      0x27d build/stm32h7xx_hal_rcc.o
 .debug_abbrev  0x00000c19      0x286 build/stm32h7xx_hal_rcc_ex.o
 .debug_abbrev  0x00000e9f      0x253 build/stm32h7xx_hal_gpio.o
 .debug_abbrev  0x000010f2      0x1e3 build/stm32h7xx_hal_hsem.o
 .debug_abbrev  0x000012d5      0x2ef build/stm32h7xx_hal_dma.o
 .debug_abbrev  0x000015c4      0x2db build/stm32h7xx_hal_pwr_ex.o
 .debug_abbrev  0x0000189f      0x27d build/stm32h7xx_hal.o
 .debug_abbrev  0x00001b1c      0x289 build/stm32h7xx_hal_tim.o
 .debug_abbrev  0x00001da5      0x29f build/stm32h7xx_hal_tim_ex.o
 .debug_abbrev  0x00002044      0x363 build/stm32h7xx_hal_uart.o
 .debug_abbrev  0x000023a7      0x308 build/stm32h7xx_hal_uart_ex.o
 .debug_abbrev  0x000026af      0x12a build/system_stm32h7xx_dualcore_boot_cm4_cm7.o
 .debug_abbrev  0x000027d9      0x211 build/stm32h7xx_hal_timebase_tim.o
 .debug_abbrev  0x000029ea      0x124 build/list.o
 .debug_abbrev  0x00002b0e      0x3c4 build/queue.o
 .debug_abbrev  0x00002ed2      0x387 build/tasks.o
 .debug_abbrev  0x00003259      0x366 build/timers.o
 .debug_abbrev  0x000035bf      0x559 build/cmsis_os2.o
 .debug_abbrev  0x00003b18      0x269 build/heap_4.o
 .debug_abbrev  0x00003d81      0x28a build/port.o
 .debug_abbrev  0x0000400b       0x12 build/startup_stm32h755xx_CM4.o

.debug_loc      0x00000000    0x21fde
 .debug_loc     0x00000000      0x157 build/main.o
 .debug_loc     0x00000157       0x20 build/stm32h7xx_it.o
 .debug_loc     0x00000177       0xf2 build/stm32h7xx_hal_msp.o
 .debug_loc     0x00000269      0x786 build/stm32h7xx_hal_cortex.o
 .debug_loc     0x000009ef      0xab4 build/stm32h7xx_hal_rcc.o
 .debug_loc     0x000014a3     0x1f9b build/stm32h7xx_hal_rcc_ex.o
 .debug_loc     0x0000343e      0x482 build/stm32h7xx_hal_gpio.o
 .debug_loc     0x000038c0      0x137 build/stm32h7xx_hal_hsem.o
 .debug_loc     0x000039f7     0x10aa build/stm32h7xx_hal_dma.o
 .debug_loc     0x00004aa1      0x862 build/stm32h7xx_hal_pwr_ex.o
 .debug_loc     0x00005303      0x6ae build/stm32h7xx_hal.o
 .debug_loc     0x000059b1     0x6278 build/stm32h7xx_hal_tim.o
 .debug_loc     0x0000bc29     0x2a63 build/stm32h7xx_hal_tim_ex.o
 .debug_loc     0x0000e68c     0x6376 build/stm32h7xx_hal_uart.o
 .debug_loc     0x00014a02      0xd7d build/stm32h7xx_hal_uart_ex.o
 .debug_loc     0x0001577f      0x22d build/system_stm32h7xx_dualcore_boot_cm4_cm7.o
 .debug_loc     0x000159ac       0xfa build/stm32h7xx_hal_timebase_tim.o
 .debug_loc     0x00015aa6       0xe5 build/list.o
 .debug_loc     0x00015b8b     0x1fa3 build/queue.o
 .debug_loc     0x00017b2e     0x2c5f build/tasks.o
 .debug_loc     0x0001a78d     0x156d build/timers.o
 .debug_loc     0x0001bcfa     0x5c40 build/cmsis_os2.o
 .debug_loc     0x0002193a      0x4e4 build/heap_4.o
 .debug_loc     0x00021e1e      0x1c0 build/port.o

.debug_aranges  0x00000000     0x18c0
 .debug_aranges
                0x00000000       0x50 build/main.o
 .debug_aranges
                0x00000050       0x50 build/stm32h7xx_it.o
 .debug_aranges
                0x000000a0       0x30 build/stm32h7xx_hal_msp.o
 .debug_aranges
                0x000000d0       0xb0 build/stm32h7xx_hal_cortex.o
 .debug_aranges
                0x00000180       0x88 build/stm32h7xx_hal_rcc.o
 .debug_aranges
                0x00000208      0x100 build/stm32h7xx_hal_rcc_ex.o
 .debug_aranges
                0x00000308       0x58 build/stm32h7xx_hal_gpio.o
 .debug_aranges
                0x00000360       0x70 build/stm32h7xx_hal_hsem.o
 .debug_aranges
                0x000003d0       0xa0 build/stm32h7xx_hal_dma.o
 .debug_aranges
                0x00000470      0x170 build/stm32h7xx_hal_pwr_ex.o
 .debug_aranges
                0x000005e0      0x200 build/stm32h7xx_hal.o
 .debug_aranges
                0x000007e0      0x3e0 build/stm32h7xx_hal_tim.o
 .debug_aranges
                0x00000bc0      0x188 build/stm32h7xx_hal_tim_ex.o
 .debug_aranges
                0x00000d48      0x248 build/stm32h7xx_hal_uart.o
 .debug_aranges
                0x00000f90       0xa8 build/stm32h7xx_hal_uart_ex.o
 .debug_aranges
                0x00001038       0x28 build/system_stm32h7xx_dualcore_boot_cm4_cm7.o
 .debug_aranges
                0x00001060       0x30 build/stm32h7xx_hal_timebase_tim.o
 .debug_aranges
                0x00001090       0x40 build/list.o
 .debug_aranges
                0x000010d0      0x158 build/queue.o
 .debug_aranges
                0x00001228      0x208 build/tasks.o
 .debug_aranges
                0x00001430       0xf0 build/timers.o
 .debug_aranges
                0x00001520      0x2a0 build/cmsis_os2.o
 .debug_aranges
                0x000017c0       0x58 build/heap_4.o
 .debug_aranges
                0x00001818       0x80 build/port.o
 .debug_aranges
                0x00001898       0x28 build/startup_stm32h755xx_CM4.o

.debug_ranges   0x00000000     0x1aa8
 .debug_ranges  0x00000000       0x40 build/main.o
 .debug_ranges  0x00000040       0x40 build/stm32h7xx_it.o
 .debug_ranges  0x00000080       0x20 build/stm32h7xx_hal_msp.o
 .debug_ranges  0x000000a0      0x100 build/stm32h7xx_hal_cortex.o
 .debug_ranges  0x000001a0       0xe8 build/stm32h7xx_hal_rcc.o
 .debug_ranges  0x00000288       0xf0 build/stm32h7xx_hal_rcc_ex.o
 .debug_ranges  0x00000378       0x48 build/stm32h7xx_hal_gpio.o
 .debug_ranges  0x000003c0       0x60 build/stm32h7xx_hal_hsem.o
 .debug_ranges  0x00000420       0xa8 build/stm32h7xx_hal_dma.o
 .debug_ranges  0x000004c8      0x1c0 build/stm32h7xx_hal_pwr_ex.o
 .debug_ranges  0x00000688      0x1f0 build/stm32h7xx_hal.o
 .debug_ranges  0x00000878      0x3d0 build/stm32h7xx_hal_tim.o
 .debug_ranges  0x00000c48      0x178 build/stm32h7xx_hal_tim_ex.o
 .debug_ranges  0x00000dc0      0x238 build/stm32h7xx_hal_uart.o
 .debug_ranges  0x00000ff8       0x98 build/stm32h7xx_hal_uart_ex.o
 .debug_ranges  0x00001090       0x18 build/system_stm32h7xx_dualcore_boot_cm4_cm7.o
 .debug_ranges  0x000010a8       0x20 build/stm32h7xx_hal_timebase_tim.o
 .debug_ranges  0x000010c8       0x30 build/list.o
 .debug_ranges  0x000010f8      0x200 build/queue.o
 .debug_ranges  0x000012f8      0x338 build/tasks.o
 .debug_ranges  0x00001630       0xe0 build/timers.o
 .debug_ranges  0x00001710      0x2a8 build/cmsis_os2.o
 .debug_ranges  0x000019b8       0x48 build/heap_4.o
 .debug_ranges  0x00001a00       0x88 build/port.o
 .debug_ranges  0x00001a88       0x20 build/startup_stm32h755xx_CM4.o

.debug_line     0x00000000    0x20e94
 .debug_line    0x00000000      0x4c3 build/main.o
 .debug_line    0x000004c3      0x2a7 build/stm32h7xx_it.o
 .debug_line    0x0000076a      0x38d build/stm32h7xx_hal_msp.o
 .debug_line    0x00000af7      0x7c4 build/stm32h7xx_hal_cortex.o
 .debug_line    0x000012bb     0x12dd build/stm32h7xx_hal_rcc.o
 .debug_line    0x00002598     0x1feb build/stm32h7xx_hal_rcc_ex.o
 .debug_line    0x00004583      0x6dd build/stm32h7xx_hal_gpio.o
 .debug_line    0x00004c60      0x334 build/stm32h7xx_hal_hsem.o
 .debug_line    0x00004f94     0x245d build/stm32h7xx_hal_dma.o
 .debug_line    0x000073f1      0xc4a build/stm32h7xx_hal_pwr_ex.o
 .debug_line    0x0000803b      0xa7d build/stm32h7xx_hal.o
 .debug_line    0x00008ab8     0x508b build/stm32h7xx_hal_tim.o
 .debug_line    0x0000db43     0x1f4b build/stm32h7xx_hal_tim_ex.o
 .debug_line    0x0000fa8e     0x66df build/stm32h7xx_hal_uart.o
 .debug_line    0x0001616d      0xc98 build/stm32h7xx_hal_uart_ex.o
 .debug_line    0x00016e05      0x3d2 build/system_stm32h7xx_dualcore_boot_cm4_cm7.o
 .debug_line    0x000171d7      0x300 build/stm32h7xx_hal_timebase_tim.o
 .debug_line    0x000174d7      0x37f build/list.o
 .debug_line    0x00017856     0x2065 build/queue.o
 .debug_line    0x000198bb     0x2dc9 build/tasks.o
 .debug_line    0x0001c684      0xf42 build/timers.o
 .debug_line    0x0001d5c6     0x29be build/cmsis_os2.o
 .debug_line    0x0001ff84      0x762 build/heap_4.o
 .debug_line    0x000206e6      0x734 build/port.o
 .debug_line    0x00020e1a       0x7a build/startup_stm32h755xx_CM4.o

.debug_str      0x00000000     0x9509
 .debug_str     0x00000000     0x135b build/main.o
                               0x148b (size before relaxing)
 .debug_str     0x0000135b       0xb0 build/stm32h7xx_it.o
                                0x890 (size before relaxing)
 .debug_str     0x0000140b      0xc58 build/stm32h7xx_hal_msp.o
                               0x1667 (size before relaxing)
 .debug_str     0x00002063      0x4a9 build/stm32h7xx_hal_cortex.o
                                0xfd4 (size before relaxing)
 .debug_str     0x0000250c      0x590 build/stm32h7xx_hal_rcc.o
                                0xa36 (size before relaxing)
 .debug_str     0x00002a9c      0x6bd build/stm32h7xx_hal_rcc_ex.o
                                0xf95 (size before relaxing)
 .debug_str     0x00003159      0x158 build/stm32h7xx_hal_gpio.o
                                0x723 (size before relaxing)
 .debug_str     0x000032b1      0x146 build/stm32h7xx_hal_hsem.o
                                0x390 (size before relaxing)
 .debug_str     0x000033f7      0x436 build/stm32h7xx_hal_dma.o
                                0x9d6 (size before relaxing)
 .debug_str     0x0000382d      0x57e build/stm32h7xx_hal_pwr_ex.o
                                0xa5d (size before relaxing)
 .debug_str     0x00003dab      0x759 build/stm32h7xx_hal.o
                               0x16f1 (size before relaxing)
 .debug_str     0x00004504      0xf07 build/stm32h7xx_hal_tim.o
                               0x182c (size before relaxing)
 .debug_str     0x0000540b      0x6a9 build/stm32h7xx_hal_tim_ex.o
                               0x1149 (size before relaxing)
 .debug_str     0x00005ab4      0x8a3 build/stm32h7xx_hal_uart.o
                               0x14bc (size before relaxing)
 .debug_str     0x00006357      0x246 build/stm32h7xx_hal_uart_ex.o
                                0xba5 (size before relaxing)
 .debug_str     0x0000659d       0x5b build/system_stm32h7xx_dualcore_boot_cm4_cm7.o
                                0x510 (size before relaxing)
 .debug_str     0x000065f8       0x66 build/stm32h7xx_hal_timebase_tim.o
                               0x145e (size before relaxing)
 .debug_str     0x0000665e      0x153 build/list.o
                                0x309 (size before relaxing)
 .debug_str     0x000067b1      0xa30 build/queue.o
                                0xd1f (size before relaxing)
 .debug_str     0x000071e1      0xc9b build/tasks.o
                               0x12ee (size before relaxing)
 .debug_str     0x00007e7c      0x5de build/timers.o
                                0xc4f (size before relaxing)
 .debug_str     0x0000845a      0xc3f build/cmsis_os2.o
                               0x24e7 (size before relaxing)
 .debug_str     0x00009099      0x2c5 build/heap_4.o
                                0x517 (size before relaxing)
 .debug_str     0x0000935e      0x183 build/port.o
                                0x487 (size before relaxing)
 .debug_str     0x000094e1       0x28 build/startup_stm32h755xx_CM4.o
                                 0x6f (size before relaxing)

.comment        0x00000000       0x49
 .comment       0x00000000       0x49 build/main.o
                                 0x4a (size before relaxing)
 .comment       0x00000049       0x4a build/stm32h7xx_it.o
 .comment       0x00000049       0x4a build/stm32h7xx_hal_msp.o
 .comment       0x00000049       0x4a build/stm32h7xx_hal_cortex.o
 .comment       0x00000049       0x4a build/stm32h7xx_hal_rcc.o
 .comment       0x00000049       0x4a build/stm32h7xx_hal_rcc_ex.o
 .comment       0x00000049       0x4a build/stm32h7xx_hal_gpio.o
 .comment       0x00000049       0x4a build/stm32h7xx_hal_hsem.o
 .comment       0x00000049       0x4a build/stm32h7xx_hal_dma.o
 .comment       0x00000049       0x4a build/stm32h7xx_hal_pwr_ex.o
 .comment       0x00000049       0x4a build/stm32h7xx_hal.o
 .comment       0x00000049       0x4a build/stm32h7xx_hal_tim.o
 .comment       0x00000049       0x4a build/stm32h7xx_hal_tim_ex.o
 .comment       0x00000049       0x4a build/stm32h7xx_hal_uart.o
 .comment       0x00000049       0x4a build/stm32h7xx_hal_uart_ex.o
 .comment       0x00000049       0x4a build/system_stm32h7xx_dualcore_boot_cm4_cm7.o
 .comment       0x00000049       0x4a build/stm32h7xx_hal_timebase_tim.o
 .comment       0x00000049       0x4a build/list.o
 .comment       0x00000049       0x4a build/queue.o
 .comment       0x00000049       0x4a build/tasks.o
 .comment       0x00000049       0x4a build/timers.o
 .comment       0x00000049       0x4a build/cmsis_os2.o
 .comment       0x00000049       0x4a build/heap_4.o
 .comment       0x00000049       0x4a build/port.o

.debug_frame    0x00000000     0x44d4
 .debug_frame   0x00000000       0xb8 build/main.o
 .debug_frame   0x000000b8       0x88 build/stm32h7xx_it.o
 .debug_frame   0x00000140       0x68 build/stm32h7xx_hal_msp.o
 .debug_frame   0x000001a8      0x158 build/stm32h7xx_hal_cortex.o
 .debug_frame   0x00000300      0x18c build/stm32h7xx_hal_rcc.o
 .debug_frame   0x0000048c      0x27c build/stm32h7xx_hal_rcc_ex.o
 .debug_frame   0x00000708       0xd4 build/stm32h7xx_hal_gpio.o
 .debug_frame   0x000007dc       0xc8 build/stm32h7xx_hal_hsem.o
 .debug_frame   0x000008a4      0x1fc build/stm32h7xx_hal_dma.o
 .debug_frame   0x00000aa0      0x324 build/stm32h7xx_hal_pwr_ex.o
 .debug_frame   0x00000dc4      0x440 build/stm32h7xx_hal.o
 .debug_frame   0x00001204      0xb6c build/stm32h7xx_hal_tim.o
 .debug_frame   0x00001d70      0x480 build/stm32h7xx_hal_tim_ex.o
 .debug_frame   0x000021f0      0x680 build/stm32h7xx_hal_uart.o
 .debug_frame   0x00002870      0x1c8 build/stm32h7xx_hal_uart_ex.o
 .debug_frame   0x00002a38       0x3c build/system_stm32h7xx_dualcore_boot_cm4_cm7.o
 .debug_frame   0x00002a74       0x50 build/stm32h7xx_hal_timebase_tim.o
 .debug_frame   0x00002ac4       0x70 build/list.o
 .debug_frame   0x00002b34      0x458 build/queue.o
 .debug_frame   0x00002f8c      0x688 build/tasks.o
 .debug_frame   0x00003614      0x30c build/timers.o
 .debug_frame   0x00003920      0x900 build/cmsis_os2.o
 .debug_frame   0x00004220       0xd0 build/heap_4.o
 .debug_frame   0x000042f0      0x110 build/port.o
 .debug_frame   0x00004400       0x2c c:/program files (x86)/gnu arm embedded toolchain/10 2021.10/bin/../lib/gcc/arm-none-eabi/10.3.1/../../../../arm-none-eabi/lib/thumb/v7e-m+fp/hard\libc_nano.a(lib_a-init.o)
 .debug_frame   0x0000442c       0x28 c:/program files (x86)/gnu arm embedded toolchain/10 2021.10/bin/../lib/gcc/arm-none-eabi/10.3.1/../../../../arm-none-eabi/lib/thumb/v7e-m+fp/hard\libc_nano.a(lib_a-memcpy-stub.o)
 .debug_frame   0x00004454       0x20 c:/program files (x86)/gnu arm embedded toolchain/10 2021.10/bin/../lib/gcc/arm-none-eabi/10.3.1/../../../../arm-none-eabi/lib/thumb/v7e-m+fp/hard\libc_nano.a(lib_a-memset.o)
 .debug_frame   0x00004474       0x2c c:/program files (x86)/gnu arm embedded toolchain/10 2021.10/bin/../lib/gcc/arm-none-eabi/10.3.1/thumb/v7e-m+fp/hard\libgcc.a(_aeabi_uldivmod.o)
 .debug_frame   0x000044a0       0x34 c:/program files (x86)/gnu arm embedded toolchain/10 2021.10/bin/../lib/gcc/arm-none-eabi/10.3.1/thumb/v7e-m+fp/hard\libgcc.a(_udivmoddi4.o)

Cross Reference Table

Symbol                                            File
ADC3_IRQHandler                                   build/startup_stm32h755xx_CM4.o
ADC_IRQHandler                                    build/startup_stm32h755xx_CM4.o
BDMA_Channel0_IRQHandler                          build/startup_stm32h755xx_CM4.o
BDMA_Channel1_IRQHandler                          build/startup_stm32h755xx_CM4.o
BDMA_Channel2_IRQHandler                          build/startup_stm32h755xx_CM4.o
BDMA_Channel3_IRQHandler                          build/startup_stm32h755xx_CM4.o
BDMA_Channel4_IRQHandler                          build/startup_stm32h755xx_CM4.o
BDMA_Channel5_IRQHandler                          build/startup_stm32h755xx_CM4.o
BDMA_Channel6_IRQHandler                          build/startup_stm32h755xx_CM4.o
BDMA_Channel7_IRQHandler                          build/startup_stm32h755xx_CM4.o
BusFault_Handler                                  build/stm32h7xx_it.o
CEC_IRQHandler                                    build/startup_stm32h755xx_CM4.o
CM4StatusLEDHandle                                build/main.o
CM4StatusLEDTask                                  build/main.o
CM4StatusLED_attributes                           build/main.o
CM4_SEV_IRQHandler                                build/startup_stm32h755xx_CM4.o
CM7_SEV_IRQHandler                                build/startup_stm32h755xx_CM4.o
COMP1_IRQHandler                                  build/startup_stm32h755xx_CM4.o
CRS_IRQHandler                                    build/startup_stm32h755xx_CM4.o
CRYP_IRQHandler                                   build/startup_stm32h755xx_CM4.o
D1CorePrescTable                                  build/system_stm32h7xx_dualcore_boot_cm4_cm7.o
                                                  build/stm32h7xx_hal.o
                                                  build/stm32h7xx_hal_rcc_ex.o
                                                  build/stm32h7xx_hal_rcc.o
DCMI_IRQHandler                                   build/startup_stm32h755xx_CM4.o
DFSDM1_FLT0_IRQHandler                            build/startup_stm32h755xx_CM4.o
DFSDM1_FLT1_IRQHandler                            build/startup_stm32h755xx_CM4.o
DFSDM1_FLT2_IRQHandler                            build/startup_stm32h755xx_CM4.o
DFSDM1_FLT3_IRQHandler                            build/startup_stm32h755xx_CM4.o
DMA1_Stream0_IRQHandler                           build/startup_stm32h755xx_CM4.o
DMA1_Stream1_IRQHandler                           build/startup_stm32h755xx_CM4.o
DMA1_Stream2_IRQHandler                           build/startup_stm32h755xx_CM4.o
DMA1_Stream3_IRQHandler                           build/startup_stm32h755xx_CM4.o
DMA1_Stream4_IRQHandler                           build/startup_stm32h755xx_CM4.o
DMA1_Stream5_IRQHandler                           build/startup_stm32h755xx_CM4.o
DMA1_Stream6_IRQHandler                           build/startup_stm32h755xx_CM4.o
DMA1_Stream7_IRQHandler                           build/startup_stm32h755xx_CM4.o
DMA2D_IRQHandler                                  build/startup_stm32h755xx_CM4.o
DMA2_Stream0_IRQHandler                           build/startup_stm32h755xx_CM4.o
DMA2_Stream1_IRQHandler                           build/startup_stm32h755xx_CM4.o
DMA2_Stream2_IRQHandler                           build/startup_stm32h755xx_CM4.o
DMA2_Stream3_IRQHandler                           build/startup_stm32h755xx_CM4.o
DMA2_Stream4_IRQHandler                           build/startup_stm32h755xx_CM4.o
DMA2_Stream5_IRQHandler                           build/startup_stm32h755xx_CM4.o
DMA2_Stream6_IRQHandler                           build/startup_stm32h755xx_CM4.o
DMA2_Stream7_IRQHandler                           build/startup_stm32h755xx_CM4.o
DMAMUX1_OVR_IRQHandler                            build/startup_stm32h755xx_CM4.o
DMAMUX2_OVR_IRQHandler                            build/startup_stm32h755xx_CM4.o
DebugMon_Handler                                  build/stm32h7xx_it.o
Default_Handler                                   build/startup_stm32h755xx_CM4.o
ECC_IRQHandler                                    build/startup_stm32h755xx_CM4.o
ETH_IRQHandler                                    build/startup_stm32h755xx_CM4.o
ETH_WKUP_IRQHandler                               build/startup_stm32h755xx_CM4.o
EXTI0_IRQHandler                                  build/startup_stm32h755xx_CM4.o
EXTI15_10_IRQHandler                              build/startup_stm32h755xx_CM4.o
EXTI1_IRQHandler                                  build/startup_stm32h755xx_CM4.o
EXTI2_IRQHandler                                  build/startup_stm32h755xx_CM4.o
EXTI3_IRQHandler                                  build/startup_stm32h755xx_CM4.o
EXTI4_IRQHandler                                  build/startup_stm32h755xx_CM4.o
EXTI9_5_IRQHandler                                build/startup_stm32h755xx_CM4.o
Error_Handler                                     build/main.o
                                                  build/stm32h7xx_hal_msp.o
FDCAN1_IT0_IRQHandler                             build/startup_stm32h755xx_CM4.o
FDCAN1_IT1_IRQHandler                             build/startup_stm32h755xx_CM4.o
FDCAN2_IT0_IRQHandler                             build/startup_stm32h755xx_CM4.o
FDCAN2_IT1_IRQHandler                             build/startup_stm32h755xx_CM4.o
FDCAN_CAL_IRQHandler                              build/startup_stm32h755xx_CM4.o
FLASH_CRC_WaitForLastOperation                    build/stm32h7xx_hal_flash.o
                                                  build/stm32h7xx_hal_flash_ex.o
FLASH_Erase_Sector                                build/stm32h7xx_hal_flash_ex.o
                                                  build/stm32h7xx_hal_flash.o
FLASH_IRQHandler                                  build/startup_stm32h755xx_CM4.o
FLASH_OB_WaitForLastOperation                     build/stm32h7xx_hal_flash.o
                                                  build/stm32h7xx_hal_flash_ex.o
FLASH_WaitForLastOperation                        build/stm32h7xx_hal_flash.o
                                                  build/stm32h7xx_hal_flash_ex.o
FMC_IRQHandler                                    build/startup_stm32h755xx_CM4.o
FPU_IRQHandler                                    build/startup_stm32h755xx_CM4.o
HAL_DBGMCU_DisableDBGSleepMode                    build/stm32h7xx_hal.o
HAL_DBGMCU_DisableDBGStandbyMode                  build/stm32h7xx_hal.o
HAL_DBGMCU_DisableDBGStopMode                     build/stm32h7xx_hal.o
HAL_DBGMCU_EnableDBGSleepMode                     build/stm32h7xx_hal.o
HAL_DBGMCU_EnableDBGStandbyMode                   build/stm32h7xx_hal.o
HAL_DBGMCU_EnableDBGStopMode                      build/stm32h7xx_hal.o
HAL_DMAEx_ChangeMemory                            build/stm32h7xx_hal_dma_ex.o
HAL_DMAEx_ConfigMuxRequestGenerator               build/stm32h7xx_hal_dma_ex.o
HAL_DMAEx_ConfigMuxSync                           build/stm32h7xx_hal_dma_ex.o
HAL_DMAEx_DisableMuxRequestGenerator              build/stm32h7xx_hal_dma_ex.o
HAL_DMAEx_EnableMuxRequestGenerator               build/stm32h7xx_hal_dma_ex.o
HAL_DMAEx_MUX_IRQHandler                          build/stm32h7xx_hal_dma_ex.o
HAL_DMAEx_MultiBufferStart                        build/stm32h7xx_hal_dma_ex.o
HAL_DMAEx_MultiBufferStart_IT                     build/stm32h7xx_hal_dma_ex.o
HAL_DMA_Abort                                     build/stm32h7xx_hal_dma.o
                                                  build/stm32h7xx_hal_uart.o
HAL_DMA_Abort_IT                                  build/stm32h7xx_hal_dma.o
                                                  build/stm32h7xx_hal_uart.o
                                                  build/stm32h7xx_hal_tim_ex.o
                                                  build/stm32h7xx_hal_tim.o
                                                  build/stm32h7xx_hal_i2c.o
HAL_DMA_DeInit                                    build/stm32h7xx_hal_dma.o
                                                  build/stm32h7xx_hal_msp.o
HAL_DMA_GetError                                  build/stm32h7xx_hal_dma.o
                                                  build/stm32h7xx_hal_uart.o
                                                  build/stm32h7xx_hal_i2c.o
HAL_DMA_GetState                                  build/stm32h7xx_hal_dma.o
                                                  build/stm32h7xx_hal_i2c.o
HAL_DMA_IRQHandler                                build/stm32h7xx_hal_dma.o
HAL_DMA_Init                                      build/stm32h7xx_hal_dma.o
                                                  build/stm32h7xx_hal_msp.o
HAL_DMA_PollForTransfer                           build/stm32h7xx_hal_dma.o
HAL_DMA_RegisterCallback                          build/stm32h7xx_hal_dma.o
HAL_DMA_Start                                     build/stm32h7xx_hal_dma.o
HAL_DMA_Start_IT                                  build/stm32h7xx_hal_dma.o
                                                  build/stm32h7xx_hal_uart.o
                                                  build/stm32h7xx_hal_tim_ex.o
                                                  build/stm32h7xx_hal_tim.o
                                                  build/stm32h7xx_hal_i2c.o
HAL_DMA_UnRegisterCallback                        build/stm32h7xx_hal_dma.o
HAL_DeInit                                        build/stm32h7xx_hal.o
HAL_Delay                                         build/stm32h7xx_hal.o
HAL_DisableCompensationCell                       build/stm32h7xx_hal.o
HAL_DisableDomain2DBGSleepMode                    build/stm32h7xx_hal.o
HAL_DisableDomain2DBGStandbyMode                  build/stm32h7xx_hal.o
HAL_DisableDomain2DBGStopMode                     build/stm32h7xx_hal.o
HAL_EXTI_ClearConfigLine                          build/stm32h7xx_hal_exti.o
HAL_EXTI_ClearPending                             build/stm32h7xx_hal_exti.o
HAL_EXTI_D1_ClearFlag                             build/stm32h7xx_hal.o
HAL_EXTI_D1_EventInputConfig                      build/stm32h7xx_hal.o
HAL_EXTI_D2_ClearFlag                             build/stm32h7xx_hal.o
HAL_EXTI_D2_EventInputConfig                      build/stm32h7xx_hal.o
HAL_EXTI_D3_EventInputConfig                      build/stm32h7xx_hal.o
HAL_EXTI_EdgeConfig                               build/stm32h7xx_hal.o
HAL_EXTI_GenerateSWI                              build/stm32h7xx_hal_exti.o
HAL_EXTI_GenerateSWInterrupt                      build/stm32h7xx_hal.o
HAL_EXTI_GetConfigLine                            build/stm32h7xx_hal_exti.o
HAL_EXTI_GetHandle                                build/stm32h7xx_hal_exti.o
HAL_EXTI_GetPending                               build/stm32h7xx_hal_exti.o
HAL_EXTI_IRQHandler                               build/stm32h7xx_hal_exti.o
HAL_EXTI_RegisterCallback                         build/stm32h7xx_hal_exti.o
HAL_EXTI_SetConfigLine                            build/stm32h7xx_hal_exti.o
HAL_EnableCompensationCell                        build/stm32h7xx_hal.o
HAL_EnableDomain2DBGSleepMode                     build/stm32h7xx_hal.o
HAL_EnableDomain2DBGStandbyMode                   build/stm32h7xx_hal.o
HAL_EnableDomain2DBGStopMode                      build/stm32h7xx_hal.o
HAL_FLASHEx_ComputeCRC                            build/stm32h7xx_hal_flash_ex.o
HAL_FLASHEx_Erase                                 build/stm32h7xx_hal_flash_ex.o
HAL_FLASHEx_Erase_IT                              build/stm32h7xx_hal_flash_ex.o
HAL_FLASHEx_Lock_Bank1                            build/stm32h7xx_hal_flash_ex.o
HAL_FLASHEx_Lock_Bank2                            build/stm32h7xx_hal_flash_ex.o
HAL_FLASHEx_OBGetConfig                           build/stm32h7xx_hal_flash_ex.o
HAL_FLASHEx_OBProgram                             build/stm32h7xx_hal_flash_ex.o
HAL_FLASHEx_Unlock_Bank1                          build/stm32h7xx_hal_flash_ex.o
HAL_FLASHEx_Unlock_Bank2                          build/stm32h7xx_hal_flash_ex.o
HAL_FLASH_EndOfOperationCallback                  build/stm32h7xx_hal_flash.o
HAL_FLASH_GetError                                build/stm32h7xx_hal_flash.o
HAL_FLASH_IRQHandler                              build/stm32h7xx_hal_flash.o
HAL_FLASH_Lock                                    build/stm32h7xx_hal_flash.o
HAL_FLASH_OB_Launch                               build/stm32h7xx_hal_flash.o
HAL_FLASH_OB_Lock                                 build/stm32h7xx_hal_flash.o
HAL_FLASH_OB_Unlock                               build/stm32h7xx_hal_flash.o
HAL_FLASH_OperationErrorCallback                  build/stm32h7xx_hal_flash.o
HAL_FLASH_Program                                 build/stm32h7xx_hal_flash.o
HAL_FLASH_Program_IT                              build/stm32h7xx_hal_flash.o
HAL_FLASH_Unlock                                  build/stm32h7xx_hal_flash.o
HAL_GPIO_DeInit                                   build/stm32h7xx_hal_gpio.o
HAL_GPIO_EXTI_Callback                            build/stm32h7xx_hal_gpio.o
HAL_GPIO_EXTI_IRQHandler                          build/stm32h7xx_hal_gpio.o
HAL_GPIO_Init                                     build/stm32h7xx_hal_gpio.o
                                                  build/stm32h7xx_hal_rcc.o
                                                  build/main.o
HAL_GPIO_LockPin                                  build/stm32h7xx_hal_gpio.o
HAL_GPIO_ReadPin                                  build/stm32h7xx_hal_gpio.o
HAL_GPIO_TogglePin                                build/stm32h7xx_hal_gpio.o
                                                  build/main.o
HAL_GPIO_WritePin                                 build/stm32h7xx_hal_gpio.o
                                                  build/main.o
HAL_GetCurrentCPUID                               build/stm32h7xx_hal_cortex.o
                                                  build/stm32h7xx_hal_exti.o
                                                  build/stm32h7xx_hal_pwr_ex.o
                                                  build/stm32h7xx_hal_pwr.o
HAL_GetDEVID                                      build/stm32h7xx_hal.o
HAL_GetFMCMemorySwappingConfig                    build/stm32h7xx_hal.o
HAL_GetHalVersion                                 build/stm32h7xx_hal.o
HAL_GetREVID                                      build/stm32h7xx_hal.o
                                                  build/stm32h7xx_hal_rcc_ex.o
                                                  build/stm32h7xx_hal_rcc.o
HAL_GetTick                                       build/stm32h7xx_hal.o
                                                  build/stm32h7xx_hal_uart_ex.o
                                                  build/stm32h7xx_hal_uart.o
                                                  build/stm32h7xx_hal_i2c.o
                                                  build/stm32h7xx_hal_pwr_ex.o
                                                  build/stm32h7xx_hal_mdma.o
                                                  build/stm32h7xx_hal_dma.o
                                                  build/stm32h7xx_hal_flash.o
                                                  build/stm32h7xx_hal_rcc_ex.o
                                                  build/stm32h7xx_hal_rcc.o
HAL_GetTickFreq                                   build/stm32h7xx_hal.o
HAL_GetTickPrio                                   build/stm32h7xx_hal.o
HAL_GetUIDw0                                      build/stm32h7xx_hal.o
HAL_GetUIDw1                                      build/stm32h7xx_hal.o
HAL_GetUIDw2                                      build/stm32h7xx_hal.o
HAL_HSEM_ActivateNotification                     build/stm32h7xx_hal_hsem.o
                                                  build/main.o
HAL_HSEM_DeactivateNotification                   build/stm32h7xx_hal_hsem.o
HAL_HSEM_FastTake                                 build/stm32h7xx_hal_hsem.o
HAL_HSEM_FreeCallback                             build/stm32h7xx_hal_hsem.o
HAL_HSEM_GetClearKey                              build/stm32h7xx_hal_hsem.o
HAL_HSEM_IRQHandler                               build/stm32h7xx_hal_hsem.o
HAL_HSEM_IsSemTaken                               build/stm32h7xx_hal_hsem.o
HAL_HSEM_Release                                  build/stm32h7xx_hal_hsem.o
HAL_HSEM_ReleaseAll                               build/stm32h7xx_hal_hsem.o
HAL_HSEM_SetClearKey                              build/stm32h7xx_hal_hsem.o
HAL_HSEM_Take                                     build/stm32h7xx_hal_hsem.o
HAL_HalfDuplex_EnableReceiver                     build/stm32h7xx_hal_uart.o
HAL_HalfDuplex_EnableTransmitter                  build/stm32h7xx_hal_uart.o
HAL_HalfDuplex_Init                               build/stm32h7xx_hal_uart.o
HAL_I2CEx_ConfigAnalogFilter                      build/stm32h7xx_hal_i2c_ex.o
HAL_I2CEx_ConfigDigitalFilter                     build/stm32h7xx_hal_i2c_ex.o
HAL_I2CEx_DisableFastModePlus                     build/stm32h7xx_hal_i2c_ex.o
HAL_I2CEx_DisableWakeUp                           build/stm32h7xx_hal_i2c_ex.o
HAL_I2CEx_EnableFastModePlus                      build/stm32h7xx_hal_i2c_ex.o
HAL_I2CEx_EnableWakeUp                            build/stm32h7xx_hal_i2c_ex.o
HAL_I2C_AbortCpltCallback                         build/stm32h7xx_hal_i2c.o
HAL_I2C_AddrCallback                              build/stm32h7xx_hal_i2c.o
HAL_I2C_DeInit                                    build/stm32h7xx_hal_i2c.o
HAL_I2C_DisableListen_IT                          build/stm32h7xx_hal_i2c.o
HAL_I2C_ER_IRQHandler                             build/stm32h7xx_hal_i2c.o
HAL_I2C_EV_IRQHandler                             build/stm32h7xx_hal_i2c.o
HAL_I2C_EnableListen_IT                           build/stm32h7xx_hal_i2c.o
HAL_I2C_ErrorCallback                             build/stm32h7xx_hal_i2c.o
HAL_I2C_GetError                                  build/stm32h7xx_hal_i2c.o
HAL_I2C_GetMode                                   build/stm32h7xx_hal_i2c.o
HAL_I2C_GetState                                  build/stm32h7xx_hal_i2c.o
HAL_I2C_Init                                      build/stm32h7xx_hal_i2c.o
HAL_I2C_IsDeviceReady                             build/stm32h7xx_hal_i2c.o
HAL_I2C_ListenCpltCallback                        build/stm32h7xx_hal_i2c.o
HAL_I2C_MasterRxCpltCallback                      build/stm32h7xx_hal_i2c.o
HAL_I2C_MasterTxCpltCallback                      build/stm32h7xx_hal_i2c.o
HAL_I2C_Master_Abort_IT                           build/stm32h7xx_hal_i2c.o
HAL_I2C_Master_Receive                            build/stm32h7xx_hal_i2c.o
HAL_I2C_Master_Receive_DMA                        build/stm32h7xx_hal_i2c.o
HAL_I2C_Master_Receive_IT                         build/stm32h7xx_hal_i2c.o
HAL_I2C_Master_Seq_Receive_DMA                    build/stm32h7xx_hal_i2c.o
HAL_I2C_Master_Seq_Receive_IT                     build/stm32h7xx_hal_i2c.o
HAL_I2C_Master_Seq_Transmit_DMA                   build/stm32h7xx_hal_i2c.o
HAL_I2C_Master_Seq_Transmit_IT                    build/stm32h7xx_hal_i2c.o
HAL_I2C_Master_Transmit                           build/stm32h7xx_hal_i2c.o
HAL_I2C_Master_Transmit_DMA                       build/stm32h7xx_hal_i2c.o
HAL_I2C_Master_Transmit_IT                        build/stm32h7xx_hal_i2c.o
HAL_I2C_MemRxCpltCallback                         build/stm32h7xx_hal_i2c.o
HAL_I2C_MemTxCpltCallback                         build/stm32h7xx_hal_i2c.o
HAL_I2C_Mem_Read                                  build/stm32h7xx_hal_i2c.o
HAL_I2C_Mem_Read_DMA                              build/stm32h7xx_hal_i2c.o
HAL_I2C_Mem_Read_IT                               build/stm32h7xx_hal_i2c.o
HAL_I2C_Mem_Write                                 build/stm32h7xx_hal_i2c.o
HAL_I2C_Mem_Write_DMA                             build/stm32h7xx_hal_i2c.o
HAL_I2C_Mem_Write_IT                              build/stm32h7xx_hal_i2c.o
HAL_I2C_MspDeInit                                 build/stm32h7xx_hal_i2c.o
HAL_I2C_MspInit                                   build/stm32h7xx_hal_i2c.o
HAL_I2C_SlaveRxCpltCallback                       build/stm32h7xx_hal_i2c.o
HAL_I2C_SlaveTxCpltCallback                       build/stm32h7xx_hal_i2c.o
HAL_I2C_Slave_Receive                             build/stm32h7xx_hal_i2c.o
HAL_I2C_Slave_Receive_DMA                         build/stm32h7xx_hal_i2c.o
HAL_I2C_Slave_Receive_IT                          build/stm32h7xx_hal_i2c.o
HAL_I2C_Slave_Seq_Receive_DMA                     build/stm32h7xx_hal_i2c.o
HAL_I2C_Slave_Seq_Receive_IT                      build/stm32h7xx_hal_i2c.o
HAL_I2C_Slave_Seq_Transmit_DMA                    build/stm32h7xx_hal_i2c.o
HAL_I2C_Slave_Seq_Transmit_IT                     build/stm32h7xx_hal_i2c.o
HAL_I2C_Slave_Transmit                            build/stm32h7xx_hal_i2c.o
HAL_I2C_Slave_Transmit_DMA                        build/stm32h7xx_hal_i2c.o
HAL_I2C_Slave_Transmit_IT                         build/stm32h7xx_hal_i2c.o
HAL_IncTick                                       build/stm32h7xx_hal.o
                                                  build/main.o
HAL_Init                                          build/stm32h7xx_hal.o
                                                  build/main.o
HAL_InitTick                                      build/stm32h7xx_hal_timebase_tim.o
                                                  build/stm32h7xx_hal.o
                                                  build/stm32h7xx_hal_rcc.o
HAL_LIN_Init                                      build/stm32h7xx_hal_uart.o
HAL_LIN_SendBreak                                 build/stm32h7xx_hal_uart.o
HAL_MDMA_Abort                                    build/stm32h7xx_hal_mdma.o
HAL_MDMA_Abort_IT                                 build/stm32h7xx_hal_mdma.o
HAL_MDMA_ConfigPostRequestMask                    build/stm32h7xx_hal_mdma.o
HAL_MDMA_DeInit                                   build/stm32h7xx_hal_mdma.o
HAL_MDMA_GenerateSWRequest                        build/stm32h7xx_hal_mdma.o
HAL_MDMA_GetError                                 build/stm32h7xx_hal_mdma.o
HAL_MDMA_GetState                                 build/stm32h7xx_hal_mdma.o
HAL_MDMA_IRQHandler                               build/stm32h7xx_hal_mdma.o
HAL_MDMA_Init                                     build/stm32h7xx_hal_mdma.o
HAL_MDMA_LinkedList_AddNode                       build/stm32h7xx_hal_mdma.o
HAL_MDMA_LinkedList_CreateNode                    build/stm32h7xx_hal_mdma.o
HAL_MDMA_LinkedList_DisableCircularMode           build/stm32h7xx_hal_mdma.o
HAL_MDMA_LinkedList_EnableCircularMode            build/stm32h7xx_hal_mdma.o
HAL_MDMA_LinkedList_RemoveNode                    build/stm32h7xx_hal_mdma.o
HAL_MDMA_PollForTransfer                          build/stm32h7xx_hal_mdma.o
HAL_MDMA_RegisterCallback                         build/stm32h7xx_hal_mdma.o
HAL_MDMA_Start                                    build/stm32h7xx_hal_mdma.o
HAL_MDMA_Start_IT                                 build/stm32h7xx_hal_mdma.o
HAL_MDMA_UnRegisterCallback                       build/stm32h7xx_hal_mdma.o
HAL_MPU_ConfigRegion                              build/stm32h7xx_hal_cortex.o
HAL_MPU_Disable                                   build/stm32h7xx_hal_cortex.o
HAL_MPU_Enable                                    build/stm32h7xx_hal_cortex.o
HAL_MspDeInit                                     build/stm32h7xx_hal.o
HAL_MspInit                                       build/stm32h7xx_hal_msp.o
HAL_MultiProcessorEx_AddressLength_Set            build/stm32h7xx_hal_uart_ex.o
HAL_MultiProcessor_DisableMuteMode                build/stm32h7xx_hal_uart.o
HAL_MultiProcessor_EnableMuteMode                 build/stm32h7xx_hal_uart.o
HAL_MultiProcessor_EnterMuteMode                  build/stm32h7xx_hal_uart.o
HAL_MultiProcessor_Init                           build/stm32h7xx_hal_uart.o
HAL_NVIC_ClearPendingIRQ                          build/stm32h7xx_hal_cortex.o
HAL_NVIC_DisableIRQ                               build/stm32h7xx_hal_cortex.o
HAL_NVIC_EnableIRQ                                build/stm32h7xx_hal_cortex.o
                                                  build/stm32h7xx_hal_timebase_tim.o
HAL_NVIC_GetActive                                build/stm32h7xx_hal_cortex.o
HAL_NVIC_GetPendingIRQ                            build/stm32h7xx_hal_cortex.o
HAL_NVIC_GetPriority                              build/stm32h7xx_hal_cortex.o
HAL_NVIC_GetPriorityGrouping                      build/stm32h7xx_hal_cortex.o
HAL_NVIC_SetPendingIRQ                            build/stm32h7xx_hal_cortex.o
HAL_NVIC_SetPriority                              build/stm32h7xx_hal_cortex.o
                                                  build/stm32h7xx_hal_timebase_tim.o
                                                  build/stm32h7xx_hal.o
                                                  build/stm32h7xx_hal_msp.o
HAL_NVIC_SetPriorityGrouping                      build/stm32h7xx_hal_cortex.o
                                                  build/stm32h7xx_hal.o
HAL_NVIC_SystemReset                              build/stm32h7xx_hal_cortex.o
HAL_PWREx_AVDCallback                             build/stm32h7xx_hal_pwr_ex.o
HAL_PWREx_ClearDomainFlags                        build/stm32h7xx_hal_pwr_ex.o
HAL_PWREx_ClearPendingEvent                       build/stm32h7xx_hal_pwr_ex.o
                                                  build/main.o
HAL_PWREx_ClearWakeupFlag                         build/stm32h7xx_hal_pwr_ex.o
HAL_PWREx_ConfigAVD                               build/stm32h7xx_hal_pwr_ex.o
HAL_PWREx_ConfigD3Domain                          build/stm32h7xx_hal_pwr_ex.o
HAL_PWREx_ConfigSupply                            build/stm32h7xx_hal_pwr_ex.o
HAL_PWREx_ControlStopModeVoltageScaling           build/stm32h7xx_hal_pwr_ex.o
HAL_PWREx_ControlVoltageScaling                   build/stm32h7xx_hal_pwr_ex.o
HAL_PWREx_DisableAVD                              build/stm32h7xx_hal_pwr_ex.o